Archive member included because of file (symbol)

contiki-sky.a(rimeaddr.o)     obj_sky/contiki-sky-main.o (rimeaddr_copy)
contiki-sky.a(rime.o)         obj_sky/contiki-sky-main.o (rime_driver)
contiki-sky.a(rimestats.o)    contiki-sky.a(rime.o) (rimestats)
contiki-sky.a(announcement.o)
                              contiki-sky.a(rime.o) (announcement_init)
contiki-sky.a(broadcast-annou)
                              contiki-sky.a(rime.o) (broadcast_announcement_init)
contiki-sky.a(broadcast.o)    contiki-sky.a(broadcast-annou) (broadcast_open)
contiki-sky.a(abc.o)          contiki-sky.a(broadcast.o) (abc_open)
contiki-sky.a(chameleon.o)    contiki-sky.a(rime.o) (chameleon_init)
contiki-sky.a(channel.o)      contiki-sky.a(chameleon.o) (channel_init)
contiki-sky.a(chameleon-bitop)
                              contiki-sky.a(chameleon.o) (chameleon_bitopt)
contiki-sky.a(csma.o)         obj_sky/contiki-sky-main.o (csma_driver)
contiki-sky.a(contikimac.o)   obj_sky/contiki-sky-main.o (contikimac_driver)
contiki-sky.a(phase.o)        contiki-sky.a(contikimac.o) (phase_update)
contiki-sky.a(process.o)      obj_sky/contiki-sky-main.o (process_init)
contiki-sky.a(autostart.o)    obj_sky/contiki-sky-main.o (autostart_start)
contiki-sky.a(compower.o)     contiki-sky.a(contikimac.o) (compower_idle_activity)
contiki-sky.a(serial-line.o)  obj_sky/contiki-sky-main.o (serial_line_input_byte)
contiki-sky.a(memb.o)         contiki-sky.a(csma.o) (memb_init)
contiki-sky.a(timer.o)        obj_sky/contiki-sky-main.o (timer_set)
contiki-sky.a(list.o)         contiki-sky.a(announcement.o) (list_init)
contiki-sky.a(etimer.o)       obj_sky/contiki-sky-main.o (etimer_process)
contiki-sky.a(ctimer.o)       obj_sky/contiki-sky-main.o (ctimer_init)
contiki-sky.a(energest.o)     obj_sky/contiki-sky-main.o (energest_init)
contiki-sky.a(rtimer.o)       obj_sky/contiki-sky-main.o (rtimer_init)
contiki-sky.a(random.o)       obj_sky/contiki-sky-main.o (random_init)
contiki-sky.a(ringbuf.o)      contiki-sky.a(serial-line.o) (ringbuf_init)
contiki-sky.a(packetbuf.o)    contiki-sky.a(contikimac.o) (packetbuf_hdr_remove)
contiki-sky.a(queuebuf.o)     contiki-sky.a(rime.o) (queuebuf_init)
contiki-sky.a(contiki-sky-pla)
                              obj_sky/contiki-sky-main.o (init_platform)
contiki-sky.a(button-sensor.o)
                              contiki-sky.a(contiki-sky-pla) (button_sensor)
contiki-sky.a(ds2411.o)       obj_sky/contiki-sky-main.o (ds2411_init)
contiki-sky.a(xmem.o)         obj_sky/contiki-sky-main.o (xmem_init)
contiki-sky.a(node-id.o)      obj_sky/contiki-sky-main.o (node_id_restore)
contiki-sky.a(sensors.o)      contiki-sky.a(button-sensor.o) (sensors_changed)
contiki-sky.a(cc2420.o)       obj_sky/contiki-sky-main.o (cc2420_set_channel)
contiki-sky.a(cc2420-arch.o)  contiki-sky.a(cc2420.o) (cc2420_arch_init)
contiki-sky.a(uart1.o)        obj_sky/contiki-sky-main.o (uart1_active)
contiki-sky.a(uart1-putchar.o)
                              obj_sky/contiki-sky-main.o (putchar)
contiki-sky.a(msp430.o)       contiki-sky.a(uart1.o) (msp430_add_lpm_req)
contiki-sky.a(clock.o)        contiki-sky.a(timer.o) (clock_time)
contiki-sky.a(leds.o)         obj_sky/contiki-sky-main.o (leds_init)
contiki-sky.a(leds-arch.o)    contiki-sky.a(leds.o) (leds_arch_init)
contiki-sky.a(watchdog.o)     obj_sky/contiki-sky-main.o (watchdog_start)
contiki-sky.a(rtimer-arch.o)  contiki-sky.a(rtimer.o) (rtimer_arch_init)
contiki-sky.a(mac.o)          contiki-sky.a(csma.o) (mac_call_sent_callback)
contiki-sky.a(framer-802154.o)
                              contiki-sky.a(contikimac.o) (framer_802154)
contiki-sky.a(spi.o)          contiki-sky.a(xmem.o) (spi_init)
contiki-sky.a(frame802154.o)  contiki-sky.a(framer-802154.o) (frame802154_hdrlen)
/usr/lib/gcc/msp430/4.5.3/mmpy-16/libgcc.a(_mulsi3.o)
                              contiki-sky.a(csma.o) (__mulsi3)
/usr/lib/gcc/msp430/4.5.3/mmpy-16/libgcc.a(_udivmodhi4.o)
                              contiki-sky.a(phase.o) (__udivmodhi4)
/usr/lib/gcc/msp430/4.5.3/mmpy-16/libgcc.a(_udivmodsi4.o)
                              obj_sky/contiki-sky-main.o (__udivmodsi4)
/usr/lib/gcc/msp430/4.5.3/../../../../msp430/lib/mmpy-16/libc.a(strncmp.o)
                              contiki-sky.a(sensors.o) (strncmp)
/usr/lib/gcc/msp430/4.5.3/../../../../msp430/lib/mmpy-16/libc.a(memcpy.o)
                              contiki-sky.a(broadcast-annou) (memcpy)
/usr/lib/gcc/msp430/4.5.3/../../../../msp430/lib/mmpy-16/libc.a(memset.o)
                              obj_sky/contiki-sky-main.o (memset)
/usr/lib/gcc/msp430/4.5.3/../../../../msp430/lib/mmpy-16/libc.a(printf.o)
                              obj_sky/contiki-sky-main.o (printf)
/usr/lib/gcc/msp430/4.5.3/../../../../msp430/lib/mmpy-16/libc.a(vuprintf.o)
                              /usr/lib/gcc/msp430/4.5.3/../../../../msp430/lib/mmpy-16/libc.a(printf.o) (vuprintf)
/usr/lib/gcc/msp430/4.5.3/../../../../msp430/lib/mmpy-16/libc.a(puts.o)
[...]
Memory Configuration

Name             Origin             Length             Attributes
sfr              0x00000000         0x00000010
peripheral_8bit  0x00000010         0x000000f0
peripheral_16bit 0x00000100         0x00000100
infomem          0x00001000         0x00000100
infob            0x00001000         0x00000080
infoa            0x00001080         0x00000080
ram              0x00001100         0x00002800         xw
rom              0x00004000         0x0000bfe0         xr
vectors          0x0000ffe0         0x00000020
bsl              0x00000000         0x00000000
infoc            0x00000000         0x00000000
infod            0x00000000         0x00000000
far_rom          0x00000000         0x00000000
*default*        0x00000000         0xffffffff

Linker script and memory map

LOAD /usr/lib/gcc/msp430/4.5.3/mmpy-16/crt0ivtbl16.o
LOAD hello-world.co
LOAD obj_sky/contiki-sky-main.o
LOAD contiki-sky.a
LOAD /usr/lib/gcc/msp430/4.5.3/mmpy-16/libgcc.a
LOAD /usr/lib/gcc/msp430/4.5.3/../../../../msp430/lib/mmpy-16/libc.a
LOAD /usr/lib/gcc/msp430/4.5.3/mmpy-16/libgcc.a
LOAD /usr/lib/gcc/msp430/4.5.3/mmpy-16/libcrt0.a
                0x00000000                __IE1 = 0x0
                0x00000002                __IFG1 = 0x2
                0x00000004                __ME1 = 0x4
                0x00000001                __IE2 = 0x1
                0x00000003                __IFG2 = 0x3
                0x00000005                __ME2 = 0x5
                0x00000120                __WDTCTL = 0x120
                0x00000130                __MPY = 0x130
                0x00000132                __MPYS = 0x132
                0x00000134                __MAC = 0x134
                0x00000136                __MACS = 0x136
                0x00000138                __OP2 = 0x138
                0x0000013a                __RESLO = 0x13a
                0x0000013c                __RESHI = 0x13c
                0x0000013e                __SUMEXT = 0x13e
                0x00000020                __P1IN = 0x20
                0x00000021                __P1OUT = 0x21
                0x00000022                __P1DIR = 0x22
                0x00000023                __P1IFG = 0x23
                0x00000024                __P1IES = 0x24
                0x00000025                __P1IE = 0x25
                0x00000026                __P1SEL = 0x26
                0x00000028                __P2IN = 0x28
                0x00000029                __P2OUT = 0x29
                0x0000002a                __P2DIR = 0x2a
                0x0000002b                __P2IFG = 0x2b
                0x0000002c                __P2IES = 0x2c
                0x0000002d                __P2IE = 0x2d
                0x0000002e                __P2SEL = 0x2e
                0x00000018                __P3IN = 0x18
                0x00000019                __P3OUT = 0x19
                0x0000001a                __P3DIR = 0x1a
                0x0000001b                __P3SEL = 0x1b
                0x0000001c                __P4IN = 0x1c
                0x0000001d                __P4OUT = 0x1d
                0x0000001e                __P4DIR = 0x1e
                0x0000001f                __P4SEL = 0x1f
                0x00000030                __P5IN = 0x30
                0x00000031                __P5OUT = 0x31
                0x00000032                __P5DIR = 0x32
                0x00000033                __P5SEL = 0x33
                0x00000034                __P6IN = 0x34
                0x00000035                __P6OUT = 0x35
                0x00000036                __P6DIR = 0x36
                0x00000037                __P6SEL = 0x37
                0x00000070                __U0CTL = 0x70
                0x00000071                __U0TCTL = 0x71
                0x00000072                __U0RCTL = 0x72
                0x00000073                __U0MCTL = 0x73
                0x00000074                __U0BR0 = 0x74
                0x00000075                __U0BR1 = 0x75
                0x00000076                __U0RXBUF = 0x76
                0x00000077                __U0TXBUF = 0x77
                0x00000078                __U1CTL = 0x78
                0x00000079                __U1TCTL = 0x79
                0x0000007a                __U1RCTL = 0x7a
                0x0000007b                __U1MCTL = 0x7b
                0x0000007c                __U1BR0 = 0x7c
                0x0000007d                __U1BR1 = 0x7d
                0x0000007e                __U1RXBUF = 0x7e
                0x0000007f                __U1TXBUF = 0x7f
                0x00000050                __I2CIE = 0x50
                0x00000051                __I2CIFG = 0x51
                0x00000052                __I2CNDAT = 0x52
                0x00000071                __I2CTCTL = 0x71
                0x00000072                __I2CDCTL = 0x72
                0x00000073                __I2CPSC = 0x73
                0x00000074                __I2CSCLH = 0x74
                0x00000075                __I2CSCLL = 0x75
                0x00000076                __I2CDRB = 0x76
                0x00000076                __I2CDRW = 0x76
                0x00000118                __I2COA = 0x118
                0x0000011a                __I2CSA = 0x11a
                0x0000011c                __I2CIV = 0x11c
                0x0000012e                __TAIV = 0x12e
                0x00000160                __TACTL = 0x160
                0x00000162                __TACCTL0 = 0x162
                0x00000164                __TACCTL1 = 0x164
                0x00000166                __TACCTL2 = 0x166
                0x00000170                __TAR = 0x170
                0x00000172                __TACCR0 = 0x172
                0x00000174                __TACCR1 = 0x174
                0x00000176                __TACCR2 = 0x176
                0x0000011e                __TBIV = 0x11e
                0x00000180                __TBCTL = 0x180
                0x00000182                __TBCCTL0 = 0x182
                0x00000184                __TBCCTL1 = 0x184
                0x00000186                __TBCCTL2 = 0x186
                0x00000188                __TBCCTL3 = 0x188
                0x0000018a                __TBCCTL4 = 0x18a
                0x0000018c                __TBCCTL5 = 0x18c
                0x0000018e                __TBCCTL6 = 0x18e
                0x00000190                __TBR = 0x190
                0x00000192                __TBCCR0 = 0x192
                0x00000194                __TBCCR1 = 0x194
                0x00000196                __TBCCR2 = 0x196
                0x00000198                __TBCCR3 = 0x198
                0x0000019a                __TBCCR4 = 0x19a
                0x0000019c                __TBCCR5 = 0x19c
                0x0000019e                __TBCCR6 = 0x19e
                0x00000056                __DCOCTL = 0x56
                0x00000057                __BCSCTL1 = 0x57
                0x00000058                __BCSCTL2 = 0x58
                0x00000055                __SVSCTL = 0x55
                0x00000128                __FCTL1 = 0x128
                0x0000012a                __FCTL2 = 0x12a
                0x0000012c                __FCTL3 = 0x12c
                0x00000059                __CACTL1 = 0x59
                0x0000005a                __CACTL2 = 0x5a
                0x0000005b                __CAPD = 0x5b
                0x000001a0                __ADC12CTL0 = 0x1a0
                0x000001a2                __ADC12CTL1 = 0x1a2
                0x000001a4                __ADC12IFG = 0x1a4
                0x000001a6                __ADC12IE = 0x1a6
                0x000001a8                __ADC12IV = 0x1a8
                0x00000140                __ADC12MEM0 = 0x140
                0x00000142                __ADC12MEM1 = 0x142
                0x00000144                __ADC12MEM2 = 0x144
                0x00000146                __ADC12MEM3 = 0x146
                0x00000148                __ADC12MEM4 = 0x148
                0x0000014a                __ADC12MEM5 = 0x14a
                0x0000014c                __ADC12MEM6 = 0x14c
                0x0000014e                __ADC12MEM7 = 0x14e
                0x00000150                __ADC12MEM8 = 0x150
                0x00000152                __ADC12MEM9 = 0x152
                0x00000154                __ADC12MEM10 = 0x154
                0x00000156                __ADC12MEM11 = 0x156
                0x00000158                __ADC12MEM12 = 0x158
                0x0000015a                __ADC12MEM13 = 0x15a
                0x0000015c                __ADC12MEM14 = 0x15c
                0x0000015e                __ADC12MEM15 = 0x15e
                0x00000080                __ADC12MCTL0 = 0x80
                0x00000081                __ADC12MCTL1 = 0x81
                0x00000082                __ADC12MCTL2 = 0x82
                0x00000083                __ADC12MCTL3 = 0x83
                0x00000084                __ADC12MCTL4 = 0x84
                0x00000085                __ADC12MCTL5 = 0x85
                0x00000086                __ADC12MCTL6 = 0x86
                0x00000087                __ADC12MCTL7 = 0x87
                0x00000088                __ADC12MCTL8 = 0x88
                0x00000089                __ADC12MCTL9 = 0x89
                0x0000008a                __ADC12MCTL10 = 0x8a
                0x0000008b                __ADC12MCTL11 = 0x8b
                0x0000008c                __ADC12MCTL12 = 0x8c
                0x0000008d                __ADC12MCTL13 = 0x8d
                0x0000008e                __ADC12MCTL14 = 0x8e
                0x0000008f                __ADC12MCTL15 = 0x8f
                0x000001c0                __DAC12_0CTL = 0x1c0
                0x000001c2                __DAC12_1CTL = 0x1c2
                0x000001c8                __DAC12_0DAT = 0x1c8
                0x000001ca                __DAC12_1DAT = 0x1ca
                0x00000122                __DMACTL0 = 0x122
                0x00000124                __DMACTL1 = 0x124
                0x000001e0                __DMA0CTL = 0x1e0
                0x000001e8                __DMA1CTL = 0x1e8
                0x000001f0                __DMA2CTL = 0x1f0
                0x000001e2                __DMA0SA = 0x1e2
                0x000001e4                __DMA0DA = 0x1e4
                0x000001e6                __DMA0SZ = 0x1e6
                0x000001ea                __DMA1SA = 0x1ea
                0x000001ec                __DMA1DA = 0x1ec
                0x000001ee                __DMA1SZ = 0x1ee
                0x000001f2                __DMA2SA = 0x1f2
                0x000001f4                __DMA2DA = 0x1f4
                0x000001f6                __DMA2SZ = 0x1f6

.hash
 *(.hash)

.dynsym
 *(.dynsym)

.dynstr
 *(.dynstr)

.gnu.version
 *(.gnu.version)

.gnu.version_d
 *(.gnu.version_d)

.gnu.version_r
 *(.gnu.version_r)

.rel.init
 *(.rel.init)

.rela.init
 *(.rela.init)

.rel.text
 *(.rel.text)
 *(.rel.text.*)
 *(.rel.gnu.linkonce.t*)

.rela.text
 *(.rela.text)
 *(.rela.text.*)
 *(.rela.gnu.linkonce.t*)

.rel.fini
 *(.rel.fini)

.rela.fini
 *(.rela.fini)

.rel.rodata
 *(.rel.rodata)
 *(.rel.rodata.*)
 *(.rel.gnu.linkonce.r*)

.rela.rodata
 *(.rela.rodata)
 *(.rela.rodata.*)
 *(.rela.gnu.linkonce.r*)

.rel.data
 *(.rel.data)
 *(.rel.data.*)
 *(.rel.gnu.linkonce.d*)

.rela.data
 *(.rela.data)
 *(.rela.data.*)
 *(.rela.gnu.linkonce.d*)

.rel.ctors
 *(.rel.ctors)

.rela.ctors
 *(.rela.ctors)

.rel.dtors
 *(.rel.dtors)

.rela.dtors
 *(.rela.dtors)

.rel.got
 *(.rel.got)

.rela.got
 *(.rela.got)

.rel.bss
 *(.rel.bss)

.rela.bss
 *(.rela.bss)

.rel.plt
 *(.rel.plt)

.rela.plt
 *(.rela.plt)

.text           0x00004000     0x4d84
                0x00004000                . = ALIGN (0x2)
 *(.init)
 *(.init0)
 .init0         0x00004000        0x0 /usr/lib/gcc/msp430/4.5.3/mmpy-16/libcrt0.a(_reset_vector__.o)
                0x00004000                _reset_vector__
 *(.init1)
 *(.init2)
 .init2         0x00004000        0x4 /usr/lib/gcc/msp430/4.5.3/mmpy-16/libcrt0.a(__init_stack.o)
                0x00004000                __init_stack
 *(.init3)
 .init3         0x00004004        0xa /usr/lib/gcc/msp430/4.5.3/mmpy-16/libcrt0.a(__low_level_init.o)
                0x00004004                __low_level_init
 *(.init4)
 .init4         0x0000400e       0x16 /usr/lib/gcc/msp430/4.5.3/mmpy-16/libcrt0.a(_copy_data.o)
                0x0000400e                __do_copy_data
 .init4         0x00004024       0x14 /usr/lib/gcc/msp430/4.5.3/mmpy-16/libcrt0.a(_clear_bss.o)
                0x00004024                __do_clear_bss
 *(.init5)
 *(.init6)
 *(.init7)
 *(.init8)
 *(.init9)
 .init9         0x00004038      0x302 obj_sky/contiki-sky-main.o
                0x00004038                main
 *(.fini9)
 .fini9         0x0000433a        0x0 /usr/lib/gcc/msp430/4.5.3/mmpy-16/libcrt0.a(__stop_progExec__.o)
                0x0000433a                __stop_progExec__
 *(.fini8)
 *(.fini7)
 *(.fini6)
 *(.fini5)
 *(.fini4)
 *(.fini3)
 *(.fini2)
 *(.fini1)
 *(.fini0)
 .fini0         0x0000433a        0x6 /usr/lib/gcc/msp430/4.5.3/mmpy-16/libcrt0.a(_endless_loop__.o)
                0x0000433a                _endless_loop__
 *(.fini)
                0x00004340                . = ALIGN (0x2)
                0x00004340                __ctors_start = .
 *(.ctors)
                0x00004340                __ctors_end = .
                0x00004340                __dtors_start = .
 *(.dtors)
                0x00004340                __dtors_end = .
                0x00004340                . = ALIGN (0x2)
 *(.text)
 .text          0x00004340        0x4 /usr/lib/gcc/msp430/4.5.3/mmpy-16/crt0ivtbl16.o
                0x00004340                __isr_14
                0x00004340                __isr_11
                0x00004340                __isr_2
                0x00004340                __isr_7
                0x00004340                __isr_0
                0x00004340                __isr_8
                0x00004340                __isr_3
                0x00004340                __isr_12
                0x00004340                __isr_13
                0x00004340                __isr_9
 .text          0x00004344       0x28 hello-world.co
                0x00004368                autostart_processes
 .text          0x0000436c       0xd4 obj_sky/contiki-sky-main.o
 .text          0x00004440        0x2 contiki-sky.a(rimeaddr.o)
                0x00004440                rimeaddr_null
 .text          0x00004442        0xc contiki-sky.a(rime.o)
                0x00004448                rime_driver
 .text          0x0000444e        0x4 contiki-sky.a(broadcast-annou)
 .text          0x00004452        0x8 contiki-sky.a(broadcast.o)
 .text          0x0000445a        0x2 contiki-sky.a(abc.o)
 .text          0x0000445c       0x10 contiki-sky.a(chameleon-bitop)
                0x0000445c                chameleon_bitopt
 .text          0x0000446c       0x14 contiki-sky.a(csma.o)
                0x00004472                csma_driver
 .text          0x00004480       0x46 contiki-sky.a(contikimac.o)
                0x000044b6                contikimac_driver
 .text          0x000044c6        0xe contiki-sky.a(serial-line.o)
 .text          0x000044d4        0xc contiki-sky.a(etimer.o)
 .text          0x000044e0        0xf contiki-sky.a(ctimer.o)
 *fill*         0x000044ef        0x1 00
 .text          0x000044f0       0x10 contiki-sky.a(button-sensor.o)
                0x000044f8                button_sensor
 .text          0x00004500        0x8 contiki-sky.a(sensors.o)
 .text          0x00004508       0x22 contiki-sky.a(cc2420.o)
                0x00004516                cc2420_driver
 .text          0x0000452a        0x4 contiki-sky.a(framer-802154.o)
                0x0000452a                framer_802154
 .text          0x0000452e        0x2 contiki-sky.a(frame802154.o)
 .text          0x00004530      0x104 /usr/lib/gcc/msp430/4.5.3/../../../../msp430/lib/mmpy-16/libc.a(memcpy.o)
                0x00004530                memcpy
 .text          0x00004634       0x66 /usr/lib/gcc/msp430/4.5.3/../../../../msp430/lib/mmpy-16/libc.a(memset.o)
                0x00004634                memset
 .text          0x0000469a       0x20 /usr/lib/gcc/msp430/4.5.3/../../../../msp430/lib/mmpy-16/libc.a(printf.o)
                0x0000469a                printf
                0x000046ac                vprintf
 .text          0x000046ba      0x476 /usr/lib/gcc/msp430/4.5.3/../../../../msp430/lib/mmpy-16/libc.a(vuprintf.o)
                0x000047c6                vuprintf
 .text          0x00004b30       0x2c /usr/lib/gcc/msp430/4.5.3/../../../../msp430/lib/mmpy-16/libc.a(puts.o)
                0x00004b30                puts
 .text          0x00004b5c      0x134 /usr/lib/gcc/msp430/4.5.3/../../../../msp430/lib/mmpy-16/libc.a(rand.o)
                0x00004b5c                rand_r
                0x00004bf0                rand
                0x00004c86                srand
                0x00004c90                . = ALIGN (0x2)
 *(.text.*)
 .text.process_thread_hello_world_process
                0x00004c90       0x60 hello-world.co
 .text.rimeaddr_copy
                0x00004cf0        0xc contiki-sky.a(rimeaddr.o)
                0x00004cf0                rimeaddr_copy
 .text.rimeaddr_cmp
                0x00004cfc       0x1a contiki-sky.a(rimeaddr.o)
                0x00004cfc                rimeaddr_cmp
 .text.rimeaddr_set_node_addr
                0x00004d16       0x10 contiki-sky.a(rimeaddr.o)
                0x00004d16                rimeaddr_set_node_addr
 .text.input    0x00004d26       0x42 contiki-sky.a(rime.o)
 .text.init     0x00004d68       0x2e contiki-sky.a(rime.o)
 .text.packet_sent
                0x00004d96       0x44 contiki-sky.a(rime.o)
 .text.rime_output
                0x00004dda       0x28 contiki-sky.a(rime.o)
                0x00004dda                rime_output
 .text.announcement_init
                0x00004e02        0xa contiki-sky.a(announcement.o)
                0x00004e02                announcement_init
 .text.announcement_register_observer_callback
                0x00004e0c        0x6 contiki-sky.a(announcement.o)
                0x00004e0c                announcement_register_observer_callback
 .text.announcement_list
                0x00004e12        0xa contiki-sky.a(announcement.o)
                0x00004e12                announcement_list
 .text.announcement_heard
                0x00004e1c       0x42 contiki-sky.a(announcement.o)
                0x00004e1c                announcement_heard
 .text.adv_packet_sent
                0x00004e5e        0x2 contiki-sky.a(broadcast-annou)
 .text.adv_packet_received
                0x00004e60       0x6c contiki-sky.a(broadcast-annou)
 .text.set_timers
                0x00004ecc       0x60 contiki-sky.a(broadcast-annou)
 .text.new_announcement
                0x00004f2c       0x18 contiki-sky.a(broadcast-annou)
 .text.send_timer
                0x00004f44       0x38 contiki-sky.a(broadcast-annou)
 .text.send_adv
                0x00004f7c       0x66 contiki-sky.a(broadcast-annou)
 .text.broadcast_announcement_init
                0x00004fe2       0x48 contiki-sky.a(broadcast-annou)
                0x00004fe2                broadcast_announcement_init
 .text.sent_by_abc
                0x0000502a       0x10 contiki-sky.a(broadcast.o)
 .text.recv_from_abc
                0x0000503a       0x20 contiki-sky.a(broadcast.o)
 .text.broadcast_open
                0x0000505a       0x2a contiki-sky.a(broadcast.o)
                0x0000505a                broadcast_open
 .text.broadcast_send
                0x00005084       0x1a contiki-sky.a(broadcast.o)
                0x00005084                broadcast_send
 .text.abc_open
                0x0000509e       0x26 contiki-sky.a(abc.o)
                0x0000509e                abc_open
 .text.abc_send
                0x000050c4        0x6 contiki-sky.a(abc.o)
                0x000050c4                abc_send
 .text.abc_input
                0x000050ca        0x8 contiki-sky.a(abc.o)
                0x000050ca                abc_input
 .text.abc_sent
                0x000050d2       0x10 contiki-sky.a(abc.o)
                0x000050d2                abc_sent
 .text.chameleon_init
                0x000050e2        0x6 contiki-sky.a(chameleon.o)
                0x000050e2                chameleon_init
 .text.chameleon_parse
                0x000050e8       0x10 contiki-sky.a(chameleon.o)
                0x000050e8                chameleon_parse
 .text.chameleon_create
                0x000050f8       0x1c contiki-sky.a(chameleon.o)
                0x000050f8                chameleon_create
 .text.chameleon_hdrsize
                0x00005114        0x6 contiki-sky.a(chameleon.o)
                0x00005114                chameleon_hdrsize
 .text.channel_init
                0x0000511a        0xa contiki-sky.a(channel.o)
                0x0000511a                channel_init
 .text.channel_open
                0x00005124       0x10 contiki-sky.a(channel.o)
                0x00005124                channel_open
 .text.channel_lookup
                0x00005134       0x20 contiki-sky.a(channel.o)
                0x00005134                channel_lookup
 .text.channel_set_attributes
                0x00005154       0x24 contiki-sky.a(channel.o)
                0x00005154                channel_set_attributes
 .text.header_size
                0x00005178       0x16 contiki-sky.a(chameleon-bitop)
 .text.get_bits_in_byte
                0x0000518e       0x30 contiki-sky.a(chameleon-bitop)
                0x0000518e                get_bits_in_byte
 .text.get_bits
                0x000051be       0xaa contiki-sky.a(chameleon-bitop)
                0x000051be                get_bits
 .text.unpack_header
                0x00005268       0xde contiki-sky.a(chameleon-bitop)
 .text.set_bits_in_byte
                0x00005346       0x26 contiki-sky.a(chameleon-bitop)
                0x00005346                set_bits_in_byte
 .text.set_bits
                0x0000536c       0xb0 contiki-sky.a(chameleon-bitop)
                0x0000536c                set_bits
 .text.pack_header
                0x0000541c       0xb8 contiki-sky.a(chameleon-bitop)
 .text.input_packet
                0x000054d4        0x6 contiki-sky.a(csma.o)
 .text.on       0x000054da        0x6 contiki-sky.a(csma.o)
 .text.off      0x000054e0        0x6 contiki-sky.a(csma.o)
 .text.channel_check_interval
                0x000054e6        0xc contiki-sky.a(csma.o)
 .text.transmit_packet_list
                0x000054f2       0x24 contiki-sky.a(csma.o)
 .text.send_packet
                0x00005516      0x172 contiki-sky.a(csma.o)
 .text.free_first_packet
                0x00005688       0x98 contiki-sky.a(csma.o)
 .text.packet_sent
                0x00005720       0xfe contiki-sky.a(csma.o)
 .text.init     0x0000581e       0x1a contiki-sky.a(csma.o)
 .text.on       0x00005838       0x16 contiki-sky.a(contikimac.o)
 .text.off      0x0000584e       0x1e contiki-sky.a(contikimac.o)
 .text.recv_burst_off
                0x0000586c        0xa contiki-sky.a(contikimac.o)
 .text.turn_off
                0x00005876       0x20 contiki-sky.a(contikimac.o)
 .text.duty_cycle
                0x00005896        0x6 contiki-sky.a(contikimac.o)
 .text.turn_on  0x0000589c       0x30 contiki-sky.a(contikimac.o)
 .text.schedule_powercycle_fixed
                0x000058cc       0x4c contiki-sky.a(contikimac.o)
 .text.powercycle_turn_radio_off
                0x00005918       0x2c contiki-sky.a(contikimac.o)
 .text.powercycle
                0x00005944      0x1cc contiki-sky.a(contikimac.o)
 .text.input_packet
                0x00005b10      0x118 contiki-sky.a(contikimac.o)
 .text.send_packet
                0x00005c28      0x2e2 contiki-sky.a(contikimac.o)
 .text.qsend_list
                0x00005f0a       0x88 contiki-sky.a(contikimac.o)
 .text.qsend_packet
                0x00005f92       0x26 contiki-sky.a(contikimac.o)
 .text.init     0x00005fb8       0x32 contiki-sky.a(contikimac.o)
 .text.send_packet
                0x00005fea       0x44 contiki-sky.a(phase.o)
 .text.find_neighbor
                0x0000602e       0x32 contiki-sky.a(phase.o)
                0x0000602e                find_neighbor
 .text.phase_update
                0x00006060       0xb8 contiki-sky.a(phase.o)
                0x00006060                phase_update
 .text.phase_wait
                0x00006118      0x114 contiki-sky.a(phase.o)
                0x00006118                phase_wait
 .text.phase_init
                0x0000622c       0x20 contiki-sky.a(phase.o)
                0x0000622c                phase_init
 .text.call_process
                0x0000624c       0x4c contiki-sky.a(process.o)
 .text.exit_process
                0x00006298       0x94 contiki-sky.a(process.o)
 .text.do_poll  0x0000632c       0x30 contiki-sky.a(process.o)
 .text.process_alloc_event
                0x0000635c        0xe contiki-sky.a(process.o)
                0x0000635c                process_alloc_event
 .text.process_init
                0x0000636a       0x1c contiki-sky.a(process.o)
                0x0000636a                process_init
 .text.process_run
                0x00006386       0x9c contiki-sky.a(process.o)
                0x00006386                process_run
 .text.process_nevents
                0x00006422        0xc contiki-sky.a(process.o)
                0x00006422                process_nevents
 .text.process_post
                0x0000642e       0x54 contiki-sky.a(process.o)
                0x0000642e                process_post
 .text.process_post_synch
                0x00006482       0x12 contiki-sky.a(process.o)
                0x00006482                process_post_synch
 .text.process_start
                0x00006494       0x32 contiki-sky.a(process.o)
                0x00006494                process_start
 .text.process_poll
                0x000064c6       0x1a contiki-sky.a(process.o)
                0x000064c6                process_poll
 .text.autostart_start
                0x000064e0       0x18 contiki-sky.a(autostart.o)
                0x000064e0                autostart_start
 .text.compower_accumulate
                0x000064f8       0x72 contiki-sky.a(compower.o)
                0x000064f8                compower_accumulate
 .text.compower_clear
                0x0000656a       0x12 contiki-sky.a(compower.o)
                0x0000656a                compower_clear
 .text.compower_attrconv
                0x0000657c       0x10 contiki-sky.a(compower.o)
                0x0000657c                compower_attrconv
 .text.process_thread_serial_line_process
                0x0000658c       0xa6 contiki-sky.a(serial-line.o)
 .text.serial_line_input_byte
                0x00006632       0x46 contiki-sky.a(serial-line.o)
                0x00006632                serial_line_input_byte
 .text.serial_line_init
                0x00006678       0x1c contiki-sky.a(serial-line.o)
                0x00006678                serial_line_init
 .text.memb_init
                0x00006694       0x36 contiki-sky.a(memb.o)
                0x00006694                memb_init
 .text.memb_alloc
                0x000066ca       0x3e contiki-sky.a(memb.o)
                0x000066ca                memb_alloc
 .text.memb_free
                0x00006708       0x3a contiki-sky.a(memb.o)
                0x00006708                memb_free
 .text.memb_inmemb
                0x00006742       0x2e contiki-sky.a(memb.o)
                0x00006742                memb_inmemb
 .text.timer_set
                0x00006770       0x1c contiki-sky.a(timer.o)
                0x00006770                timer_set
 .text.timer_reset
                0x0000678c        0xe contiki-sky.a(timer.o)
                0x0000678c                timer_reset
 .text.timer_expired
                0x0000679a       0x2e contiki-sky.a(timer.o)
                0x0000679a                timer_expired
 .text.list_init
                0x000067c8        0x6 contiki-sky.a(list.o)
                0x000067c8                list_init
 .text.list_head
                0x000067ce        0x4 contiki-sky.a(list.o)
                0x000067ce                list_head
 .text.list_tail
                0x000067d2       0x14 contiki-sky.a(list.o)
                0x000067d2                list_tail
 .text.list_chop
                0x000067e6       0x2a contiki-sky.a(list.o)
                0x000067e6                list_chop
 .text.list_pop
                0x00006810        0xe contiki-sky.a(list.o)
                0x00006810                list_pop
 .text.list_remove
                0x0000681e       0x2e contiki-sky.a(list.o)
                0x0000681e                list_remove
 .text.list_push
                0x0000684c       0x1a contiki-sky.a(list.o)
                0x0000684c                list_push
 .text.list_add
                0x00006866       0x2a contiki-sky.a(list.o)
                0x00006866                list_add
 .text.list_length
                0x00006890       0x10 contiki-sky.a(list.o)
                0x00006890                list_length
 .text.list_item_next
                0x000068a0        0x8 contiki-sky.a(list.o)
                0x000068a0                list_item_next
 .text.update_time
                0x000068a8       0x78 contiki-sky.a(etimer.o)
 .text.etimer_request_poll
                0x00006920        0xa contiki-sky.a(etimer.o)
                0x00006920                etimer_request_poll
 .text.process_thread_etimer_process
                0x0000692a       0xce contiki-sky.a(etimer.o)
 .text.add_timer
                0x000069f8       0x38 contiki-sky.a(etimer.o)
 .text.etimer_set
                0x00006a30       0x12 contiki-sky.a(etimer.o)
                0x00006a30                etimer_set
 .text.etimer_reset
                0x00006a42       0x12 contiki-sky.a(etimer.o)
                0x00006a42                etimer_reset
 .text.etimer_pending
                0x00006a54        0xe contiki-sky.a(etimer.o)
                0x00006a54                etimer_pending
 .text.etimer_next_expiration_time
                0x00006a62       0x16 contiki-sky.a(etimer.o)
                0x00006a62                etimer_next_expiration_time
 .text.etimer_stop
                0x00006a78       0x3c contiki-sky.a(etimer.o)
                0x00006a78                etimer_stop
 .text.process_thread_ctimer_process
                0x00006ab4       0xa4 contiki-sky.a(ctimer.o)
 .text.ctimer_init
                0x00006b58       0x18 contiki-sky.a(ctimer.o)
                0x00006b58                ctimer_init
 .text.ctimer_set
                0x00006b70       0x5a contiki-sky.a(ctimer.o)
                0x00006b70                ctimer_set
 .text.ctimer_reset
                0x00006bca       0x3a contiki-sky.a(ctimer.o)
                0x00006bca                ctimer_reset
 .text.ctimer_stop
                0x00006c04       0x28 contiki-sky.a(ctimer.o)
                0x00006c04                ctimer_stop
 .text.energest_init
                0x00006c2c       0x2a contiki-sky.a(energest.o)
                0x00006c2c                energest_init
 .text.energest_type_time
                0x00006c56       0x44 contiki-sky.a(energest.o)
                0x00006c56                energest_type_time
 .text.energest_type_set
                0x00006c9a        0xe contiki-sky.a(energest.o)
                0x00006c9a                energest_type_set
 .text.energest_flush
                0x00006ca8       0x4a contiki-sky.a(energest.o)
                0x00006ca8                energest_flush
 .text.rtimer_init
                0x00006cf2        0x6 contiki-sky.a(rtimer.o)
                0x00006cf2                rtimer_init
 .text.rtimer_set
                0x00006cf8       0x24 contiki-sky.a(rtimer.o)
                0x00006cf8                rtimer_set
 .text.rtimer_run_next
                0x00006d1c       0x26 contiki-sky.a(rtimer.o)
                0x00006d1c                rtimer_run_next
 .text.random_init
                0x00006d42        0x6 contiki-sky.a(random.o)
                0x00006d42                random_init
 .text.random_rand
                0x00006d48        0x6 contiki-sky.a(random.o)
                0x00006d48                random_rand
 .text.ringbuf_init
                0x00006d4e       0x14 contiki-sky.a(ringbuf.o)
                0x00006d4e                ringbuf_init
 .text.ringbuf_put
                0x00006d62       0x3c contiki-sky.a(ringbuf.o)
                0x00006d62                ringbuf_put
 .text.ringbuf_get
                0x00006d9e       0x32 contiki-sky.a(ringbuf.o)
                0x00006d9e                ringbuf_get
 .text.packetbuf_copyto_hdr
                0x00006dd0       0x1c contiki-sky.a(packetbuf.o)
                0x00006dd0                packetbuf_copyto_hdr
 .text.packetbuf_copyto
                0x00006dec       0x52 contiki-sky.a(packetbuf.o)
                0x00006dec                packetbuf_copyto
 .text.packetbuf_hdr_remove
                0x00006e3e        0x6 contiki-sky.a(packetbuf.o)
                0x00006e3e                packetbuf_hdr_remove
 .text.packetbuf_hdrreduce
                0x00006e44       0x1a contiki-sky.a(packetbuf.o)
                0x00006e44                packetbuf_hdrreduce
 .text.packetbuf_set_datalen
                0x00006e5e        0x6 contiki-sky.a(packetbuf.o)
                0x00006e5e                packetbuf_set_datalen
 .text.packetbuf_dataptr
                0x00006e64        0xa contiki-sky.a(packetbuf.o)
                0x00006e64                packetbuf_dataptr
 .text.packetbuf_hdrptr
                0x00006e6e        0xa contiki-sky.a(packetbuf.o)
                0x00006e6e                packetbuf_hdrptr
 .text.packetbuf_is_reference
                0x00006e78        0xe contiki-sky.a(packetbuf.o)
                0x00006e78                packetbuf_is_reference
 .text.packetbuf_compact
                0x00006e86       0x48 contiki-sky.a(packetbuf.o)
                0x00006e86                packetbuf_compact
 .text.packetbuf_reference_ptr
                0x00006ece        0x6 contiki-sky.a(packetbuf.o)
                0x00006ece                packetbuf_reference_ptr
 .text.packetbuf_datalen
                0x00006ed4        0x6 contiki-sky.a(packetbuf.o)
                0x00006ed4                packetbuf_datalen
 .text.packetbuf_totlen
                0x00006eda       0x10 contiki-sky.a(packetbuf.o)
                0x00006eda                packetbuf_totlen
 .text.packetbuf_hdralloc
                0x00006eea       0x2e contiki-sky.a(packetbuf.o)
                0x00006eea                packetbuf_hdralloc
 .text.packetbuf_attr_clear
                0x00006f18       0x2e contiki-sky.a(packetbuf.o)
                0x00006f18                packetbuf_attr_clear
 .text.packetbuf_clear
                0x00006f46       0x20 contiki-sky.a(packetbuf.o)
                0x00006f46                packetbuf_clear
 .text.packetbuf_copyfrom
                0x00006f66       0x2e contiki-sky.a(packetbuf.o)
                0x00006f66                packetbuf_copyfrom
 .text.packetbuf_attr_copyto
                0x00006f94       0x20 contiki-sky.a(packetbuf.o)
                0x00006f94                packetbuf_attr_copyto
 .text.packetbuf_attr_copyfrom
                0x00006fb4       0x2c contiki-sky.a(packetbuf.o)
                0x00006fb4                packetbuf_attr_copyfrom
 .text.queuebuf_init
                0x00006fe0       0x1a contiki-sky.a(queuebuf.o)
                0x00006fe0                queuebuf_init
 .text.queuebuf_new_from_packetbuf
                0x00006ffa       0x80 contiki-sky.a(queuebuf.o)
                0x00006ffa                queuebuf_new_from_packetbuf
 .text.queuebuf_update_attr_from_packetbuf
                0x0000707a       0x12 contiki-sky.a(queuebuf.o)
                0x0000707a                queuebuf_update_attr_from_packetbuf
 .text.queuebuf_free
                0x0000708c       0x46 contiki-sky.a(queuebuf.o)
                0x0000708c                queuebuf_free
 .text.queuebuf_to_packetbuf
                0x000070d2       0x70 contiki-sky.a(queuebuf.o)
                0x000070d2                queuebuf_to_packetbuf
 .text.init_platform
                0x00007142        0xc contiki-sky.a(contiki-sky-pla)
                0x00007142                init_platform
 .text.status   0x0000714e       0x16 contiki-sky.a(button-sensor.o)
 .text.configure
                0x00007164       0x4a contiki-sky.a(button-sensor.o)
 .text.value    0x000071ae       0x26 contiki-sky.a(button-sensor.o)
 .text.irq_p2   0x000071d4       0x92 contiki-sky.a(button-sensor.o)
                0x000071d4                irq_p2
                0x000071d4                __isr_1
 .text.crc8_add
                0x00007266       0x1a contiki-sky.a(ds2411.o)
 .text.owreadb  0x00007280       0x56 contiki-sky.a(ds2411.o)
 .text.ds2411_init
                0x000072d6      0x10a contiki-sky.a(ds2411.o)
                0x000072d6                ds2411_init
 .text.wait_ready
                0x000073e0       0x4e contiki-sky.a(xmem.o)
 .text.xmem_init
                0x0000742e       0x3c contiki-sky.a(xmem.o)
                0x0000742e                xmem_init
 .text.xmem_pread
                0x0000746a       0xdc contiki-sky.a(xmem.o)
                0x0000746a                xmem_pread
 .text.node_id_restore
                0x00007546       0x38 contiki-sky.a(node-id.o)
                0x00007546                node_id_restore
 .text.get_sensor_index
                0x0000757e       0x22 contiki-sky.a(sensors.o)
 .text.process_thread_sensors_process
                0x000075a0       0xc2 contiki-sky.a(sensors.o)
 .text.sensors_changed
                0x00007662       0x14 contiki-sky.a(sensors.o)
                0x00007662                sensors_changed
 .text.strobe   0x00007676       0x1e contiki-sky.a(cc2420.o)
 .text.status   0x00007694       0x24 contiki-sky.a(cc2420.o)
 .text.getreg   0x000076b8       0x50 contiki-sky.a(cc2420.o)
 .text.setreg   0x00007708       0x48 contiki-sky.a(cc2420.o)
 .text.set_txpower
                0x00007750       0x2a contiki-sky.a(cc2420.o)
 .text.cc2420_receiving_packet
                0x0000777a       0x10 contiki-sky.a(cc2420.o)
 .text.pending_packet
                0x0000778a        0x8 contiki-sky.a(cc2420.o)
 .text.on       0x00007792       0x46 contiki-sky.a(cc2420.o)
 .text.flushrx  0x000077d8       0x74 contiki-sky.a(cc2420.o)
 .text.off      0x0000784c       0x78 contiki-sky.a(cc2420.o)
 .text.RELEASE_LOCK
                0x000078c4       0x28 contiki-sky.a(cc2420.o)
 .text.cc2420_prepare
                0x000078ec       0x8a contiki-sky.a(cc2420.o)
 .text.cc2420_on
                0x00007976       0x22 contiki-sky.a(cc2420.o)
                0x00007976                cc2420_on
 .text.cc2420_off
                0x00007998       0x30 contiki-sky.a(cc2420.o)
                0x00007998                cc2420_off
 .text.cc2420_cca
                0x000079c8       0x7a contiki-sky.a(cc2420.o)
 .text.getrxdata
                0x00007a42       0x4e contiki-sky.a(cc2420.o)
 .text.cc2420_read
                0x00007a90      0x11a contiki-sky.a(cc2420.o)
 .text.process_thread_cc2420_process
                0x00007baa       0x50 contiki-sky.a(cc2420.o)
 .text.cc2420_set_channel
                0x00007bfa       0x7a contiki-sky.a(cc2420.o)
                0x00007bfa                cc2420_set_channel
 .text.cc2420_set_pan_addr
                0x00007c74      0x13a contiki-sky.a(cc2420.o)
                0x00007c74                cc2420_set_pan_addr
 .text.cc2420_init
                0x00007dae       0xd4 contiki-sky.a(cc2420.o)
                0x00007dae                cc2420_init
 .text.cc2420_interrupt
                0x00007e82       0x20 contiki-sky.a(cc2420.o)
                0x00007e82                cc2420_interrupt
 .text.cc2420_get_txpower
                0x00007ea2       0x1e contiki-sky.a(cc2420.o)
                0x00007ea2                cc2420_get_txpower
 .text.cc2420_transmit
                0x00007ec0      0x1ac contiki-sky.a(cc2420.o)
 .text.cc2420_send
                0x0000806c       0x12 contiki-sky.a(cc2420.o)
 .text.cc2420_port1_interrupt
                0x0000807e       0x6a contiki-sky.a(cc2420-arch.o)
                0x0000807e                __isr_4
                0x0000807e                cc2420_port1_interrupt
 .text.cc2420_arch_init
                0x000080e8       0x1a contiki-sky.a(cc2420-arch.o)
                0x000080e8                cc2420_arch_init
 .text.handle_rxdma_timer
                0x00008102       0x42 contiki-sky.a(uart1.o)
 .text.uart1_active
                0x00008144       0x18 contiki-sky.a(uart1.o)
                0x00008144                uart1_active
 .text.uart1_set_input
                0x0000815c       0x20 contiki-sky.a(uart1.o)
                0x0000815c                uart1_set_input
 .text.uart1_writeb
                0x0000817c       0x1a contiki-sky.a(uart1.o)
                0x0000817c                uart1_writeb
 .text.uart1_init
                0x00008196       0xee contiki-sky.a(uart1.o)
                0x00008196                uart1_init
 .text.putchar  0x00008284        0xe contiki-sky.a(uart1-putchar.o)
                0x00008284                putchar
 .text.msp430_init_dco
                0x00008292       0x74 contiki-sky.a(msp430.o)
                0x00008292                msp430_init_dco
 .text.msp430_add_lpm_req
                0x00008306        0xa contiki-sky.a(msp430.o)
                0x00008306                msp430_add_lpm_req
 .text.msp430_cpu_init
                0x00008310       0x2a contiki-sky.a(msp430.o)
                0x00008310                msp430_cpu_init
 .text.splhigh_
                0x0000833a        0x8 contiki-sky.a(msp430.o)
                0x0000833a                splhigh_
 .text.msp430_sync_dco
                0x00008342       0x60 contiki-sky.a(msp430.o)
                0x00008342                msp430_sync_dco
 .text.timera1  0x000083a2       0xee contiki-sky.a(clock.o)
                0x000083a2                __isr_5
                0x000083a2                timera1
 .text.clock_time
                0x00008490       0x1a contiki-sky.a(clock.o)
                0x00008490                clock_time
 .text.clock_init
                0x000084aa       0x28 contiki-sky.a(clock.o)
                0x000084aa                clock_init
 .text.clock_delay
                0x000084d2        0xc contiki-sky.a(clock.o)
                0x000084d2                clock_delay
 .text.show_leds
                0x000084de      0x10c contiki-sky.a(leds.o)
 .text.leds_init
                0x000085ea        0xe contiki-sky.a(leds.o)
                0x000085ea                leds_init
 .text.leds_on  0x000085f8       0x14 contiki-sky.a(leds.o)
                0x000085f8                leds_on
 .text.leds_off
                0x0000860c       0x14 contiki-sky.a(leds.o)
                0x0000860c                leds_off
 .text.leds_arch_init
                0x00008620        0xe contiki-sky.a(leds-arch.o)
                0x00008620                leds_arch_init
 .text.leds_arch_set
                0x0000862e       0x3a contiki-sky.a(leds-arch.o)
                0x0000862e                leds_arch_set
 .text.watchdog_interrupt
                0x00008668        0x6 contiki-sky.a(watchdog.o)
                0x00008668                __isr_10
                0x00008668                watchdog_interrupt
 .text.watchdog_start
                0x0000866e       0x14 contiki-sky.a(watchdog.o)
                0x0000866e                watchdog_start
 .text.watchdog_periodic
                0x00008682       0x12 contiki-sky.a(watchdog.o)
                0x00008682                watchdog_periodic
 .text.watchdog_stop
                0x00008694       0x16 contiki-sky.a(watchdog.o)
                0x00008694                watchdog_stop
 .text.watchdog_init
                0x000086aa       0x14 contiki-sky.a(watchdog.o)
                0x000086aa                watchdog_init
 .text.rtimer_arch_init
                0x000086be        0xe contiki-sky.a(rtimer-arch.o)
                0x000086be                rtimer_arch_init
 .text.rtimer_arch_now
                0x000086cc        0xe contiki-sky.a(rtimer-arch.o)
                0x000086cc                rtimer_arch_now
 .text.timera0  0x000086da       0x76 contiki-sky.a(rtimer-arch.o)
                0x000086da                __isr_6
                0x000086da                timera0
 .text.rtimer_arch_schedule
                0x00008750        0x6 contiki-sky.a(rtimer-arch.o)
                0x00008750                rtimer_arch_schedule
 .text.mac_call_sent_callback
                0x00008756       0x14 contiki-sky.a(mac.o)
                0x00008756                mac_call_sent_callback
 .text.parse    0x0000876a       0xa8 contiki-sky.a(framer-802154.o)
 .text.create   0x00008812      0x10e contiki-sky.a(framer-802154.o)
 .text.spi_init
                0x00008920       0x32 contiki-sky.a(spi.o)
                0x00008920                spi_init
 .text.field_len
                0x00008952       0x98 contiki-sky.a(frame802154.o)
 .text.frame802154_hdrlen
                0x000089ea       0x26 contiki-sky.a(frame802154.o)
                0x000089ea                frame802154_hdrlen
 .text.frame802154_create
                0x00008a10      0x16c contiki-sky.a(frame802154.o)
                0x00008a10                frame802154_create
 .text.frame802154_parse
                0x00008b7c      0x1a0 contiki-sky.a(frame802154.o)
                0x00008b7c                frame802154_parse
 .text.libgcc   0x00008d1c       0x20 /usr/lib/gcc/msp430/4.5.3/mmpy-16/libgcc.a(_mulsi3.o)
                0x00008d1c                __mulsi3
 .text.libgcc   0x00008d3c       0x1c /usr/lib/gcc/msp430/4.5.3/mmpy-16/libgcc.a(_udivmodhi4.o)
                0x00008d3c                __udivmodhi4
 .text.libgcc   0x00008d58       0x2a /usr/lib/gcc/msp430/4.5.3/mmpy-16/libgcc.a(_udivmodsi4.o)
                0x00008d58                __udivmodsi4
 .text.crt0     0x00008d82        0x2 /usr/lib/gcc/msp430/4.5.3/mmpy-16/libcrt0.a(_unexpected_.o)
                0x00008d82                _unexpected_

.rodata         0x00008d84        0x0
                0x00008d84                . = ALIGN (0x2)
 *(.rodata .rodata.* .gnu.linkonce.r.*)
                0x00008d84                . = ALIGN (0x2)
                0x00008d84                _etext = .

.data           0x00001100       0x8c load address 0x00008d84
                0x00001100                . = ALIGN (0x2)
                0x00001100                PROVIDE (__data_start, .)
 *(.data)
 .data          0x00001100        0xa hello-world.co
                0x00001100                hello_world_process
 .data          0x0000110a       0x18 contiki-sky.a(csma.o)
 .data          0x00001122        0xe contiki-sky.a(contikimac.o)
                0x00001122                phase_list
 .data          0x00001130        0x8 contiki-sky.a(phase.o)
 .data          0x00001138        0xa contiki-sky.a(serial-line.o)
                0x00001138                serial_line_process
 .data          0x00001142        0xa contiki-sky.a(etimer.o)
                0x00001142                etimer_process
 .data          0x0000114c        0xa contiki-sky.a(ctimer.o)
                0x0000114c                ctimer_process
 .data          0x00001156       0x18 contiki-sky.a(queuebuf.o)
 .data          0x0000116e        0x4 contiki-sky.a(contiki-sky-pla)
                0x0000116e                sensors
 .data          0x00001172        0xa contiki-sky.a(sensors.o)
                0x00001172                sensors_process
 .data          0x0000117c        0xa contiki-sky.a(cc2420.o)
                0x0000117c                cc2420_process
 .data          0x00001186        0x2 contiki-sky.a(msp430.o)
 .data          0x00001188        0x4 /usr/lib/gcc/msp430/4.5.3/../../../../msp430/lib/mmpy-16/libc.a(rand.o)
 *(SORT(.data.*))
                0x0000118c                . = ALIGN (0x2)
 *(.gnu.linkonce.d*)
                0x0000118c                . = ALIGN (0x2)
                0x0000118c                _edata = .
                0x00008d84                PROVIDE (__data_load_start, LOADADDR (.data))
                0x0000008c                PROVIDE (__data_size, SIZEOF (.data))

.bss            0x0000118c     0x1516 load address 0x00008e10
                0x0000118c                PROVIDE (__bss_start, .)
 *(.bss)
 .bss           0x0000118c        0xc obj_sky/contiki-sky-main.o
 .bss           0x00001198        0x2 contiki-sky.a(rime.o)
 .bss           0x0000119a        0x6 contiki-sky.a(announcement.o)
 .bss           0x000011a0       0x46 contiki-sky.a(broadcast-annou)
 .bss           0x000011e6        0x2 contiki-sky.a(channel.o)
 .bss           0x000011e8      0x126 contiki-sky.a(csma.o)
 .bss           0x0000130e      0x27a contiki-sky.a(contikimac.o)
 .bss           0x00001588       0xe8 contiki-sky.a(phase.o)
 .bss           0x00001670       0x42 contiki-sky.a(process.o)
                0x00001670                process_list
                0x00001672                process_current
 .bss           0x000016b2        0x8 contiki-sky.a(compower.o)
 .bss           0x000016ba      0x10a contiki-sky.a(serial-line.o)
 .bss           0x000017c4        0x6 contiki-sky.a(etimer.o)
 .bss           0x000017ca        0x4 contiki-sky.a(ctimer.o)
 .bss           0x000017ce        0x2 contiki-sky.a(rtimer.o)
 .bss           0x000017d0       0xba contiki-sky.a(packetbuf.o)
 .bss           0x0000188a      0xc4e contiki-sky.a(queuebuf.o)
 .bss           0x000024d8        0x8 contiki-sky.a(button-sensor.o)
 .bss           0x000024e0        0x2 contiki-sky.a(node-id.o)
                0x000024e0                node_id
 .bss           0x000024e2        0x6 contiki-sky.a(sensors.o)
 .bss           0x000024e8        0xa contiki-sky.a(cc2420.o)
 .bss           0x000024f2       0x9a contiki-sky.a(uart1.o)
 .bss           0x0000258c        0xa contiki-sky.a(clock.o)
 .bss           0x00002596        0x2 contiki-sky.a(leds.o)
 .bss           0x00002598        0x2 contiki-sky.a(watchdog.o)
 .bss           0x0000259a        0x2 contiki-sky.a(framer-802154.o)
 *(SORT(.bss.*))
 *(COMMON)
 COMMON         0x0000259c        0x2 contiki-sky.a(rimeaddr.o)
                0x0000259c                rimeaddr_node_addr
 COMMON         0x0000259e       0x48 contiki-sky.a(rimestats.o)
                0x0000259e                rimestats
 COMMON         0x000025e6        0x1 contiki-sky.a(process.o)
                0x000025e6                process_maxevents
 *fill*         0x000025e7        0x1 00
 COMMON         0x000025e8        0x8 contiki-sky.a(compower.o)
                0x000025e8                compower_idle_activity
 COMMON         0x000025f0        0x1 contiki-sky.a(serial-line.o)
                0x000025f0                serial_line_event_message
 *fill*         0x000025f1        0x1 00
 COMMON         0x000025f2       0x56 contiki-sky.a(energest.o)
                0x000025f2                energest_total_time
                0x00002622                energest_total_count
                0x00002624                energest_current_mode
                0x00002630                energest_current_time
 COMMON         0x00002648       0x38 contiki-sky.a(packetbuf.o)
                0x00002648                packetbuf_addrs
                0x00002650                packetbuf_attrs
 COMMON         0x00002680        0x2 contiki-sky.a(contiki-sky-pla)
                0x00002680                sensors_flags
 COMMON         0x00002682        0x8 contiki-sky.a(ds2411.o)
                0x00002682                ds2411_id
 COMMON         0x0000268a        0x1 contiki-sky.a(sensors.o)
                0x0000268a                sensors_event
 *fill*         0x0000268b        0x1 00
 COMMON         0x0000268c       0x14 contiki-sky.a(cc2420.o)
                0x0000268c                cc2420_last_rssi
                0x0000268e                cc2420_packets_read
                0x00002690                cc2420_packets_seen
                0x00002692                cc2420_sfd_start_time
                0x00002694                cc2420_time_of_departure
                0x00002696                cc2420_time_of_arrival
                0x00002698                cc2420_last_correlation
                0x0000269a                cc2420_authority_level_of_sender
                0x0000269c                cc2420_sfd_counter
                0x0000269e                cc2420_sfd_end_time
 COMMON         0x000026a0        0x2 contiki-sky.a(msp430.o)
                0x000026a0                msp430_dco_required
                0x000026a2                PROVIDE (__bss_end, .)
                0x000026a2                _end = .
                0x00001516                PROVIDE (__bss_size, SIZEOF (.bss))

.noinit         0x000026a2        0x0 load address 0x00008e10
                0x000026a2                PROVIDE (__noinit_start, .)
 *(.noinit)
 *(.noinit.*)
 *(COMMON)
                0x000026a2                PROVIDE (__noinit_end, .)
                0x000026a2                _end = .

.infomem        0x00001000        0x0
 *(.infomem)
                0x00001000                . = ALIGN (0x2)
 *(.infomem.*)

.infomemnobits  0x00001000        0x0
                0x00001000                . = ALIGN (0x2)
 *(.infomemnobits)
                0x00001000                . = ALIGN (0x2)
 *(.infomemnobits.*)

.vectors        0x0000ffe0       0x20
                0x0000ffe0                PROVIDE (__vectors_start, .)
 *(.vectors*)
 .vectors       0x0000ffe0       0x20 /usr/lib/gcc/msp430/4.5.3/mmpy-16/crt0ivtbl16.o
                0x0000ffe0                __ivtbl_16
                0x00010000                _vectors_end = .

.fartext        0x00000000        0x0
                0x00000000                . = ALIGN (0x2)
 *(.fartext)
                0x00000000                . = ALIGN (0x2)
 *(.fartext.*)
                0x00000000                _efartext = .

.profiler
 *(.profiler)

.stab
 *(.stab)

.stabstr
 *(.stabstr)

.stab.excl
 *(.stab.excl)

.stab.exclstr
 *(.stab.exclstr)

.stab.index
 *(.stab.index)

.stab.indexstr
 *(.stab.indexstr)

.comment
 *(.comment)

.debug
 *(.debug)

.line
 *(.line)

.debug_srcinfo
 *(.debug_srcinfo)

.debug_sfnames
 *(.debug_sfnames)

.debug_aranges  0x00000000      0x904
 *(.debug_aranges)
 .debug_aranges
                0x00000000       0x14 hello-world.co
 .debug_aranges
                0x00000014       0x18 obj_sky/contiki-sky-main.o
 .debug_aranges
                0x0000002c       0x1c contiki-sky.a(rimeaddr.o)
 .debug_aranges
                0x00000048       0x28 contiki-sky.a(rime.o)
 .debug_aranges
                0x00000070       0x3c contiki-sky.a(announcement.o)
 .debug_aranges
                0x000000ac       0x34 contiki-sky.a(broadcast-annou)
 .debug_aranges
                0x000000e0       0x24 contiki-sky.a(broadcast.o)
 .debug_aranges
                0x00000104       0x24 contiki-sky.a(abc.o)
 .debug_aranges
                0x00000128       0x20 contiki-sky.a(chameleon.o)
 .debug_aranges
                0x00000148       0x24 contiki-sky.a(channel.o)
 .debug_aranges
                0x0000016c       0x2c contiki-sky.a(chameleon-bitop)
 .debug_aranges
                0x00000198       0x34 contiki-sky.a(csma.o)
 .debug_aranges
                0x000001cc       0x4c contiki-sky.a(contikimac.o)
 .debug_aranges
                0x00000218       0x28 contiki-sky.a(phase.o)
 .debug_aranges
                0x00000240       0x44 contiki-sky.a(process.o)
 .debug_aranges
                0x00000284       0x18 contiki-sky.a(autostart.o)
 .debug_aranges
                0x0000029c       0x24 contiki-sky.a(compower.o)
 .debug_aranges
                0x000002c0       0x1c contiki-sky.a(serial-line.o)
 .debug_aranges
                0x000002dc       0x20 contiki-sky.a(memb.o)
 .debug_aranges
                0x000002fc       0x24 contiki-sky.a(timer.o)
 .debug_aranges
                0x00000320       0x40 contiki-sky.a(list.o)
 .debug_aranges
                0x00000360       0x48 contiki-sky.a(etimer.o)
 .debug_aranges
                0x000003a8       0x2c contiki-sky.a(ctimer.o)
 .debug_aranges
                0x000003d4       0x24 contiki-sky.a(energest.o)
 .debug_aranges
                0x000003f8       0x1c contiki-sky.a(rtimer.o)
 .debug_aranges
                0x00000414       0x18 contiki-sky.a(random.o)
 .debug_aranges
                0x0000042c       0x24 contiki-sky.a(ringbuf.o)
 .debug_aranges
                0x00000450       0x64 contiki-sky.a(packetbuf.o)
 .debug_aranges
                0x000004b4       0x38 contiki-sky.a(queuebuf.o)
 .debug_aranges
                0x000004ec       0x14 contiki-sky.a(contiki-sky-pla)
 .debug_aranges
                0x00000500       0x20 contiki-sky.a(button-sensor.o)
 .debug_aranges
                0x00000520       0x1c contiki-sky.a(ds2411.o)
 .debug_aranges
                0x0000053c       0x28 contiki-sky.a(xmem.o)
 .debug_aranges
                0x00000564       0x18 contiki-sky.a(node-id.o)
 .debug_aranges
                0x0000057c       0x28 contiki-sky.a(sensors.o)
 .debug_aranges
                0x000005a4       0x88 contiki-sky.a(cc2420.o)
 .debug_aranges
                0x0000062c       0x18 contiki-sky.a(cc2420-arch.o)
 .debug_aranges
                0x00000644       0x24 contiki-sky.a(uart1.o)
 .debug_aranges
                0x00000668       0x14 contiki-sky.a(uart1-putchar.o)
 .debug_aranges
                0x0000067c       0x2c contiki-sky.a(msp430.o)
 .debug_aranges
                0x000006a8       0x3c contiki-sky.a(clock.o)
 .debug_aranges
                0x000006e4       0x30 contiki-sky.a(leds.o)
 .debug_aranges
                0x00000714       0x1c contiki-sky.a(leds-arch.o)
 .debug_aranges
                0x00000730       0x28 contiki-sky.a(watchdog.o)
 .debug_aranges
                0x00000758       0x20 contiki-sky.a(rtimer-arch.o)
 .debug_aranges
                0x00000778       0x14 contiki-sky.a(mac.o)
 .debug_aranges
                0x0000078c       0x18 contiki-sky.a(framer-802154.o)
 .debug_aranges
                0x000007a4       0x14 contiki-sky.a(spi.o)
 .debug_aranges
                0x000007b8       0x20 contiki-sky.a(frame802154.o)
 .debug_aranges
                0x000007d8       0x14 /usr/lib/gcc/msp430/4.5.3/mmpy-16/libgcc.a(_mulsi3.o)
 .debug_aranges
                0x000007ec       0x14 /usr/lib/gcc/msp430/4.5.3/mmpy-16/libgcc.a(_udivmodhi4.o)
 .debug_aranges
                0x00000800       0x14 /usr/lib/gcc/msp430/4.5.3/mmpy-16/libgcc.a(_udivmodsi4.o)
 .debug_aranges
                0x00000814       0x14 /usr/lib/gcc/msp430/4.5.3/../../../../msp430/lib/mmpy-16/libc.a(memcpy.o)
 .debug_aranges
                0x00000828       0x14 /usr/lib/gcc/msp430/4.5.3/../../../../msp430/lib/mmpy-16/libc.a(memset.o)
 .debug_aranges
                0x0000083c       0x14 /usr/lib/gcc/msp430/4.5.3/../../../../msp430/lib/mmpy-16/libc.a(printf.o)
 .debug_aranges
                0x00000850       0x14 /usr/lib/gcc/msp430/4.5.3/../../../../msp430/lib/mmpy-16/libc.a(vuprintf.o)
 .debug_aranges
                0x00000864       0x14 /usr/lib/gcc/msp430/4.5.3/../../../../msp430/lib/mmpy-16/libc.a(puts.o)
 .debug_aranges
                0x00000878       0x14 /usr/lib/gcc/msp430/4.5.3/../../../../msp430/lib/mmpy-16/libc.a(rand.o)
 .debug_aranges
                0x0000088c       0x14 /usr/lib/gcc/msp430/4.5.3/mmpy-16/libcrt0.a(__init_stack.o)
 .debug_aranges
                0x000008a0       0x14 /usr/lib/gcc/msp430/4.5.3/mmpy-16/libcrt0.a(__low_level_init.o)
 .debug_aranges
                0x000008b4       0x14 /usr/lib/gcc/msp430/4.5.3/mmpy-16/libcrt0.a(_copy_data.o)
 .debug_aranges
                0x000008c8       0x14 /usr/lib/gcc/msp430/4.5.3/mmpy-16/libcrt0.a(_clear_bss.o)
 .debug_aranges
                0x000008dc       0x14 /usr/lib/gcc/msp430/4.5.3/mmpy-16/libcrt0.a(_endless_loop__.o)
 .debug_aranges
                0x000008f0       0x14 /usr/lib/gcc/msp430/4.5.3/mmpy-16/libcrt0.a(_unexpected_.o)

.debug_pubnames
                0x00000000     0x1996
 *(.debug_pubnames)
 .debug_pubnames
                0x00000000       0x42 hello-world.co
 .debug_pubnames
                0x00000042       0x27 obj_sky/contiki-sky-main.o
 .debug_pubnames
                0x00000069       0x79 contiki-sky.a(rimeaddr.o)
 .debug_pubnames
                0x000000e2       0x5f contiki-sky.a(rime.o)
 .debug_pubnames
                0x00000141       0x20 contiki-sky.a(rimestats.o)
 .debug_pubnames
                0x00000161      0x144 contiki-sky.a(announcement.o)
 .debug_pubnames
                0x000002a5       0x7d contiki-sky.a(broadcast-annou)
 .debug_pubnames
                0x00000322       0x4c contiki-sky.a(broadcast.o)
 .debug_pubnames
                0x0000036e       0x55 contiki-sky.a(abc.o)
 .debug_pubnames
                0x000003c3       0x64 contiki-sky.a(chameleon.o)
 .debug_pubnames
                0x00000427       0x74 contiki-sky.a(channel.o)
 .debug_pubnames
                0x0000049b       0x6b contiki-sky.a(chameleon-bitop)
 .debug_pubnames
                0x00000506       0x22 contiki-sky.a(csma.o)
 .debug_pubnames
                0x00000528       0x52 contiki-sky.a(contikimac.o)
 .debug_pubnames
                0x0000057a       0x64 contiki-sky.a(phase.o)
 .debug_pubnames
                0x000005de      0x10d contiki-sky.a(process.o)
 .debug_pubnames
                0x000006eb       0x39 contiki-sky.a(autostart.o)
 .debug_pubnames
                0x00000724       0x9e contiki-sky.a(compower.o)
 .debug_pubnames
                0x000007c2       0x78 contiki-sky.a(serial-line.o)
 .debug_pubnames
                0x0000083a       0x4d contiki-sky.a(memb.o)
 .debug_pubnames
                0x00000887       0x68 contiki-sky.a(timer.o)
 .debug_pubnames
                0x000008ef       0xc3 contiki-sky.a(list.o)
 .debug_pubnames
                0x000009b2      0x109 contiki-sky.a(etimer.o)
 .debug_pubnames
                0x00000abb       0x8b contiki-sky.a(ctimer.o)
 .debug_pubnames
                0x00000b46       0xec contiki-sky.a(energest.o)
 .debug_pubnames
                0x00000c32       0x45 contiki-sky.a(rtimer.o)
 .debug_pubnames
                0x00000c77       0x32 contiki-sky.a(random.o)
 .debug_pubnames
                0x00000ca9       0x69 contiki-sky.a(ringbuf.o)
 .debug_pubnames
                0x00000d12      0x22c contiki-sky.a(packetbuf.o)
 .debug_pubnames
                0x00000f3e       0xff contiki-sky.a(queuebuf.o)
 .debug_pubnames
                0x0000103d       0x42 contiki-sky.a(contiki-sky-pla)
 .debug_pubnames
                0x0000107f       0x2f contiki-sky.a(button-sensor.o)
 .debug_pubnames
                0x000010ae       0x30 contiki-sky.a(ds2411.o)
 .debug_pubnames
                0x000010de       0x4e contiki-sky.a(xmem.o)
 .debug_pubnames
                0x0000112c       0x43 contiki-sky.a(node-id.o)
 .debug_pubnames
                0x0000116f       0x80 contiki-sky.a(sensors.o)
 .debug_pubnames
                0x000011ef      0x236 contiki-sky.a(cc2420.o)
 .debug_pubnames
                0x00001425       0x42 contiki-sky.a(cc2420-arch.o)
 .debug_pubnames
                0x00001467       0x57 contiki-sky.a(uart1.o)
 .debug_pubnames
                0x000014be       0x1e contiki-sky.a(uart1-putchar.o)
 .debug_pubnames
                0x000014dc       0xad contiki-sky.a(msp430.o)
 .debug_pubnames
                0x00001589       0xc5 contiki-sky.a(clock.o)
 .debug_pubnames
                0x0000164e       0x75 contiki-sky.a(leds.o)
 .debug_pubnames
                0x000016c3       0x49 contiki-sky.a(leds-arch.o)
 .debug_pubnames
                0x0000170c       0x8a contiki-sky.a(watchdog.o)
 .debug_pubnames
                0x00001796       0x60 contiki-sky.a(rtimer-arch.o)
 .debug_pubnames
                0x000017f6       0x2d contiki-sky.a(mac.o)
 .debug_pubnames
                0x00001823       0x24 contiki-sky.a(framer-802154.o)
 .debug_pubnames
                0x00001847       0x2c contiki-sky.a(spi.o)
 .debug_pubnames
                0x00001873       0x56 contiki-sky.a(frame802154.o)
 .debug_pubnames
                0x000018c9       0x1d /usr/lib/gcc/msp430/4.5.3/../../../../msp430/lib/mmpy-16/libc.a(memcpy.o)
 .debug_pubnames
                0x000018e6       0x1d /usr/lib/gcc/msp430/4.5.3/../../../../msp430/lib/mmpy-16/libc.a(memset.o)
 .debug_pubnames
                0x00001903       0x29 /usr/lib/gcc/msp430/4.5.3/../../../../msp430/lib/mmpy-16/libc.a(printf.o)
 .debug_pubnames
                0x0000192c       0x1f /usr/lib/gcc/msp430/4.5.3/../../../../msp430/lib/mmpy-16/libc.a(vuprintf.o)
 .debug_pubnames
                0x0000194b       0x1b /usr/lib/gcc/msp430/4.5.3/../../../../msp430/lib/mmpy-16/libc.a(puts.o)
 .debug_pubnames
                0x00001966       0x30 /usr/lib/gcc/msp430/4.5.3/../../../../msp430/lib/mmpy-16/libc.a(rand.o)

.debug_info     0x00000000     0xedea
 *(.debug_info)
 .debug_info    0x00000000      0x2b0 hello-world.co
 .debug_info    0x000002b0      0x7e0 obj_sky/contiki-sky-main.o
 .debug_info    0x00000a90      0x1c0 contiki-sky.a(rimeaddr.o)
 .debug_info    0x00000c50      0x5f3 contiki-sky.a(rime.o)
 .debug_info    0x00001243      0x140 contiki-sky.a(rimestats.o)
 .debug_info    0x00001383      0x3a9 contiki-sky.a(announcement.o)
 .debug_info    0x0000172c      0x88f contiki-sky.a(broadcast-annou)
 .debug_info    0x00001fbb      0x5c6 contiki-sky.a(broadcast.o)
 .debug_info    0x00002581      0x495 contiki-sky.a(abc.o)
 .debug_info    0x00002a16      0x409 contiki-sky.a(chameleon.o)
 .debug_info    0x00002e1f      0x2d7 contiki-sky.a(channel.o)
 .debug_info    0x000030f6      0x785 contiki-sky.a(chameleon-bitop)
 .debug_info    0x0000387b      0xbc8 contiki-sky.a(csma.o)
 .debug_info    0x00004443     0x110c contiki-sky.a(contikimac.o)
 .debug_info    0x0000554f      0x89e contiki-sky.a(phase.o)
 .debug_info    0x00005ded      0x51f contiki-sky.a(process.o)
 .debug_info    0x0000630c      0x1b1 contiki-sky.a(autostart.o)
 .debug_info    0x000064bd      0x423 contiki-sky.a(compower.o)
 .debug_info    0x000068e0      0x35b contiki-sky.a(serial-line.o)
 .debug_info    0x00006c3b      0x198 contiki-sky.a(memb.o)
 .debug_info    0x00006dd3      0x16d contiki-sky.a(timer.o)
 .debug_info    0x00006f40      0x2f3 contiki-sky.a(list.o)
 .debug_info    0x00007233      0x498 contiki-sky.a(etimer.o)
 .debug_info    0x000076cb      0x4a7 contiki-sky.a(ctimer.o)
 .debug_info    0x00007b72      0x272 contiki-sky.a(energest.o)
 .debug_info    0x00007de4      0x207 contiki-sky.a(rtimer.o)
 .debug_info    0x00007feb       0xa4 contiki-sky.a(random.o)
 .debug_info    0x0000808f      0x1ad contiki-sky.a(ringbuf.o)
 .debug_info    0x0000823c      0x5ff contiki-sky.a(packetbuf.o)
 .debug_info    0x0000883b      0x6e3 contiki-sky.a(queuebuf.o)
 .debug_info    0x00008f1e      0x2b9 contiki-sky.a(contiki-sky-pla)
 .debug_info    0x000091d7      0x496 contiki-sky.a(button-sensor.o)
 .debug_info    0x0000966d      0x2cf contiki-sky.a(ds2411.o)
 .debug_info    0x0000993c      0x52b contiki-sky.a(xmem.o)
 .debug_info    0x00009e67       0xe8 contiki-sky.a(node-id.o)
 .debug_info    0x00009f4f      0x405 contiki-sky.a(sensors.o)
 .debug_info    0x0000a354     0x1424 contiki-sky.a(cc2420.o)
 .debug_info    0x0000b778      0x2ad contiki-sky.a(cc2420-arch.o)
 .debug_info    0x0000ba25      0x632 contiki-sky.a(uart1.o)
 .debug_info    0x0000c057       0x8f contiki-sky.a(uart1-putchar.o)
 .debug_info    0x0000c0e6      0x40b contiki-sky.a(msp430.o)
 .debug_info    0x0000c4f1      0x43a contiki-sky.a(clock.o)
 .debug_info    0x0000c92b      0x2a0 contiki-sky.a(leds.o)
 .debug_info    0x0000cbcb      0x111 contiki-sky.a(leds-arch.o)
 .debug_info    0x0000ccdc      0x1bc contiki-sky.a(watchdog.o)
 .debug_info    0x0000ce98      0x255 contiki-sky.a(rtimer-arch.o)
 .debug_info    0x0000d0ed      0x110 contiki-sky.a(mac.o)
 .debug_info    0x0000d1fd      0x640 contiki-sky.a(framer-802154.o)
 .debug_info    0x0000d83d      0x1a8 contiki-sky.a(spi.o)
 .debug_info    0x0000d9e5      0x494 contiki-sky.a(frame802154.o)
 .debug_info    0x0000de79       0xd7 /usr/lib/gcc/msp430/4.5.3/mmpy-16/libgcc.a(_mulsi3.o)
 .debug_info    0x0000df50       0xd7 /usr/lib/gcc/msp430/4.5.3/mmpy-16/libgcc.a(_udivmodhi4.o)
 .debug_info    0x0000e027       0xd7 /usr/lib/gcc/msp430/4.5.3/mmpy-16/libgcc.a(_udivmodsi4.o)
 .debug_info    0x0000e0fe      0x113 /usr/lib/gcc/msp430/4.5.3/../../../../msp430/lib/mmpy-16/libc.a(memcpy.o)
 .debug_info    0x0000e211       0xfe /usr/lib/gcc/msp430/4.5.3/../../../../msp430/lib/mmpy-16/libc.a(memset.o)
 .debug_info    0x0000e30f      0x103 /usr/lib/gcc/msp430/4.5.3/../../../../msp430/lib/mmpy-16/libc.a(printf.o)
 .debug_info    0x0000e412      0x3b5 /usr/lib/gcc/msp430/4.5.3/../../../../msp430/lib/mmpy-16/libc.a(vuprintf.o)
 .debug_info    0x0000e7c7       0x96 /usr/lib/gcc/msp430/4.5.3/../../../../msp430/lib/mmpy-16/libc.a(puts.o)
 .debug_info    0x0000e85d      0x137 /usr/lib/gcc/msp430/4.5.3/../../../../msp430/lib/mmpy-16/libc.a(rand.o)
 .debug_info    0x0000e994       0xb9 /usr/lib/gcc/msp430/4.5.3/mmpy-16/libcrt0.a(__init_stack.o)
 .debug_info    0x0000ea4d       0xb9 /usr/lib/gcc/msp430/4.5.3/mmpy-16/libcrt0.a(__low_level_init.o)
 .debug_info    0x0000eb06       0xb9 /usr/lib/gcc/msp430/4.5.3/mmpy-16/libcrt0.a(_copy_data.o)
 .debug_info    0x0000ebbf       0xb9 /usr/lib/gcc/msp430/4.5.3/mmpy-16/libcrt0.a(_clear_bss.o)
 .debug_info    0x0000ec78       0xb9 /usr/lib/gcc/msp430/4.5.3/mmpy-16/libcrt0.a(_endless_loop__.o)
 .debug_info    0x0000ed31       0xb9 /usr/lib/gcc/msp430/4.5.3/mmpy-16/libcrt0.a(_unexpected_.o)
 *(.gnu.linkonce.wi.*)

.debug_abbrev   0x00000000     0x585a
 *(.debug_abbrev)
 .debug_abbrev  0x00000000      0x175 hello-world.co
 .debug_abbrev  0x00000175      0x274 obj_sky/contiki-sky-main.o
 .debug_abbrev  0x000003e9      0x176 contiki-sky.a(rimeaddr.o)
 .debug_abbrev  0x0000055f      0x1f0 contiki-sky.a(rime.o)
 .debug_abbrev  0x0000074f       0x5d contiki-sky.a(rimestats.o)
 .debug_abbrev  0x000007ac      0x183 contiki-sky.a(announcement.o)
 .debug_abbrev  0x0000092f      0x254 contiki-sky.a(broadcast-annou)
 .debug_abbrev  0x00000b83      0x224 contiki-sky.a(broadcast.o)
 .debug_abbrev  0x00000da7      0x1aa contiki-sky.a(abc.o)
 .debug_abbrev  0x00000f51      0x1e7 contiki-sky.a(chameleon.o)
 .debug_abbrev  0x00001138      0x182 contiki-sky.a(channel.o)
 .debug_abbrev  0x000012ba      0x28e contiki-sky.a(chameleon-bitop)
 .debug_abbrev  0x00001548      0x36e contiki-sky.a(csma.o)
 .debug_abbrev  0x000018b6      0x3ac contiki-sky.a(contikimac.o)
 .debug_abbrev  0x00001c62      0x231 contiki-sky.a(phase.o)
 .debug_abbrev  0x00001e93      0x2f8 contiki-sky.a(process.o)
 .debug_abbrev  0x0000218b       0xf7 contiki-sky.a(autostart.o)
 .debug_abbrev  0x00002282      0x211 contiki-sky.a(compower.o)
 .debug_abbrev  0x00002493      0x1d7 contiki-sky.a(serial-line.o)
 .debug_abbrev  0x0000266a       0xec contiki-sky.a(memb.o)
 .debug_abbrev  0x00002756       0xfa contiki-sky.a(timer.o)
 .debug_abbrev  0x00002850      0x153 contiki-sky.a(list.o)
 .debug_abbrev  0x000029a3      0x22b contiki-sky.a(etimer.o)
 .debug_abbrev  0x00002bce      0x1de contiki-sky.a(ctimer.o)
 .debug_abbrev  0x00002dac      0x146 contiki-sky.a(energest.o)
 .debug_abbrev  0x00002ef2      0x13b contiki-sky.a(rtimer.o)
 .debug_abbrev  0x0000302d       0x69 contiki-sky.a(random.o)
 .debug_abbrev  0x00003096      0x10b contiki-sky.a(ringbuf.o)
 .debug_abbrev  0x000031a1      0x25d contiki-sky.a(packetbuf.o)
 .debug_abbrev  0x000033fe      0x234 contiki-sky.a(queuebuf.o)
 .debug_abbrev  0x00003632      0x12c contiki-sky.a(contiki-sky-pla)
 .debug_abbrev  0x0000375e      0x18a contiki-sky.a(button-sensor.o)
 .debug_abbrev  0x000038e8      0x1b5 contiki-sky.a(ds2411.o)
 .debug_abbrev  0x00003a9d      0x206 contiki-sky.a(xmem.o)
 .debug_abbrev  0x00003ca3       0x95 contiki-sky.a(node-id.o)
 .debug_abbrev  0x00003d38      0x1ed contiki-sky.a(sensors.o)
 .debug_abbrev  0x00003f25      0x412 contiki-sky.a(cc2420.o)
 .debug_abbrev  0x00004337      0x13f contiki-sky.a(cc2420-arch.o)
 .debug_abbrev  0x00004476      0x1d7 contiki-sky.a(uart1.o)
 .debug_abbrev  0x0000464d       0x52 contiki-sky.a(uart1-putchar.o)
 .debug_abbrev  0x0000469f      0x192 contiki-sky.a(msp430.o)
 .debug_abbrev  0x00004831      0x1b5 contiki-sky.a(clock.o)
 .debug_abbrev  0x000049e6      0x139 contiki-sky.a(leds.o)
 .debug_abbrev  0x00004b1f       0xa8 contiki-sky.a(leds-arch.o)
 .debug_abbrev  0x00004bc7       0xdb contiki-sky.a(watchdog.o)
 .debug_abbrev  0x00004ca2      0x137 contiki-sky.a(rtimer-arch.o)
 .debug_abbrev  0x00004dd9       0xa2 contiki-sky.a(mac.o)
 .debug_abbrev  0x00004e7b      0x222 contiki-sky.a(framer-802154.o)
 .debug_abbrev  0x0000509d       0x81 contiki-sky.a(spi.o)
 .debug_abbrev  0x0000511e      0x18f contiki-sky.a(frame802154.o)
 .debug_abbrev  0x000052ad       0x14 /usr/lib/gcc/msp430/4.5.3/mmpy-16/libgcc.a(_mulsi3.o)
 .debug_abbrev  0x000052c1       0x14 /usr/lib/gcc/msp430/4.5.3/mmpy-16/libgcc.a(_udivmodhi4.o)
 .debug_abbrev  0x000052d5       0x14 /usr/lib/gcc/msp430/4.5.3/mmpy-16/libgcc.a(_udivmodsi4.o)
 .debug_abbrev  0x000052e9       0x97 /usr/lib/gcc/msp430/4.5.3/../../../../msp430/lib/mmpy-16/libc.a(memcpy.o)
 .debug_abbrev  0x00005380       0x8d /usr/lib/gcc/msp430/4.5.3/../../../../msp430/lib/mmpy-16/libc.a(memset.o)
 .debug_abbrev  0x0000540d       0xce /usr/lib/gcc/msp430/4.5.3/../../../../msp430/lib/mmpy-16/libc.a(printf.o)
 .debug_abbrev  0x000054db      0x1cb /usr/lib/gcc/msp430/4.5.3/../../../../msp430/lib/mmpy-16/libc.a(vuprintf.o)
 .debug_abbrev  0x000056a6       0x60 /usr/lib/gcc/msp430/4.5.3/../../../../msp430/lib/mmpy-16/libc.a(puts.o)
 .debug_abbrev  0x00005706       0xdc /usr/lib/gcc/msp430/4.5.3/../../../../msp430/lib/mmpy-16/libc.a(rand.o)
 .debug_abbrev  0x000057e2       0x14 /usr/lib/gcc/msp430/4.5.3/mmpy-16/libcrt0.a(__init_stack.o)
 .debug_abbrev  0x000057f6       0x14 /usr/lib/gcc/msp430/4.5.3/mmpy-16/libcrt0.a(__low_level_init.o)
 .debug_abbrev  0x0000580a       0x14 /usr/lib/gcc/msp430/4.5.3/mmpy-16/libcrt0.a(_copy_data.o)
 .debug_abbrev  0x0000581e       0x14 /usr/lib/gcc/msp430/4.5.3/mmpy-16/libcrt0.a(_clear_bss.o)
 .debug_abbrev  0x00005832       0x14 /usr/lib/gcc/msp430/4.5.3/mmpy-16/libcrt0.a(_endless_loop__.o)
 .debug_abbrev  0x00005846       0x14 /usr/lib/gcc/msp430/4.5.3/mmpy-16/libcrt0.a(_unexpected_.o)

.debug_line     0x00000000     0x5510
 *(.debug_line)
 .debug_line    0x00000000       0xde hello-world.co
 .debug_line    0x000000de      0x280 obj_sky/contiki-sky-main.o
 .debug_line    0x0000035e       0xd2 contiki-sky.a(rimeaddr.o)
 .debug_line    0x00000430      0x196 contiki-sky.a(rime.o)
 .debug_line    0x000005c6       0x5f contiki-sky.a(rimestats.o)
 .debug_line    0x00000625      0x194 contiki-sky.a(announcement.o)
 .debug_line    0x000007b9      0x269 contiki-sky.a(broadcast-annou)
 .debug_line    0x00000a22      0x15b contiki-sky.a(broadcast.o)
 .debug_line    0x00000b7d      0x13a contiki-sky.a(abc.o)
 .debug_line    0x00000cb7      0x130 contiki-sky.a(chameleon.o)
 .debug_line    0x00000de7      0x13a contiki-sky.a(channel.o)
 .debug_line    0x00000f21      0x257 contiki-sky.a(chameleon-bitop)
 .debug_line    0x00001178      0x2a1 contiki-sky.a(csma.o)
 .debug_line    0x00001419      0x523 contiki-sky.a(contikimac.o)
 .debug_line    0x0000193c      0x24c contiki-sky.a(phase.o)
 .debug_line    0x00001b88      0x1cd contiki-sky.a(process.o)
 .debug_line    0x00001d55       0x9d contiki-sky.a(autostart.o)
 .debug_line    0x00001df2      0x152 contiki-sky.a(compower.o)
 .debug_line    0x00001f44      0x157 contiki-sky.a(serial-line.o)
 .debug_line    0x0000209b       0xbf contiki-sky.a(memb.o)
 .debug_line    0x0000215a       0xc6 contiki-sky.a(timer.o)
 .debug_line    0x00002220      0x158 contiki-sky.a(list.o)
 .debug_line    0x00002378      0x200 contiki-sky.a(etimer.o)
 .debug_line    0x00002578      0x1a0 contiki-sky.a(ctimer.o)
 .debug_line    0x00002718       0xc9 contiki-sky.a(energest.o)
 .debug_line    0x000027e1       0x95 contiki-sky.a(rtimer.o)
 .debug_line    0x00002876       0x53 contiki-sky.a(random.o)
 .debug_line    0x000028c9       0xf1 contiki-sky.a(ringbuf.o)
 .debug_line    0x000029ba      0x27d contiki-sky.a(packetbuf.o)
 .debug_line    0x00002c37      0x1be contiki-sky.a(queuebuf.o)
 .debug_line    0x00002df5       0xd4 contiki-sky.a(contiki-sky-pla)
 .debug_line    0x00002ec9      0x194 contiki-sky.a(button-sensor.o)
 .debug_line    0x0000305d      0x13d contiki-sky.a(ds2411.o)
 .debug_line    0x0000319a      0x203 contiki-sky.a(xmem.o)
 .debug_line    0x0000339d       0x77 contiki-sky.a(node-id.o)
 .debug_line    0x00003414      0x143 contiki-sky.a(sensors.o)
 .debug_line    0x00003557      0x75a contiki-sky.a(cc2420.o)
 .debug_line    0x00003cb1      0x125 contiki-sky.a(cc2420-arch.o)
 .debug_line    0x00003dd6      0x1a8 contiki-sky.a(uart1.o)
 .debug_line    0x00003f7e       0x8f contiki-sky.a(uart1-putchar.o)
 .debug_line    0x0000400d      0x171 contiki-sky.a(msp430.o)
 .debug_line    0x0000417e      0x202 contiki-sky.a(clock.o)
 .debug_line    0x00004380      0x10a contiki-sky.a(leds.o)
 .debug_line    0x0000448a       0xf0 contiki-sky.a(leds-arch.o)
 .debug_line    0x0000457a      0x107 contiki-sky.a(watchdog.o)
 .debug_line    0x00004681      0x10e contiki-sky.a(rtimer-arch.o)
 .debug_line    0x0000478f       0x63 contiki-sky.a(mac.o)
 .debug_line    0x000047f2      0x172 contiki-sky.a(framer-802154.o)
 .debug_line    0x00004964       0x99 contiki-sky.a(spi.o)
 .debug_line    0x000049fd      0x1c7 contiki-sky.a(frame802154.o)
 .debug_line    0x00004bc4       0x9d /usr/lib/gcc/msp430/4.5.3/mmpy-16/libgcc.a(_mulsi3.o)
 .debug_line    0x00004c61       0x9a /usr/lib/gcc/msp430/4.5.3/mmpy-16/libgcc.a(_udivmodhi4.o)
 .debug_line    0x00004cfb       0xa1 /usr/lib/gcc/msp430/4.5.3/mmpy-16/libgcc.a(_udivmodsi4.o)
 .debug_line    0x00004d9c       0xf3 /usr/lib/gcc/msp430/4.5.3/../../../../msp430/lib/mmpy-16/libc.a(memcpy.o)
 .debug_line    0x00004e8f       0xbd /usr/lib/gcc/msp430/4.5.3/../../../../msp430/lib/mmpy-16/libc.a(memset.o)
 .debug_line    0x00004f4c       0x72 /usr/lib/gcc/msp430/4.5.3/../../../../msp430/lib/mmpy-16/libc.a(printf.o)
 .debug_line    0x00004fbe      0x198 /usr/lib/gcc/msp430/4.5.3/../../../../msp430/lib/mmpy-16/libc.a(vuprintf.o)
 .debug_line    0x00005156       0x4d /usr/lib/gcc/msp430/4.5.3/../../../../msp430/lib/mmpy-16/libc.a(puts.o)
 .debug_line    0x000051a3       0x52 /usr/lib/gcc/msp430/4.5.3/../../../../msp430/lib/mmpy-16/libc.a(rand.o)
 .debug_line    0x000051f5       0x82 /usr/lib/gcc/msp430/4.5.3/mmpy-16/libcrt0.a(__init_stack.o)
 .debug_line    0x00005277       0x84 /usr/lib/gcc/msp430/4.5.3/mmpy-16/libcrt0.a(__low_level_init.o)
 .debug_line    0x000052fb       0x88 /usr/lib/gcc/msp430/4.5.3/mmpy-16/libcrt0.a(_copy_data.o)
 .debug_line    0x00005383       0x88 /usr/lib/gcc/msp430/4.5.3/mmpy-16/libcrt0.a(_clear_bss.o)
 .debug_line    0x0000540b       0x83 /usr/lib/gcc/msp430/4.5.3/mmpy-16/libcrt0.a(_endless_loop__.o)
 .debug_line    0x0000548e       0x82 /usr/lib/gcc/msp430/4.5.3/mmpy-16/libcrt0.a(_unexpected_.o)

.debug_frame    0x00000000     0x1c26
 *(.debug_frame)
 .debug_frame   0x00000000       0x1e hello-world.co
 .debug_frame   0x0000001e       0xb6 obj_sky/contiki-sky-main.o
 .debug_frame   0x000000d4       0x36 contiki-sky.a(rimeaddr.o)
 .debug_frame   0x0000010a       0x8a contiki-sky.a(rime.o)
 .debug_frame   0x00000194       0xe8 contiki-sky.a(announcement.o)
 .debug_frame   0x0000027c       0xea contiki-sky.a(broadcast-annou)
 .debug_frame   0x00000366       0x6c contiki-sky.a(broadcast.o)
 .debug_frame   0x000003d2       0x5e contiki-sky.a(abc.o)
 .debug_frame   0x00000430       0x48 contiki-sky.a(chameleon.o)
 .debug_frame   0x00000478       0x5e contiki-sky.a(channel.o)
 .debug_frame   0x000004d6       0xea contiki-sky.a(chameleon-bitop)
 .debug_frame   0x000005c0       0xf6 contiki-sky.a(csma.o)
 .debug_frame   0x000006b6      0x182 contiki-sky.a(contikimac.o)
 .debug_frame   0x00000838       0xc4 contiki-sky.a(phase.o)
 .debug_frame   0x000008fc       0xe8 contiki-sky.a(process.o)
 .debug_frame   0x000009e4       0x36 contiki-sky.a(autostart.o)
 .debug_frame   0x00000a1a       0x5e contiki-sky.a(compower.o)
 .debug_frame   0x00000a78       0x40 contiki-sky.a(serial-line.o)
 .debug_frame   0x00000ab8       0x60 contiki-sky.a(memb.o)
 .debug_frame   0x00000b18       0x6a contiki-sky.a(timer.o)
 .debug_frame   0x00000b82       0xb6 contiki-sky.a(list.o)
 .debug_frame   0x00000c38       0xf8 contiki-sky.a(etimer.o)
 .debug_frame   0x00000d30       0xaa contiki-sky.a(ctimer.o)
 .debug_frame   0x00000dda       0x72 contiki-sky.a(energest.o)
 .debug_frame   0x00000e4c       0x36 contiki-sky.a(rtimer.o)
 .debug_frame   0x00000e82       0x2a contiki-sky.a(random.o)
 .debug_frame   0x00000eac       0x62 contiki-sky.a(ringbuf.o)
 .debug_frame   0x00000f0e      0x158 contiki-sky.a(packetbuf.o)
 .debug_frame   0x00001066       0xb2 contiki-sky.a(queuebuf.o)
 .debug_frame   0x00001118       0x1e contiki-sky.a(contiki-sky-pla)
 .debug_frame   0x00001136       0x70 contiki-sky.a(button-sensor.o)
 .debug_frame   0x000011a6       0x54 contiki-sky.a(ds2411.o)
 .debug_frame   0x000011fa       0xc4 contiki-sky.a(xmem.o)
 .debug_frame   0x000012be       0x32 contiki-sky.a(node-id.o)
 .debug_frame   0x000012f0       0x84 contiki-sky.a(sensors.o)
 .debug_frame   0x00001374      0x24e contiki-sky.a(cc2420.o)
 .debug_frame   0x000015c2       0x52 contiki-sky.a(cc2420-arch.o)
 .debug_frame   0x00001614       0x6c contiki-sky.a(uart1.o)
 .debug_frame   0x00001680       0x24 contiki-sky.a(uart1-putchar.o)
 .debug_frame   0x000016a4       0x76 contiki-sky.a(msp430.o)
 .debug_frame   0x0000171a       0xdc contiki-sky.a(clock.o)
 .debug_frame   0x000017f6       0x96 contiki-sky.a(leds.o)
 .debug_frame   0x0000188c       0x36 contiki-sky.a(leds-arch.o)
 .debug_frame   0x000018c2       0x5a contiki-sky.a(watchdog.o)
 .debug_frame   0x0000191c       0x6a contiki-sky.a(rtimer-arch.o)
 .debug_frame   0x00001986       0x24 contiki-sky.a(mac.o)
 .debug_frame   0x000019aa       0x40 contiki-sky.a(framer-802154.o)
 .debug_frame   0x000019ea       0x1e contiki-sky.a(spi.o)
 .debug_frame   0x00001a08       0x9a contiki-sky.a(frame802154.o)
 .debug_frame   0x00001aa2       0x32 /usr/lib/gcc/msp430/4.5.3/../../../../msp430/lib/mmpy-16/libc.a(memcpy.o)
 .debug_frame   0x00001ad4       0x32 /usr/lib/gcc/msp430/4.5.3/../../../../msp430/lib/mmpy-16/libc.a(memset.o)
 .debug_frame   0x00001b06       0x2a /usr/lib/gcc/msp430/4.5.3/../../../../msp430/lib/mmpy-16/libc.a(printf.o)
 .debug_frame   0x00001b30       0x82 /usr/lib/gcc/msp430/4.5.3/../../../../msp430/lib/mmpy-16/libc.a(vuprintf.o)
 .debug_frame   0x00001bb2       0x24 /usr/lib/gcc/msp430/4.5.3/../../../../msp430/lib/mmpy-16/libc.a(puts.o)
 .debug_frame   0x00001bd6       0x50 /usr/lib/gcc/msp430/4.5.3/../../../../msp430/lib/mmpy-16/libc.a(rand.o)

.debug_str      0x00000000     0x3694
 *(.debug_str)
 .debug_str     0x00000000      0x257 hello-world.co
                                0x2d4 (size before relaxing)
 .debug_str     0x00000257      0x20f obj_sky/contiki-sky-main.o
                                0x4b1 (size before relaxing)
 .debug_str     0x00000466       0x6d contiki-sky.a(rimeaddr.o)
                                0x148 (size before relaxing)
 .debug_str     0x000004d3      0x192 contiki-sky.a(rime.o)
                                0x36b (size before relaxing)
 .debug_str     0x00000665       0x1d contiki-sky.a(rimestats.o)
                                 0xfd (size before relaxing)
 .debug_str     0x00000682      0x19c contiki-sky.a(announcement.o)
                                0x2d3 (size before relaxing)
 .debug_str     0x0000081e      0x1c4 contiki-sky.a(broadcast-annou)
                                0x552 (size before relaxing)
 .debug_str     0x000009e2      0x344 contiki-sky.a(broadcast.o)
                                0x656 (size before relaxing)
 .debug_str     0x00000d26       0x46 contiki-sky.a(abc.o)
                                0x5e7 (size before relaxing)
 .debug_str     0x00000d6c       0x94 contiki-sky.a(chameleon.o)
                                0x4d7 (size before relaxing)
 .debug_str     0x00000e00       0x88 contiki-sky.a(channel.o)
                                0x1f9 (size before relaxing)
 .debug_str     0x00000e88       0xc1 contiki-sky.a(chameleon-bitop)
                                0x56e (size before relaxing)
 .debug_str     0x00000f49      0x1fb contiki-sky.a(csma.o)
                                0x7f9 (size before relaxing)
 .debug_str     0x00001144      0x3e9 contiki-sky.a(contikimac.o)
                                0xa7d (size before relaxing)
 .debug_str     0x0000152d       0xfe contiki-sky.a(phase.o)
                                0x42e (size before relaxing)
 .debug_str     0x0000162b      0x16c contiki-sky.a(process.o)
                                0x290 (size before relaxing)
 .debug_str     0x00001797       0x37 contiki-sky.a(autostart.o)
                                0x148 (size before relaxing)
 .debug_str     0x000017ce       0x8e contiki-sky.a(compower.o)
                                0x600 (size before relaxing)
 .debug_str     0x0000185c       0xb1 contiki-sky.a(serial-line.o)
                                0x32e (size before relaxing)
 .debug_str     0x0000190d       0x43 contiki-sky.a(memb.o)
                                0x10d (size before relaxing)
 .debug_str     0x00001950       0x24 contiki-sky.a(timer.o)
                                0x132 (size before relaxing)
 .debug_str     0x00001974       0xa5 contiki-sky.a(list.o)
                                 0xfb (size before relaxing)
 .debug_str     0x00001a19      0x130 contiki-sky.a(etimer.o)
                                0x29d (size before relaxing)
 .debug_str     0x00001b49       0xb6 contiki-sky.a(ctimer.o)
                                0x358 (size before relaxing)
 .debug_str     0x00001bff       0x98 contiki-sky.a(energest.o)
                                0x2db (size before relaxing)
 .debug_str     0x00001c97       0x51 contiki-sky.a(rtimer.o)
                                0x2b1 (size before relaxing)
 .debug_str     0x00001ce8       0x32 contiki-sky.a(random.o)
                                 0xec (size before relaxing)
 .debug_str     0x00001d1a       0x59 contiki-sky.a(ringbuf.o)
                                0x145 (size before relaxing)
 .debug_str     0x00001d73      0x1dc contiki-sky.a(packetbuf.o)
                                0x735 (size before relaxing)
 .debug_str     0x00001f4f      0x187 contiki-sky.a(queuebuf.o)
                                0x703 (size before relaxing)
 .debug_str     0x000020d6       0x6c contiki-sky.a(contiki-sky-pla)
                                0x2c4 (size before relaxing)
 .debug_str     0x00002142       0xf1 contiki-sky.a(button-sensor.o)
                                0x3c9 (size before relaxing)
 .debug_str     0x00002233       0x56 contiki-sky.a(ds2411.o)
                                0x271 (size before relaxing)
 .debug_str     0x00002289       0xe5 contiki-sky.a(xmem.o)
                                0x35a (size before relaxing)
 .debug_str     0x0000236e       0x39 contiki-sky.a(node-id.o)
                                 0xf6 (size before relaxing)
 .debug_str     0x000023a7       0x98 contiki-sky.a(sensors.o)
                                0x343 (size before relaxing)
 .debug_str     0x0000243f      0x7b8 contiki-sky.a(cc2420.o)
                                0xfe3 (size before relaxing)
 .debug_str     0x00002bf7       0x46 contiki-sky.a(cc2420-arch.o)
                                0x30f (size before relaxing)
 .debug_str     0x00002c3d      0x13f contiki-sky.a(uart1.o)
                                0x431 (size before relaxing)
 .debug_str     0x00002d7c       0x2a contiki-sky.a(uart1-putchar.o)
                                 0xe4 (size before relaxing)
 .debug_str     0x00002da6      0x139 contiki-sky.a(msp430.o)
                                0x397 (size before relaxing)
 .debug_str     0x00002edf       0xd7 contiki-sky.a(clock.o)
                                0x36d (size before relaxing)
 .debug_str     0x00002fb6       0x69 contiki-sky.a(leds.o)
                                0x2bb (size before relaxing)
 .debug_str     0x0000301f       0x59 contiki-sky.a(leds-arch.o)
                                0x124 (size before relaxing)
 .debug_str     0x00003078       0x82 contiki-sky.a(watchdog.o)
                                0x289 (size before relaxing)
 .debug_str     0x000030fa       0x75 contiki-sky.a(rtimer-arch.o)
                                0x2ce (size before relaxing)
 .debug_str     0x0000316f       0x2d contiki-sky.a(mac.o)
                                0x15d (size before relaxing)
 .debug_str     0x0000319c      0x190 contiki-sky.a(framer-802154.o)
                                0x622 (size before relaxing)
 .debug_str     0x0000332c       0x58 contiki-sky.a(spi.o)
                                0x155 (size before relaxing)
 .debug_str     0x00003384       0xc7 contiki-sky.a(frame802154.o)
                                0x30b (size before relaxing)
 .debug_str     0x0000344b       0x5b /usr/lib/gcc/msp430/4.5.3/../../../../msp430/lib/mmpy-16/libc.a(memcpy.o)
                                 0xed (size before relaxing)
 .debug_str     0x000034a6       0x26 /usr/lib/gcc/msp430/4.5.3/../../../../msp430/lib/mmpy-16/libc.a(memset.o)
                                 0xeb (size before relaxing)
 .debug_str     0x000034cc       0x40 /usr/lib/gcc/msp430/4.5.3/../../../../msp430/lib/mmpy-16/libc.a(printf.o)
                                0x101 (size before relaxing)
 .debug_str     0x0000350c      0x14e /usr/lib/gcc/msp430/4.5.3/../../../../msp430/lib/mmpy-16/libc.a(vuprintf.o)
                                0x25d (size before relaxing)
 .debug_str     0x0000365a       0x15 /usr/lib/gcc/msp430/4.5.3/../../../../msp430/lib/mmpy-16/libc.a(puts.o)
                                 0xc7 (size before relaxing)
 .debug_str     0x0000366f       0x25 /usr/lib/gcc/msp430/4.5.3/../../../../msp430/lib/mmpy-16/libc.a(rand.o)
                                 0xe6 (size before relaxing)

.debug_loc      0x00000000     0x473c
 *(.debug_loc)
 .debug_loc     0x00000000       0x4a hello-world.co
 .debug_loc     0x0000004a      0x1a2 obj_sky/contiki-sky-main.o
 .debug_loc     0x000001ec       0x66 contiki-sky.a(rimeaddr.o)
 .debug_loc     0x00000252      0x142 contiki-sky.a(rime.o)
 .debug_loc     0x00000394      0x1ae contiki-sky.a(announcement.o)
 .debug_loc     0x00000542      0x1db contiki-sky.a(broadcast-annou)
 .debug_loc     0x0000071d       0xf0 contiki-sky.a(broadcast.o)
 .debug_loc     0x0000080d       0xb2 contiki-sky.a(abc.o)
 .debug_loc     0x000008bf       0x7a contiki-sky.a(chameleon.o)
 .debug_loc     0x00000939       0xc2 contiki-sky.a(channel.o)
 .debug_loc     0x000009fb      0x431 contiki-sky.a(chameleon-bitop)
 .debug_loc     0x00000e2c      0x318 contiki-sky.a(csma.o)
 .debug_loc     0x00001144      0x653 contiki-sky.a(contikimac.o)
 .debug_loc     0x00001797      0x2f7 contiki-sky.a(phase.o)
 .debug_loc     0x00001a8e      0x224 contiki-sky.a(process.o)
 .debug_loc     0x00001cb2       0x56 contiki-sky.a(autostart.o)
 .debug_loc     0x00001d08       0x58 contiki-sky.a(compower.o)
 .debug_loc     0x00001d60       0xbf contiki-sky.a(serial-line.o)
 .debug_loc     0x00001e1f      0x12f contiki-sky.a(memb.o)
 .debug_loc     0x00001f4e       0xb9 contiki-sky.a(timer.o)
 .debug_loc     0x00002007      0x1c3 contiki-sky.a(list.o)
 .debug_loc     0x000021ca      0x285 contiki-sky.a(etimer.o)
 .debug_loc     0x0000244f      0x21a contiki-sky.a(ctimer.o)
 .debug_loc     0x00002669       0xa2 contiki-sky.a(energest.o)
 .debug_loc     0x0000270b       0x5b contiki-sky.a(rtimer.o)
 .debug_loc     0x00002766        0xb contiki-sky.a(random.o)
 .debug_loc     0x00002771       0xab contiki-sky.a(ringbuf.o)
 .debug_loc     0x0000281c      0x1f7 contiki-sky.a(packetbuf.o)
 .debug_loc     0x00002a13      0x151 contiki-sky.a(queuebuf.o)
 .debug_loc     0x00002b64       0xc3 contiki-sky.a(button-sensor.o)
 .debug_loc     0x00002c27      0x151 contiki-sky.a(ds2411.o)
 .debug_loc     0x00002d78      0x2da contiki-sky.a(xmem.o)
 .debug_loc     0x00003052       0x33 contiki-sky.a(node-id.o)
 .debug_loc     0x00003085      0x155 contiki-sky.a(sensors.o)
 .debug_loc     0x000031da      0x626 contiki-sky.a(cc2420.o)
 .debug_loc     0x00003800       0x4c contiki-sky.a(cc2420-arch.o)
 .debug_loc     0x0000384c       0xa7 contiki-sky.a(uart1.o)
 .debug_loc     0x000038f3       0x2d contiki-sky.a(uart1-putchar.o)
 .debug_loc     0x00003920       0x8c contiki-sky.a(msp430.o)
 .debug_loc     0x000039ac       0xf4 contiki-sky.a(clock.o)
 .debug_loc     0x00003aa0       0xc3 contiki-sky.a(leds.o)
 .debug_loc     0x00003b63        0xb contiki-sky.a(leds-arch.o)
 .debug_loc     0x00003b6e       0x4c contiki-sky.a(rtimer-arch.o)
 .debug_loc     0x00003bba       0x55 contiki-sky.a(mac.o)
 .debug_loc     0x00003c0f       0xc3 contiki-sky.a(framer-802154.o)
 .debug_loc     0x00003cd2      0x26a contiki-sky.a(frame802154.o)
 .debug_loc     0x00003f3c      0x1d6 /usr/lib/gcc/msp430/4.5.3/../../../../msp430/lib/mmpy-16/libc.a(memcpy.o)
 .debug_loc     0x00004112       0xeb /usr/lib/gcc/msp430/4.5.3/../../../../msp430/lib/mmpy-16/libc.a(memset.o)
 .debug_loc     0x000041fd       0x24 /usr/lib/gcc/msp430/4.5.3/../../../../msp430/lib/mmpy-16/libc.a(printf.o)
 .debug_loc     0x00004221      0x49c /usr/lib/gcc/msp430/4.5.3/../../../../msp430/lib/mmpy-16/libc.a(vuprintf.o)
 .debug_loc     0x000046bd       0x2d /usr/lib/gcc/msp430/4.5.3/../../../../msp430/lib/mmpy-16/libc.a(puts.o)
 .debug_loc     0x000046ea       0x52 /usr/lib/gcc/msp430/4.5.3/../../../../msp430/lib/mmpy-16/libc.a(rand.o)

.debug_macinfo
 *(.debug_macinfo)

.debug_pubtypes
                0x00000000     0x1cb2
 *(.debug_pubtypes)
 .debug_pubtypes
                0x00000000       0x67 hello-world.co
 .debug_pubtypes
                0x00000067      0x15c obj_sky/contiki-sky-main.o
 .debug_pubtypes
                0x000001c3       0x2d contiki-sky.a(rimeaddr.o)
 .debug_pubtypes
                0x000001f0       0xf7 contiki-sky.a(rime.o)
 .debug_pubtypes
                0x000002e7       0x20 contiki-sky.a(rimestats.o)
 .debug_pubtypes