Archive member included because of file (symbol)

contiki-sky.a(rimeaddr.o)     obj_sky/contiki-sky-main.o (rimeaddr_copy)
contiki-sky.a(rime.o)         obj_sky/contiki-sky-main.o (rime_driver)
contiki-sky.a(rimestats.o)    contiki-sky.a(rime.o) (rimestats)
contiki-sky.a(announcement.o)
                              contiki-sky.a(rime.o) (announcement_init)
contiki-sky.a(broadcast-annou)
                              contiki-sky.a(rime.o) (broadcast_announcement_init)
contiki-sky.a(broadcast.o)    contiki-sky.a(broadcast-annou) (broadcast_open)
contiki-sky.a(abc.o)          contiki-sky.a(broadcast.o) (abc_open)
contiki-sky.a(chameleon.o)    contiki-sky.a(rime.o) (chameleon_init)
contiki-sky.a(channel.o)      contiki-sky.a(chameleon.o) (channel_init)
contiki-sky.a(chameleon-bitop)
                              contiki-sky.a(chameleon.o) (chameleon_bitopt)
contiki-sky.a(csma.o)         obj_sky/contiki-sky-main.o (csma_driver)
contiki-sky.a(contikimac.o)   obj_sky/contiki-sky-main.o (contikimac_driver)
contiki-sky.a(phase.o)        contiki-sky.a(contikimac.o) (phase_update)
contiki-sky.a(process.o)      obj_sky/contiki-sky-main.o (process_init)
contiki-sky.a(autostart.o)    obj_sky/contiki-sky-main.o (autostart_start)
contiki-sky.a(compower.o)     contiki-sky.a(contikimac.o) (compower_idle_activity)
contiki-sky.a(serial-line.o)  obj_sky/contiki-sky-main.o (serial_line_input_byte)
contiki-sky.a(memb.o)         contiki-sky.a(csma.o) (memb_init)
contiki-sky.a(timer.o)        obj_sky/contiki-sky-main.o (timer_set)
contiki-sky.a(list.o)         contiki-sky.a(announcement.o) (list_init)
contiki-sky.a(etimer.o)       obj_sky/contiki-sky-main.o (etimer_process)
contiki-sky.a(ctimer.o)       obj_sky/contiki-sky-main.o (ctimer_init)
contiki-sky.a(energest.o)     obj_sky/contiki-sky-main.o (energest_init)
contiki-sky.a(rtimer.o)       obj_sky/contiki-sky-main.o (rtimer_init)
contiki-sky.a(random.o)       obj_sky/contiki-sky-main.o (random_init)
contiki-sky.a(ringbuf.o)      contiki-sky.a(serial-line.o) (ringbuf_init)
contiki-sky.a(packetbuf.o)    contiki-sky.a(contikimac.o) (packetbuf_hdr_remove)
contiki-sky.a(queuebuf.o)     contiki-sky.a(rime.o) (queuebuf_init)
contiki-sky.a(contiki-sky-pla)
                              obj_sky/contiki-sky-main.o (init_platform)
contiki-sky.a(button-sensor.o)
                              contiki-sky.a(contiki-sky-pla) (button_sensor)
contiki-sky.a(ds2411.o)       obj_sky/contiki-sky-main.o (ds2411_init)
contiki-sky.a(xmem.o)         obj_sky/contiki-sky-main.o (xmem_init)
contiki-sky.a(i2c.o)          test_mpu.co (i2c_enable)
contiki-sky.a(node-id.o)      obj_sky/contiki-sky-main.o (node_id_restore)
contiki-sky.a(sensors.o)      contiki-sky.a(button-sensor.o) (sensors_changed)
contiki-sky.a(cc2420.o)       obj_sky/contiki-sky-main.o (cc2420_set_channel)
contiki-sky.a(cc2420-arch.o)  contiki-sky.a(cc2420.o) (cc2420_arch_init)
contiki-sky.a(uart1.o)        obj_sky/contiki-sky-main.o (uart1_active)
contiki-sky.a(uart1-putchar.o)
                              obj_sky/contiki-sky-main.o (putchar)
contiki-sky.a(msp430.o)       contiki-sky.a(uart1.o) (msp430_add_lpm_req)
contiki-sky.a(clock.o)        contiki-sky.a(timer.o) (clock_time)
contiki-sky.a(leds.o)         obj_sky/contiki-sky-main.o (leds_init)
contiki-sky.a(leds-arch.o)    contiki-sky.a(leds.o) (leds_arch_init)
contiki-sky.a(watchdog.o)     obj_sky/contiki-sky-main.o (watchdog_start)
contiki-sky.a(rtimer-arch.o)  contiki-sky.a(rtimer.o) (rtimer_arch_init)
contiki-sky.a(mac.o)          contiki-sky.a(csma.o) (mac_call_sent_callback)
contiki-sky.a(framer-802154.o)
                              contiki-sky.a(contikimac.o) (framer_802154)
contiki-sky.a(spi.o)          contiki-sky.a(xmem.o) (spi_init)
contiki-sky.a(frame802154.o)  contiki-sky.a(framer-802154.o) (frame802154_hdrlen)
/usr/lib/gcc/msp430/4.5.3/mmpy-16/libgcc.a(_mulsi3.o)
                              contiki-sky.a(csma.o) (__mulsi3)
/usr/lib/gcc/msp430/4.5.3/mmpy-16/libgcc.a(_udivmodhi4.o)
                              contiki-sky.a(phase.o) (__udivmodhi4)
/usr/lib/gcc/msp430/4.5.3/mmpy-16/libgcc.a(_udivmodsi4.o)
                              obj_sky/contiki-sky-main.o (__udivmodsi4)
/usr/lib/gcc/msp430/4.5.3/../../../../msp430/lib/mmpy-16/libc.a(strncmp.o)
                              contiki-sky.a(sensors.o) (strncmp)
/usr/lib/gcc/msp430/4.5.3/../../../../msp430/lib/mmpy-16/libc.a(memcpy.o)
                              contiki-sky.a(broadcast-annou) (memcpy)
/usr/lib/gcc/msp430/4.5.3/../../../../msp430/lib/mmpy-16/libc.a(memset.o)
                              obj_sky/contiki-sky-main.o (memset)
/usr/lib/gcc/msp430/4.5.3/../../../../msp430/lib/mmpy-16/libc.a(printf.o)
                              test_mpu.co (printf)
/usr/lib/gcc/msp430/4.5.3/../../../../msp430/lib/mmpy-16/libc.a(vuprintf.o)
                              /usr/lib/gcc/msp430/4.5.3/../../../../msp430/lib/mmpy-16/libc.a(printf.o) (vuprintf)
[...]
Memory Configuration

Name             Origin             Length             Attributes
sfr              0x00000000         0x00000010
peripheral_8bit  0x00000010         0x000000f0
peripheral_16bit 0x00000100         0x00000100
infomem          0x00001000         0x00000100
infob            0x00001000         0x00000080
infoa            0x00001080         0x00000080
ram              0x00001100         0x00002800         xw
rom              0x00004000         0x0000bfe0         xr
vectors          0x0000ffe0         0x00000020
bsl              0x00000000         0x00000000
infoc            0x00000000         0x00000000
infod            0x00000000         0x00000000
far_rom          0x00000000         0x00000000
*default*        0x00000000         0xffffffff

Linker script and memory map

LOAD /usr/lib/gcc/msp430/4.5.3/mmpy-16/crt0ivtbl16.o
LOAD test_mpu.co
LOAD obj_sky/contiki-sky-main.o
LOAD contiki-sky.a
LOAD /usr/lib/gcc/msp430/4.5.3/mmpy-16/libgcc.a
LOAD /usr/lib/gcc/msp430/4.5.3/../../../../msp430/lib/mmpy-16/libc.a
LOAD /usr/lib/gcc/msp430/4.5.3/mmpy-16/libgcc.a
LOAD /usr/lib/gcc/msp430/4.5.3/mmpy-16/libcrt0.a
                0x00000000                __IE1 = 0x0
                0x00000002                __IFG1 = 0x2
                0x00000004                __ME1 = 0x4
                0x00000001                __IE2 = 0x1
                0x00000003                __IFG2 = 0x3
                0x00000005                __ME2 = 0x5
                0x00000120                __WDTCTL = 0x120
                0x00000130                __MPY = 0x130
                0x00000132                __MPYS = 0x132
                0x00000134                __MAC = 0x134
                0x00000136                __MACS = 0x136
                0x00000138                __OP2 = 0x138
                0x0000013a                __RESLO = 0x13a
                0x0000013c                __RESHI = 0x13c
                0x0000013e                __SUMEXT = 0x13e
                0x00000020                __P1IN = 0x20
                0x00000021                __P1OUT = 0x21
                0x00000022                __P1DIR = 0x22
                0x00000023                __P1IFG = 0x23
                0x00000024                __P1IES = 0x24
                0x00000025                __P1IE = 0x25
                0x00000026                __P1SEL = 0x26
                0x00000028                __P2IN = 0x28
                0x00000029                __P2OUT = 0x29
                0x0000002a                __P2DIR = 0x2a
                0x0000002b                __P2IFG = 0x2b
                0x0000002c                __P2IES = 0x2c
                0x0000002d                __P2IE = 0x2d
                0x0000002e                __P2SEL = 0x2e
                0x00000018                __P3IN = 0x18
                0x00000019                __P3OUT = 0x19
                0x0000001a                __P3DIR = 0x1a
                0x0000001b                __P3SEL = 0x1b
                0x0000001c                __P4IN = 0x1c
                0x0000001d                __P4OUT = 0x1d
                0x0000001e                __P4DIR = 0x1e
                0x0000001f                __P4SEL = 0x1f
                0x00000030                __P5IN = 0x30
                0x00000031                __P5OUT = 0x31
                0x00000032                __P5DIR = 0x32
                0x00000033                __P5SEL = 0x33
                0x00000034                __P6IN = 0x34
                0x00000035                __P6OUT = 0x35
                0x00000036                __P6DIR = 0x36
                0x00000037                __P6SEL = 0x37
                0x00000070                __U0CTL = 0x70
                0x00000071                __U0TCTL = 0x71
                0x00000072                __U0RCTL = 0x72
                0x00000073                __U0MCTL = 0x73
                0x00000074                __U0BR0 = 0x74
                0x00000075                __U0BR1 = 0x75
                0x00000076                __U0RXBUF = 0x76
                0x00000077                __U0TXBUF = 0x77
                0x00000078                __U1CTL = 0x78
                0x00000079                __U1TCTL = 0x79
                0x0000007a                __U1RCTL = 0x7a
                0x0000007b                __U1MCTL = 0x7b
                0x0000007c                __U1BR0 = 0x7c
                0x0000007d                __U1BR1 = 0x7d
                0x0000007e                __U1RXBUF = 0x7e
                0x0000007f                __U1TXBUF = 0x7f
                0x00000050                __I2CIE = 0x50
                0x00000051                __I2CIFG = 0x51
                0x00000052                __I2CNDAT = 0x52
                0x00000071                __I2CTCTL = 0x71
                0x00000072                __I2CDCTL = 0x72
                0x00000073                __I2CPSC = 0x73
                0x00000074                __I2CSCLH = 0x74
                0x00000075                __I2CSCLL = 0x75
                0x00000076                __I2CDRB = 0x76
                0x00000076                __I2CDRW = 0x76
                0x00000118                __I2COA = 0x118
                0x0000011a                __I2CSA = 0x11a
                0x0000011c                __I2CIV = 0x11c
                0x0000012e                __TAIV = 0x12e
                0x00000160                __TACTL = 0x160
                0x00000162                __TACCTL0 = 0x162
                0x00000164                __TACCTL1 = 0x164
                0x00000166                __TACCTL2 = 0x166
                0x00000170                __TAR = 0x170
                0x00000172                __TACCR0 = 0x172
                0x00000174                __TACCR1 = 0x174
                0x00000176                __TACCR2 = 0x176
                0x0000011e                __TBIV = 0x11e
                0x00000180                __TBCTL = 0x180
                0x00000182                __TBCCTL0 = 0x182
                0x00000184                __TBCCTL1 = 0x184
                0x00000186                __TBCCTL2 = 0x186
                0x00000188                __TBCCTL3 = 0x188
                0x0000018a                __TBCCTL4 = 0x18a
                0x0000018c                __TBCCTL5 = 0x18c
                0x0000018e                __TBCCTL6 = 0x18e
                0x00000190                __TBR = 0x190
                0x00000192                __TBCCR0 = 0x192
                0x00000194                __TBCCR1 = 0x194
                0x00000196                __TBCCR2 = 0x196
                0x00000198                __TBCCR3 = 0x198
                0x0000019a                __TBCCR4 = 0x19a
                0x0000019c                __TBCCR5 = 0x19c
                0x0000019e                __TBCCR6 = 0x19e
                0x00000056                __DCOCTL = 0x56
                0x00000057                __BCSCTL1 = 0x57
                0x00000058                __BCSCTL2 = 0x58
                0x00000055                __SVSCTL = 0x55
                0x00000128                __FCTL1 = 0x128
                0x0000012a                __FCTL2 = 0x12a
                0x0000012c                __FCTL3 = 0x12c
                0x00000059                __CACTL1 = 0x59
                0x0000005a                __CACTL2 = 0x5a
                0x0000005b                __CAPD = 0x5b
                0x000001a0                __ADC12CTL0 = 0x1a0
                0x000001a2                __ADC12CTL1 = 0x1a2
                0x000001a4                __ADC12IFG = 0x1a4
                0x000001a6                __ADC12IE = 0x1a6
                0x000001a8                __ADC12IV = 0x1a8
                0x00000140                __ADC12MEM0 = 0x140
                0x00000142                __ADC12MEM1 = 0x142
                0x00000144                __ADC12MEM2 = 0x144
                0x00000146                __ADC12MEM3 = 0x146
                0x00000148                __ADC12MEM4 = 0x148
                0x0000014a                __ADC12MEM5 = 0x14a
                0x0000014c                __ADC12MEM6 = 0x14c
                0x0000014e                __ADC12MEM7 = 0x14e
                0x00000150                __ADC12MEM8 = 0x150
                0x00000152                __ADC12MEM9 = 0x152
                0x00000154                __ADC12MEM10 = 0x154
                0x00000156                __ADC12MEM11 = 0x156
                0x00000158                __ADC12MEM12 = 0x158
                0x0000015a                __ADC12MEM13 = 0x15a
                0x0000015c                __ADC12MEM14 = 0x15c
                0x0000015e                __ADC12MEM15 = 0x15e
                0x00000080                __ADC12MCTL0 = 0x80
                0x00000081                __ADC12MCTL1 = 0x81
                0x00000082                __ADC12MCTL2 = 0x82
                0x00000083                __ADC12MCTL3 = 0x83
                0x00000084                __ADC12MCTL4 = 0x84
                0x00000085                __ADC12MCTL5 = 0x85
                0x00000086                __ADC12MCTL6 = 0x86
                0x00000087                __ADC12MCTL7 = 0x87
                0x00000088                __ADC12MCTL8 = 0x88
                0x00000089                __ADC12MCTL9 = 0x89
                0x0000008a                __ADC12MCTL10 = 0x8a
                0x0000008b                __ADC12MCTL11 = 0x8b
                0x0000008c                __ADC12MCTL12 = 0x8c
                0x0000008d                __ADC12MCTL13 = 0x8d
                0x0000008e                __ADC12MCTL14 = 0x8e
                0x0000008f                __ADC12MCTL15 = 0x8f
                0x000001c0                __DAC12_0CTL = 0x1c0
                0x000001c2                __DAC12_1CTL = 0x1c2
                0x000001c8                __DAC12_0DAT = 0x1c8
                0x000001ca                __DAC12_1DAT = 0x1ca
                0x00000122                __DMACTL0 = 0x122
                0x00000124                __DMACTL1 = 0x124
                0x000001e0                __DMA0CTL = 0x1e0
                0x000001e8                __DMA1CTL = 0x1e8
                0x000001f0                __DMA2CTL = 0x1f0
                0x000001e2                __DMA0SA = 0x1e2
                0x000001e4                __DMA0DA = 0x1e4
                0x000001e6                __DMA0SZ = 0x1e6
                0x000001ea                __DMA1SA = 0x1ea
                0x000001ec                __DMA1DA = 0x1ec
                0x000001ee                __DMA1SZ = 0x1ee
                0x000001f2                __DMA2SA = 0x1f2
                0x000001f4                __DMA2DA = 0x1f4
                0x000001f6                __DMA2SZ = 0x1f6

.hash
 *(.hash)

.dynsym
 *(.dynsym)

.dynstr
 *(.dynstr)

.gnu.version
 *(.gnu.version)

.gnu.version_d
 *(.gnu.version_d)

.gnu.version_r
 *(.gnu.version_r)

.rel.init
 *(.rel.init)

.rela.init
 *(.rela.init)

.rel.text
 *(.rel.text)
 *(.rel.text.*)
 *(.rel.gnu.linkonce.t*)

.rela.text
 *(.rela.text)
 *(.rela.text.*)
 *(.rela.gnu.linkonce.t*)

.rel.fini
 *(.rel.fini)

.rela.fini
 *(.rela.fini)

.rel.rodata
 *(.rel.rodata)
 *(.rel.rodata.*)
 *(.rel.gnu.linkonce.r*)

.rela.rodata
 *(.rela.rodata)
 *(.rela.rodata.*)
 *(.rela.gnu.linkonce.r*)

.rel.data
 *(.rel.data)
 *(.rel.data.*)
 *(.rel.gnu.linkonce.d*)

.rela.data
 *(.rela.data)
 *(.rela.data.*)
 *(.rela.gnu.linkonce.d*)

.rel.ctors
 *(.rel.ctors)

.rela.ctors
 *(.rela.ctors)

.rel.dtors
 *(.rel.dtors)

.rela.dtors
 *(.rela.dtors)

.rel.got
 *(.rel.got)

.rela.got
 *(.rela.got)

.rel.bss
 *(.rel.bss)

.rela.bss
 *(.rela.bss)

.rel.plt
 *(.rel.plt)

.rela.plt
 *(.rela.plt)

.text           0x00004000     0x527e
                0x00004000                . = ALIGN (0x2)
 *(.init)
 *(.init0)
 .init0         0x00004000        0x0 /usr/lib/gcc/msp430/4.5.3/mmpy-16/libcrt0.a(_reset_vector__.o)
                0x00004000                _reset_vector__
 *(.init1)
 *(.init2)
 .init2         0x00004000        0x4 /usr/lib/gcc/msp430/4.5.3/mmpy-16/libcrt0.a(__init_stack.o)
                0x00004000                __init_stack
 *(.init3)
 .init3         0x00004004        0xa /usr/lib/gcc/msp430/4.5.3/mmpy-16/libcrt0.a(__low_level_init.o)
                0x00004004                __low_level_init
 *(.init4)
 .init4         0x0000400e       0x16 /usr/lib/gcc/msp430/4.5.3/mmpy-16/libcrt0.a(_copy_data.o)
                0x0000400e                __do_copy_data
 .init4         0x00004024       0x14 /usr/lib/gcc/msp430/4.5.3/mmpy-16/libcrt0.a(_clear_bss.o)
                0x00004024                __do_clear_bss
 *(.init5)
 *(.init6)
 *(.init7)
 *(.init8)
 *(.init9)
 .init9         0x00004038      0x302 obj_sky/contiki-sky-main.o
                0x00004038                main
 *(.fini9)
 .fini9         0x0000433a        0x0 /usr/lib/gcc/msp430/4.5.3/mmpy-16/libcrt0.a(__stop_progExec__.o)
                0x0000433a                __stop_progExec__
 *(.fini8)
 *(.fini7)
 *(.fini6)
 *(.fini5)
 *(.fini4)
 *(.fini3)
 *(.fini2)
 *(.fini1)
 *(.fini0)
 .fini0         0x0000433a        0x6 /usr/lib/gcc/msp430/4.5.3/mmpy-16/libcrt0.a(_endless_loop__.o)
                0x0000433a                _endless_loop__
 *(.fini)
                0x00004340                . = ALIGN (0x2)
                0x00004340                __ctors_start = .
 *(.ctors)
                0x00004340                __ctors_end = .
                0x00004340                __dtors_start = .
 *(.dtors)
                0x00004340                __dtors_end = .
                0x00004340                . = ALIGN (0x2)
 *(.text)
 .text          0x00004340        0x4 /usr/lib/gcc/msp430/4.5.3/mmpy-16/crt0ivtbl16.o
                0x00004340                __isr_14
                0x00004340                __isr_11
                0x00004340                __isr_2
                0x00004340                __isr_7
                0x00004340                __isr_0
                0x00004340                __isr_8
                0x00004340                __isr_3
                0x00004340                __isr_12
                0x00004340                __isr_13
                0x00004340                __isr_9
 .text          0x00004344       0xfe test_mpu.co
                0x0000443e                autostart_processes
 .text          0x00004442       0xd4 obj_sky/contiki-sky-main.o
 .text          0x00004516        0x2 contiki-sky.a(rimeaddr.o)
                0x00004516                rimeaddr_null
 .text          0x00004518        0xc contiki-sky.a(rime.o)
                0x0000451e                rime_driver
 .text          0x00004524        0x4 contiki-sky.a(broadcast-annou)
 .text          0x00004528        0x8 contiki-sky.a(broadcast.o)
 .text          0x00004530        0x2 contiki-sky.a(abc.o)
 .text          0x00004532       0x10 contiki-sky.a(chameleon-bitop)
                0x00004532                chameleon_bitopt
 .text          0x00004542       0x14 contiki-sky.a(csma.o)
                0x00004548                csma_driver
 .text          0x00004556       0x46 contiki-sky.a(contikimac.o)
                0x0000458c                contikimac_driver
 .text          0x0000459c        0xe contiki-sky.a(serial-line.o)
 .text          0x000045aa        0xc contiki-sky.a(etimer.o)
 .text          0x000045b6        0xf contiki-sky.a(ctimer.o)
 *fill*         0x000045c5        0x1 00
 .text          0x000045c6       0x10 contiki-sky.a(button-sensor.o)
                0x000045ce                button_sensor
 .text          0x000045d6       0x7c contiki-sky.a(i2c.o)
 .text          0x00004652        0x8 contiki-sky.a(sensors.o)
 .text          0x0000465a       0x22 contiki-sky.a(cc2420.o)
                0x00004668                cc2420_driver
 .text          0x0000467c        0x4 contiki-sky.a(framer-802154.o)
                0x0000467c                framer_802154
 .text          0x00004680        0x2 contiki-sky.a(frame802154.o)
 .text          0x00004682      0x104 /usr/lib/gcc/msp430/4.5.3/../../../../msp430/lib/mmpy-16/libc.a(memcpy.o)
                0x00004682                memcpy
 .text          0x00004786       0x66 /usr/lib/gcc/msp430/4.5.3/../../../../msp430/lib/mmpy-16/libc.a(memset.o)
                0x00004786                memset
 .text          0x000047ec       0x20 /usr/lib/gcc/msp430/4.5.3/../../../../msp430/lib/mmpy-16/libc.a(printf.o)
                0x000047ec                printf
                0x000047fe                vprintf
 .text          0x0000480c      0x476 /usr/lib/gcc/msp430/4.5.3/../../../../msp430/lib/mmpy-16/libc.a(vuprintf.o)
                0x00004918                vuprintf
 .text          0x00004c82       0x2c /usr/lib/gcc/msp430/4.5.3/../../../../msp430/lib/mmpy-16/libc.a(puts.o)
                0x00004c82                puts
 .text          0x00004cae      0x134 /usr/lib/gcc/msp430/4.5.3/../../../../msp430/lib/mmpy-16/libc.a(rand.o)
                0x00004cae                rand_r
                0x00004d42                rand
                0x00004dd8                srand
                0x00004de2                . = ALIGN (0x2)
 *(.text.*)
 .text.init_mpu6050
                0x00004de2       0x2e test_mpu.co
                0x00004de2                init_mpu6050
 .text.measure_mpu
                0x00004e10       0x7a test_mpu.co
                0x00004e10                measure_mpu
 .text.process_thread_hello_world_process
                0x00004e8a       0xae test_mpu.co
 .text.rimeaddr_copy
                0x00004f38        0xc contiki-sky.a(rimeaddr.o)
                0x00004f38                rimeaddr_copy
 .text.rimeaddr_cmp
                0x00004f44       0x1a contiki-sky.a(rimeaddr.o)
                0x00004f44                rimeaddr_cmp
 .text.rimeaddr_set_node_addr
                0x00004f5e       0x10 contiki-sky.a(rimeaddr.o)
                0x00004f5e                rimeaddr_set_node_addr
 .text.input    0x00004f6e       0x42 contiki-sky.a(rime.o)
 .text.init     0x00004fb0       0x2e contiki-sky.a(rime.o)
 .text.packet_sent
                0x00004fde       0x44 contiki-sky.a(rime.o)
 .text.rime_output
                0x00005022       0x28 contiki-sky.a(rime.o)
                0x00005022                rime_output
 .text.announcement_init
                0x0000504a        0xa contiki-sky.a(announcement.o)
                0x0000504a                announcement_init
 .text.announcement_register_observer_callback
                0x00005054        0x6 contiki-sky.a(announcement.o)
                0x00005054                announcement_register_observer_callback
 .text.announcement_list
                0x0000505a        0xa contiki-sky.a(announcement.o)
                0x0000505a                announcement_list
 .text.announcement_heard
                0x00005064       0x42 contiki-sky.a(announcement.o)
                0x00005064                announcement_heard
 .text.adv_packet_sent
                0x000050a6        0x2 contiki-sky.a(broadcast-annou)
 .text.adv_packet_received
                0x000050a8       0x6c contiki-sky.a(broadcast-annou)
 .text.set_timers
                0x00005114       0x60 contiki-sky.a(broadcast-annou)
 .text.new_announcement
                0x00005174       0x18 contiki-sky.a(broadcast-annou)
 .text.send_timer
                0x0000518c       0x38 contiki-sky.a(broadcast-annou)
 .text.send_adv
                0x000051c4       0x66 contiki-sky.a(broadcast-annou)
 .text.broadcast_announcement_init
                0x0000522a       0x48 contiki-sky.a(broadcast-annou)
                0x0000522a                broadcast_announcement_init
 .text.sent_by_abc
                0x00005272       0x10 contiki-sky.a(broadcast.o)
 .text.recv_from_abc
                0x00005282       0x20 contiki-sky.a(broadcast.o)
 .text.broadcast_open
                0x000052a2       0x2a contiki-sky.a(broadcast.o)
                0x000052a2                broadcast_open
 .text.broadcast_send
                0x000052cc       0x1a contiki-sky.a(broadcast.o)
                0x000052cc                broadcast_send
 .text.abc_open
                0x000052e6       0x26 contiki-sky.a(abc.o)
                0x000052e6                abc_open
 .text.abc_send
                0x0000530c        0x6 contiki-sky.a(abc.o)
                0x0000530c                abc_send
 .text.abc_input
                0x00005312        0x8 contiki-sky.a(abc.o)
                0x00005312                abc_input
 .text.abc_sent
                0x0000531a       0x10 contiki-sky.a(abc.o)
                0x0000531a                abc_sent
 .text.chameleon_init
                0x0000532a        0x6 contiki-sky.a(chameleon.o)
                0x0000532a                chameleon_init
 .text.chameleon_parse
                0x00005330       0x10 contiki-sky.a(chameleon.o)
                0x00005330                chameleon_parse
 .text.chameleon_create
                0x00005340       0x1c contiki-sky.a(chameleon.o)
                0x00005340                chameleon_create
 .text.chameleon_hdrsize
                0x0000535c        0x6 contiki-sky.a(chameleon.o)
                0x0000535c                chameleon_hdrsize
 .text.channel_init
                0x00005362        0xa contiki-sky.a(channel.o)
                0x00005362                channel_init
 .text.channel_open
                0x0000536c       0x10 contiki-sky.a(channel.o)
                0x0000536c                channel_open
 .text.channel_lookup
                0x0000537c       0x20 contiki-sky.a(channel.o)
                0x0000537c                channel_lookup
 .text.channel_set_attributes
                0x0000539c       0x24 contiki-sky.a(channel.o)
                0x0000539c                channel_set_attributes
 .text.header_size
                0x000053c0       0x16 contiki-sky.a(chameleon-bitop)
 .text.get_bits_in_byte
                0x000053d6       0x30 contiki-sky.a(chameleon-bitop)
                0x000053d6                get_bits_in_byte
 .text.get_bits
                0x00005406       0xaa contiki-sky.a(chameleon-bitop)
                0x00005406                get_bits
 .text.unpack_header
                0x000054b0       0xde contiki-sky.a(chameleon-bitop)
 .text.set_bits_in_byte
                0x0000558e       0x26 contiki-sky.a(chameleon-bitop)
                0x0000558e                set_bits_in_byte
 .text.set_bits
                0x000055b4       0xb0 contiki-sky.a(chameleon-bitop)
                0x000055b4                set_bits
 .text.pack_header
                0x00005664       0xb8 contiki-sky.a(chameleon-bitop)
 .text.input_packet
                0x0000571c        0x6 contiki-sky.a(csma.o)
 .text.on       0x00005722        0x6 contiki-sky.a(csma.o)
 .text.off      0x00005728        0x6 contiki-sky.a(csma.o)
 .text.channel_check_interval
                0x0000572e        0xc contiki-sky.a(csma.o)
 .text.transmit_packet_list
                0x0000573a       0x24 contiki-sky.a(csma.o)
 .text.send_packet
                0x0000575e      0x172 contiki-sky.a(csma.o)
 .text.free_first_packet
                0x000058d0       0x98 contiki-sky.a(csma.o)
 .text.packet_sent
                0x00005968       0xfe contiki-sky.a(csma.o)
 .text.init     0x00005a66       0x1a contiki-sky.a(csma.o)
 .text.on       0x00005a80       0x16 contiki-sky.a(contikimac.o)
 .text.off      0x00005a96       0x1e contiki-sky.a(contikimac.o)
 .text.recv_burst_off
                0x00005ab4        0xa contiki-sky.a(contikimac.o)
 .text.turn_off
                0x00005abe       0x20 contiki-sky.a(contikimac.o)
 .text.duty_cycle
                0x00005ade        0x6 contiki-sky.a(contikimac.o)
 .text.turn_on  0x00005ae4       0x30 contiki-sky.a(contikimac.o)
 .text.schedule_powercycle_fixed
                0x00005b14       0x4c contiki-sky.a(contikimac.o)
 .text.powercycle_turn_radio_off
                0x00005b60       0x2c contiki-sky.a(contikimac.o)
 .text.powercycle
                0x00005b8c      0x1cc contiki-sky.a(contikimac.o)
 .text.input_packet
                0x00005d58      0x118 contiki-sky.a(contikimac.o)
 .text.send_packet
                0x00005e70      0x2e2 contiki-sky.a(contikimac.o)
 .text.qsend_list
                0x00006152       0x88 contiki-sky.a(contikimac.o)
 .text.qsend_packet
                0x000061da       0x26 contiki-sky.a(contikimac.o)
 .text.init     0x00006200       0x32 contiki-sky.a(contikimac.o)
 .text.send_packet
                0x00006232       0x44 contiki-sky.a(phase.o)
 .text.find_neighbor
                0x00006276       0x32 contiki-sky.a(phase.o)
                0x00006276                find_neighbor
 .text.phase_update
                0x000062a8       0xb8 contiki-sky.a(phase.o)
                0x000062a8                phase_update
 .text.phase_wait
                0x00006360      0x114 contiki-sky.a(phase.o)
                0x00006360                phase_wait
 .text.phase_init
                0x00006474       0x20 contiki-sky.a(phase.o)
                0x00006474                phase_init
 .text.call_process
                0x00006494       0x4c contiki-sky.a(process.o)
 .text.exit_process
                0x000064e0       0x94 contiki-sky.a(process.o)
 .text.do_poll  0x00006574       0x30 contiki-sky.a(process.o)
 .text.process_alloc_event
                0x000065a4        0xe contiki-sky.a(process.o)
                0x000065a4                process_alloc_event
 .text.process_init
                0x000065b2       0x1c contiki-sky.a(process.o)
                0x000065b2                process_init
 .text.process_run
                0x000065ce       0x9c contiki-sky.a(process.o)
                0x000065ce                process_run
 .text.process_nevents
                0x0000666a        0xc contiki-sky.a(process.o)
                0x0000666a                process_nevents
 .text.process_post
                0x00006676       0x54 contiki-sky.a(process.o)
                0x00006676                process_post
 .text.process_post_synch
                0x000066ca       0x12 contiki-sky.a(process.o)
                0x000066ca                process_post_synch
 .text.process_start
                0x000066dc       0x32 contiki-sky.a(process.o)
                0x000066dc                process_start
 .text.process_poll
                0x0000670e       0x1a contiki-sky.a(process.o)
                0x0000670e                process_poll
 .text.autostart_start
                0x00006728       0x18 contiki-sky.a(autostart.o)
                0x00006728                autostart_start
 .text.compower_accumulate
                0x00006740       0x72 contiki-sky.a(compower.o)
                0x00006740                compower_accumulate
 .text.compower_clear
                0x000067b2       0x12 contiki-sky.a(compower.o)
                0x000067b2                compower_clear
 .text.compower_attrconv
                0x000067c4       0x10 contiki-sky.a(compower.o)
                0x000067c4                compower_attrconv
 .text.process_thread_serial_line_process
                0x000067d4       0xa6 contiki-sky.a(serial-line.o)
 .text.serial_line_input_byte
                0x0000687a       0x46 contiki-sky.a(serial-line.o)
                0x0000687a                serial_line_input_byte
 .text.serial_line_init
                0x000068c0       0x1c contiki-sky.a(serial-line.o)
                0x000068c0                serial_line_init
 .text.memb_init
                0x000068dc       0x36 contiki-sky.a(memb.o)
                0x000068dc                memb_init
 .text.memb_alloc
                0x00006912       0x3e contiki-sky.a(memb.o)
                0x00006912                memb_alloc
 .text.memb_free
                0x00006950       0x3a contiki-sky.a(memb.o)
                0x00006950                memb_free
 .text.memb_inmemb
                0x0000698a       0x2e contiki-sky.a(memb.o)
                0x0000698a                memb_inmemb
 .text.timer_set
                0x000069b8       0x1c contiki-sky.a(timer.o)
                0x000069b8                timer_set
 .text.timer_reset
                0x000069d4        0xe contiki-sky.a(timer.o)
                0x000069d4                timer_reset
 .text.timer_expired
                0x000069e2       0x2e contiki-sky.a(timer.o)
                0x000069e2                timer_expired
 .text.list_init
                0x00006a10        0x6 contiki-sky.a(list.o)
                0x00006a10                list_init
 .text.list_head
                0x00006a16        0x4 contiki-sky.a(list.o)
                0x00006a16                list_head
 .text.list_tail
                0x00006a1a       0x14 contiki-sky.a(list.o)
                0x00006a1a                list_tail
 .text.list_chop
                0x00006a2e       0x2a contiki-sky.a(list.o)
                0x00006a2e                list_chop
 .text.list_pop
                0x00006a58        0xe contiki-sky.a(list.o)
                0x00006a58                list_pop
 .text.list_remove
                0x00006a66       0x2e contiki-sky.a(list.o)
                0x00006a66                list_remove
 .text.list_push
                0x00006a94       0x1a contiki-sky.a(list.o)
                0x00006a94                list_push
 .text.list_add
                0x00006aae       0x2a contiki-sky.a(list.o)
                0x00006aae                list_add
 .text.list_length
                0x00006ad8       0x10 contiki-sky.a(list.o)
                0x00006ad8                list_length
 .text.list_item_next
                0x00006ae8        0x8 contiki-sky.a(list.o)
                0x00006ae8                list_item_next
 .text.update_time
                0x00006af0       0x78 contiki-sky.a(etimer.o)
 .text.etimer_request_poll
                0x00006b68        0xa contiki-sky.a(etimer.o)
                0x00006b68                etimer_request_poll
 .text.process_thread_etimer_process
                0x00006b72       0xce contiki-sky.a(etimer.o)
 .text.add_timer
                0x00006c40       0x38 contiki-sky.a(etimer.o)
 .text.etimer_set
                0x00006c78       0x12 contiki-sky.a(etimer.o)
                0x00006c78                etimer_set
 .text.etimer_reset
                0x00006c8a       0x12 contiki-sky.a(etimer.o)
                0x00006c8a                etimer_reset
 .text.etimer_expired
                0x00006c9c        0xe contiki-sky.a(etimer.o)
                0x00006c9c                etimer_expired
 .text.etimer_pending
                0x00006caa        0xe contiki-sky.a(etimer.o)
                0x00006caa                etimer_pending
 .text.etimer_next_expiration_time
                0x00006cb8       0x16 contiki-sky.a(etimer.o)
                0x00006cb8                etimer_next_expiration_time
 .text.etimer_stop
                0x00006cce       0x3c contiki-sky.a(etimer.o)
                0x00006cce                etimer_stop
 .text.process_thread_ctimer_process
                0x00006d0a       0xa4 contiki-sky.a(ctimer.o)
 .text.ctimer_init
                0x00006dae       0x18 contiki-sky.a(ctimer.o)
                0x00006dae                ctimer_init
 .text.ctimer_set
                0x00006dc6       0x5a contiki-sky.a(ctimer.o)
                0x00006dc6                ctimer_set
 .text.ctimer_reset
                0x00006e20       0x3a contiki-sky.a(ctimer.o)
                0x00006e20                ctimer_reset
 .text.ctimer_stop
                0x00006e5a       0x28 contiki-sky.a(ctimer.o)
                0x00006e5a                ctimer_stop
 .text.energest_init
                0x00006e82       0x2a contiki-sky.a(energest.o)
                0x00006e82                energest_init
 .text.energest_type_time
                0x00006eac       0x44 contiki-sky.a(energest.o)
                0x00006eac                energest_type_time
 .text.energest_type_set
                0x00006ef0        0xe contiki-sky.a(energest.o)
                0x00006ef0                energest_type_set
 .text.energest_flush
                0x00006efe       0x4a contiki-sky.a(energest.o)
                0x00006efe                energest_flush
 .text.rtimer_init
                0x00006f48        0x6 contiki-sky.a(rtimer.o)
                0x00006f48                rtimer_init
 .text.rtimer_set
                0x00006f4e       0x24 contiki-sky.a(rtimer.o)
                0x00006f4e                rtimer_set
 .text.rtimer_run_next
                0x00006f72       0x26 contiki-sky.a(rtimer.o)
                0x00006f72                rtimer_run_next
 .text.random_init
                0x00006f98        0x6 contiki-sky.a(random.o)
                0x00006f98                random_init
 .text.random_rand
                0x00006f9e        0x6 contiki-sky.a(random.o)
                0x00006f9e                random_rand
 .text.ringbuf_init
                0x00006fa4       0x14 contiki-sky.a(ringbuf.o)
                0x00006fa4                ringbuf_init
 .text.ringbuf_put
                0x00006fb8       0x3c contiki-sky.a(ringbuf.o)
                0x00006fb8                ringbuf_put
 .text.ringbuf_get
                0x00006ff4       0x32 contiki-sky.a(ringbuf.o)
                0x00006ff4                ringbuf_get
 .text.packetbuf_copyto_hdr
                0x00007026       0x1c contiki-sky.a(packetbuf.o)
                0x00007026                packetbuf_copyto_hdr
 .text.packetbuf_copyto
                0x00007042       0x52 contiki-sky.a(packetbuf.o)
                0x00007042                packetbuf_copyto
 .text.packetbuf_hdr_remove
                0x00007094        0x6 contiki-sky.a(packetbuf.o)
                0x00007094                packetbuf_hdr_remove
 .text.packetbuf_hdrreduce
                0x0000709a       0x1a contiki-sky.a(packetbuf.o)
                0x0000709a                packetbuf_hdrreduce
 .text.packetbuf_set_datalen
                0x000070b4        0x6 contiki-sky.a(packetbuf.o)
                0x000070b4                packetbuf_set_datalen
 .text.packetbuf_dataptr
                0x000070ba        0xa contiki-sky.a(packetbuf.o)
                0x000070ba                packetbuf_dataptr
 .text.packetbuf_hdrptr
                0x000070c4        0xa contiki-sky.a(packetbuf.o)
                0x000070c4                packetbuf_hdrptr
 .text.packetbuf_is_reference
                0x000070ce        0xe contiki-sky.a(packetbuf.o)
                0x000070ce                packetbuf_is_reference
 .text.packetbuf_compact
                0x000070dc       0x48 contiki-sky.a(packetbuf.o)
                0x000070dc                packetbuf_compact
 .text.packetbuf_reference_ptr
                0x00007124        0x6 contiki-sky.a(packetbuf.o)
                0x00007124                packetbuf_reference_ptr
 .text.packetbuf_datalen
                0x0000712a        0x6 contiki-sky.a(packetbuf.o)
                0x0000712a                packetbuf_datalen
 .text.packetbuf_totlen
                0x00007130       0x10 contiki-sky.a(packetbuf.o)
                0x00007130                packetbuf_totlen
 .text.packetbuf_hdralloc
                0x00007140       0x2e contiki-sky.a(packetbuf.o)
                0x00007140                packetbuf_hdralloc
 .text.packetbuf_attr_clear
                0x0000716e       0x2e contiki-sky.a(packetbuf.o)
                0x0000716e                packetbuf_attr_clear
 .text.packetbuf_clear
                0x0000719c       0x20 contiki-sky.a(packetbuf.o)
                0x0000719c                packetbuf_clear
 .text.packetbuf_copyfrom
                0x000071bc       0x2e contiki-sky.a(packetbuf.o)
                0x000071bc                packetbuf_copyfrom
 .text.packetbuf_attr_copyto
                0x000071ea       0x20 contiki-sky.a(packetbuf.o)
                0x000071ea                packetbuf_attr_copyto
 .text.packetbuf_attr_copyfrom
                0x0000720a       0x2c contiki-sky.a(packetbuf.o)
                0x0000720a                packetbuf_attr_copyfrom
 .text.queuebuf_init
                0x00007236       0x1a contiki-sky.a(queuebuf.o)
                0x00007236                queuebuf_init
 .text.queuebuf_new_from_packetbuf
                0x00007250       0x80 contiki-sky.a(queuebuf.o)
                0x00007250                queuebuf_new_from_packetbuf
 .text.queuebuf_update_attr_from_packetbuf
                0x000072d0       0x12 contiki-sky.a(queuebuf.o)
                0x000072d0                queuebuf_update_attr_from_packetbuf
 .text.queuebuf_free
                0x000072e2       0x46 contiki-sky.a(queuebuf.o)
                0x000072e2                queuebuf_free
 .text.queuebuf_to_packetbuf
                0x00007328       0x70 contiki-sky.a(queuebuf.o)
                0x00007328                queuebuf_to_packetbuf
 .text.init_platform
                0x00007398        0xc contiki-sky.a(contiki-sky-pla)
                0x00007398                init_platform
 .text.status   0x000073a4       0x16 contiki-sky.a(button-sensor.o)
 .text.configure
                0x000073ba       0x4a contiki-sky.a(button-sensor.o)
 .text.value    0x00007404       0x26 contiki-sky.a(button-sensor.o)
 .text.irq_p2   0x0000742a       0x92 contiki-sky.a(button-sensor.o)
                0x0000742a                irq_p2
                0x0000742a                __isr_1
 .text.crc8_add
                0x000074bc       0x1a contiki-sky.a(ds2411.o)
 .text.owreadb  0x000074d6       0x56 contiki-sky.a(ds2411.o)
 .text.ds2411_init
                0x0000752c      0x10a contiki-sky.a(ds2411.o)
                0x0000752c                ds2411_init
 .text.wait_ready
                0x00007636       0x4e contiki-sky.a(xmem.o)
 .text.xmem_init
                0x00007684       0x3c contiki-sky.a(xmem.o)
                0x00007684                xmem_init
 .text.xmem_pread
                0x000076c0       0xdc contiki-sky.a(xmem.o)
                0x000076c0                xmem_pread
 .text.i2c_start
                0x0000779c       0x4e contiki-sky.a(i2c.o)
                0x0000779c                i2c_start
 .text.i2c_stop
                0x000077ea       0x30 contiki-sky.a(i2c.o)
                0x000077ea                i2c_stop
 .text.i2c_write
                0x0000781a       0x6c contiki-sky.a(i2c.o)
                0x0000781a                i2c_write
 .text.i2c_read
                0x00007886       0x4e contiki-sky.a(i2c.o)
                0x00007886                i2c_read
 .text.read_    0x000078d4       0x84 contiki-sky.a(i2c.o)
                0x000078d4                read_
 .text.read_multibyte
                0x00007958       0x8c contiki-sky.a(i2c.o)
                0x00007958                read_multibyte
 .text.write_   0x000079e4       0x5c contiki-sky.a(i2c.o)
                0x000079e4                write_
 .text.node_id_restore
                0x00007a40       0x38 contiki-sky.a(node-id.o)
                0x00007a40                node_id_restore
 .text.get_sensor_index
                0x00007a78       0x22 contiki-sky.a(sensors.o)
 .text.process_thread_sensors_process
                0x00007a9a       0xc2 contiki-sky.a(sensors.o)
 .text.sensors_changed
                0x00007b5c       0x14 contiki-sky.a(sensors.o)
                0x00007b5c                sensors_changed
 .text.strobe   0x00007b70       0x1e contiki-sky.a(cc2420.o)
 .text.status   0x00007b8e       0x24 contiki-sky.a(cc2420.o)
 .text.getreg   0x00007bb2       0x50 contiki-sky.a(cc2420.o)
 .text.setreg   0x00007c02       0x48 contiki-sky.a(cc2420.o)
 .text.set_txpower
                0x00007c4a       0x2a contiki-sky.a(cc2420.o)
 .text.cc2420_receiving_packet
                0x00007c74       0x10 contiki-sky.a(cc2420.o)
 .text.pending_packet
                0x00007c84        0x8 contiki-sky.a(cc2420.o)
 .text.on       0x00007c8c       0x46 contiki-sky.a(cc2420.o)
 .text.flushrx  0x00007cd2       0x74 contiki-sky.a(cc2420.o)
 .text.off      0x00007d46       0x78 contiki-sky.a(cc2420.o)
 .text.RELEASE_LOCK
                0x00007dbe       0x28 contiki-sky.a(cc2420.o)
 .text.cc2420_prepare
                0x00007de6       0x8a contiki-sky.a(cc2420.o)
 .text.cc2420_on
                0x00007e70       0x22 contiki-sky.a(cc2420.o)
                0x00007e70                cc2420_on
 .text.cc2420_off
                0x00007e92       0x30 contiki-sky.a(cc2420.o)
                0x00007e92                cc2420_off
 .text.cc2420_cca
                0x00007ec2       0x7a contiki-sky.a(cc2420.o)
 .text.getrxdata
                0x00007f3c       0x4e contiki-sky.a(cc2420.o)
 .text.cc2420_read
                0x00007f8a      0x11a contiki-sky.a(cc2420.o)
 .text.process_thread_cc2420_process
                0x000080a4       0x50 contiki-sky.a(cc2420.o)
 .text.cc2420_set_channel
                0x000080f4       0x7a contiki-sky.a(cc2420.o)
                0x000080f4                cc2420_set_channel
 .text.cc2420_set_pan_addr
                0x0000816e      0x13a contiki-sky.a(cc2420.o)
                0x0000816e                cc2420_set_pan_addr
 .text.cc2420_init
                0x000082a8       0xd4 contiki-sky.a(cc2420.o)
                0x000082a8                cc2420_init
 .text.cc2420_interrupt
                0x0000837c       0x20 contiki-sky.a(cc2420.o)
                0x0000837c                cc2420_interrupt
 .text.cc2420_get_txpower
                0x0000839c       0x1e contiki-sky.a(cc2420.o)
                0x0000839c                cc2420_get_txpower
 .text.cc2420_transmit
                0x000083ba      0x1ac contiki-sky.a(cc2420.o)
 .text.cc2420_send
                0x00008566       0x12 contiki-sky.a(cc2420.o)
 .text.cc2420_port1_interrupt
                0x00008578       0x6a contiki-sky.a(cc2420-arch.o)
                0x00008578                __isr_4
                0x00008578                cc2420_port1_interrupt
 .text.cc2420_arch_init
                0x000085e2       0x1a contiki-sky.a(cc2420-arch.o)
                0x000085e2                cc2420_arch_init
 .text.handle_rxdma_timer
                0x000085fc       0x42 contiki-sky.a(uart1.o)
 .text.uart1_active
                0x0000863e       0x18 contiki-sky.a(uart1.o)
                0x0000863e                uart1_active
 .text.uart1_set_input
                0x00008656       0x20 contiki-sky.a(uart1.o)
                0x00008656                uart1_set_input
 .text.uart1_writeb
                0x00008676       0x1a contiki-sky.a(uart1.o)
                0x00008676                uart1_writeb
 .text.uart1_init
                0x00008690       0xee contiki-sky.a(uart1.o)
                0x00008690                uart1_init
 .text.putchar  0x0000877e        0xe contiki-sky.a(uart1-putchar.o)
                0x0000877e                putchar
 .text.msp430_init_dco
                0x0000878c       0x74 contiki-sky.a(msp430.o)
                0x0000878c                msp430_init_dco
 .text.msp430_add_lpm_req
                0x00008800        0xa contiki-sky.a(msp430.o)
                0x00008800                msp430_add_lpm_req
 .text.msp430_cpu_init
                0x0000880a       0x2a contiki-sky.a(msp430.o)
                0x0000880a                msp430_cpu_init
 .text.splhigh_
                0x00008834        0x8 contiki-sky.a(msp430.o)
                0x00008834                splhigh_
 .text.msp430_sync_dco
                0x0000883c       0x60 contiki-sky.a(msp430.o)
                0x0000883c                msp430_sync_dco
 .text.timera1  0x0000889c       0xee contiki-sky.a(clock.o)
                0x0000889c                __isr_5
                0x0000889c                timera1
 .text.clock_time
                0x0000898a       0x1a contiki-sky.a(clock.o)
                0x0000898a                clock_time
 .text.clock_init
                0x000089a4       0x28 contiki-sky.a(clock.o)
                0x000089a4                clock_init
 .text.clock_delay
                0x000089cc        0xc contiki-sky.a(clock.o)
                0x000089cc                clock_delay
 .text.show_leds
                0x000089d8      0x10c contiki-sky.a(leds.o)
 .text.leds_init
                0x00008ae4        0xe contiki-sky.a(leds.o)
                0x00008ae4                leds_init
 .text.leds_on  0x00008af2       0x14 contiki-sky.a(leds.o)
                0x00008af2                leds_on
 .text.leds_off
                0x00008b06       0x14 contiki-sky.a(leds.o)
                0x00008b06                leds_off
 .text.leds_arch_init
                0x00008b1a        0xe contiki-sky.a(leds-arch.o)
                0x00008b1a                leds_arch_init
 .text.leds_arch_set
                0x00008b28       0x3a contiki-sky.a(leds-arch.o)
                0x00008b28                leds_arch_set
 .text.watchdog_interrupt
                0x00008b62        0x6 contiki-sky.a(watchdog.o)
                0x00008b62                __isr_10
                0x00008b62                watchdog_interrupt
 .text.watchdog_start
                0x00008b68       0x14 contiki-sky.a(watchdog.o)
                0x00008b68                watchdog_start
 .text.watchdog_periodic
                0x00008b7c       0x12 contiki-sky.a(watchdog.o)
                0x00008b7c                watchdog_periodic
 .text.watchdog_stop
                0x00008b8e       0x16 contiki-sky.a(watchdog.o)
                0x00008b8e                watchdog_stop
 .text.watchdog_init
                0x00008ba4       0x14 contiki-sky.a(watchdog.o)
                0x00008ba4                watchdog_init
 .text.rtimer_arch_init
                0x00008bb8        0xe contiki-sky.a(rtimer-arch.o)
                0x00008bb8                rtimer_arch_init
 .text.rtimer_arch_now
                0x00008bc6        0xe contiki-sky.a(rtimer-arch.o)
                0x00008bc6                rtimer_arch_now
 .text.timera0  0x00008bd4       0x76 contiki-sky.a(rtimer-arch.o)
                0x00008bd4                __isr_6
                0x00008bd4                timera0
 .text.rtimer_arch_schedule
                0x00008c4a        0x6 contiki-sky.a(rtimer-arch.o)
                0x00008c4a                rtimer_arch_schedule
 .text.mac_call_sent_callback
                0x00008c50       0x14 contiki-sky.a(mac.o)
                0x00008c50                mac_call_sent_callback
 .text.parse    0x00008c64       0xa8 contiki-sky.a(framer-802154.o)
 .text.create   0x00008d0c      0x10e contiki-sky.a(framer-802154.o)
 .text.spi_init
                0x00008e1a       0x32 contiki-sky.a(spi.o)
                0x00008e1a                spi_init
 .text.field_len
                0x00008e4c       0x98 contiki-sky.a(frame802154.o)
 .text.frame802154_hdrlen
                0x00008ee4       0x26 contiki-sky.a(frame802154.o)
                0x00008ee4                frame802154_hdrlen
 .text.frame802154_create
                0x00008f0a      0x16c contiki-sky.a(frame802154.o)
                0x00008f0a                frame802154_create
 .text.frame802154_parse
                0x00009076      0x1a0 contiki-sky.a(frame802154.o)
                0x00009076                frame802154_parse
 .text.libgcc   0x00009216       0x20 /usr/lib/gcc/msp430/4.5.3/mmpy-16/libgcc.a(_mulsi3.o)
                0x00009216                __mulsi3
 .text.libgcc   0x00009236       0x1c /usr/lib/gcc/msp430/4.5.3/mmpy-16/libgcc.a(_udivmodhi4.o)
                0x00009236                __udivmodhi4
 .text.libgcc   0x00009252       0x2a /usr/lib/gcc/msp430/4.5.3/mmpy-16/libgcc.a(_udivmodsi4.o)
                0x00009252                __udivmodsi4
 .text.crt0     0x0000927c        0x2 /usr/lib/gcc/msp430/4.5.3/mmpy-16/libcrt0.a(_unexpected_.o)
                0x0000927c                _unexpected_

.rodata         0x0000927e        0x0
                0x0000927e                . = ALIGN (0x2)
 *(.rodata .rodata.* .gnu.linkonce.r.*)
                0x0000927e                . = ALIGN (0x2)
                0x0000927e                _etext = .

.data           0x00001100       0x8c load address 0x0000927e
                0x00001100                . = ALIGN (0x2)
                0x00001100                PROVIDE (__data_start, .)
 *(.data)
 .data          0x00001100        0xa test_mpu.co
                0x00001100                hello_world_process
 .data          0x0000110a       0x18 contiki-sky.a(csma.o)
 .data          0x00001122        0xe contiki-sky.a(contikimac.o)
                0x00001122                phase_list
 .data          0x00001130        0x8 contiki-sky.a(phase.o)
 .data          0x00001138        0xa contiki-sky.a(serial-line.o)
                0x00001138                serial_line_process
 .data          0x00001142        0xa contiki-sky.a(etimer.o)
                0x00001142                etimer_process
 .data          0x0000114c        0xa contiki-sky.a(ctimer.o)
                0x0000114c                ctimer_process
 .data          0x00001156       0x18 contiki-sky.a(queuebuf.o)
 .data          0x0000116e        0x4 contiki-sky.a(contiki-sky-pla)
                0x0000116e                sensors
 .data          0x00001172        0xa contiki-sky.a(sensors.o)
                0x00001172                sensors_process
 .data          0x0000117c        0xa contiki-sky.a(cc2420.o)
                0x0000117c                cc2420_process
 .data          0x00001186        0x2 contiki-sky.a(msp430.o)
 .data          0x00001188        0x4 /usr/lib/gcc/msp430/4.5.3/../../../../msp430/lib/mmpy-16/libc.a(rand.o)
 *(SORT(.data.*))
                0x0000118c                . = ALIGN (0x2)
 *(.gnu.linkonce.d*)
                0x0000118c                . = ALIGN (0x2)
                0x0000118c                _edata = .
                0x0000927e                PROVIDE (__data_load_start, LOADADDR (.data))
                0x0000008c                PROVIDE (__data_size, SIZEOF (.data))

.bss            0x0000118c     0x152e load address 0x0000930a
                0x0000118c                PROVIDE (__bss_start, .)
 *(.bss)
 .bss           0x0000118c        0xc test_mpu.co
 .bss           0x00001198        0xc obj_sky/contiki-sky-main.o
 .bss           0x000011a4        0x2 contiki-sky.a(rime.o)
 .bss           0x000011a6        0x6 contiki-sky.a(announcement.o)
 .bss           0x000011ac       0x46 contiki-sky.a(broadcast-annou)
 .bss           0x000011f2        0x2 contiki-sky.a(channel.o)
 .bss           0x000011f4      0x126 contiki-sky.a(csma.o)
 .bss           0x0000131a      0x27a contiki-sky.a(contikimac.o)
 .bss           0x00001594       0xe8 contiki-sky.a(phase.o)
 .bss           0x0000167c       0x42 contiki-sky.a(process.o)
                0x0000167c                process_list
                0x0000167e                process_current
 .bss           0x000016be        0x8 contiki-sky.a(compower.o)
 .bss           0x000016c6      0x10a contiki-sky.a(serial-line.o)
 .bss           0x000017d0        0x6 contiki-sky.a(etimer.o)
 .bss           0x000017d6        0x4 contiki-sky.a(ctimer.o)
 .bss           0x000017da        0x2 contiki-sky.a(rtimer.o)
 .bss           0x000017dc       0xba contiki-sky.a(packetbuf.o)
 .bss           0x00001896      0xc4e contiki-sky.a(queuebuf.o)
 .bss           0x000024e4        0x8 contiki-sky.a(button-sensor.o)
 .bss           0x000024ec        0x2 contiki-sky.a(node-id.o)
                0x000024ec                node_id
 .bss           0x000024ee        0x6 contiki-sky.a(sensors.o)
 .bss           0x000024f4        0xa contiki-sky.a(cc2420.o)
 .bss           0x000024fe       0x9a contiki-sky.a(uart1.o)
 .bss           0x00002598        0xa contiki-sky.a(clock.o)
 .bss           0x000025a2        0x2 contiki-sky.a(leds.o)
 .bss           0x000025a4        0x2 contiki-sky.a(watchdog.o)
 .bss           0x000025a6        0x2 contiki-sky.a(framer-802154.o)
 *(SORT(.bss.*))
 *(COMMON)
 COMMON         0x000025a8        0xc test_mpu.co
                0x000025a8                gyry
                0x000025aa                accy
                0x000025ac                gyrx
                0x000025ae                accz
                0x000025b0                gyrz
                0x000025b2                accx
 COMMON         0x000025b4        0x2 contiki-sky.a(rimeaddr.o)
                0x000025b4                rimeaddr_node_addr
 COMMON         0x000025b6       0x48 contiki-sky.a(rimestats.o)
                0x000025b6                rimestats
 COMMON         0x000025fe        0x1 contiki-sky.a(process.o)
                0x000025fe                process_maxevents
 *fill*         0x000025ff        0x1 00
 COMMON         0x00002600        0x8 contiki-sky.a(compower.o)
                0x00002600                compower_idle_activity
 COMMON         0x00002608        0x1 contiki-sky.a(serial-line.o)
                0x00002608                serial_line_event_message
 *fill*         0x00002609        0x1 00
 COMMON         0x0000260a       0x56 contiki-sky.a(energest.o)
                0x0000260a                energest_total_time
                0x0000263a                energest_total_count
                0x0000263c                energest_current_mode
                0x00002648                energest_current_time
 COMMON         0x00002660       0x38 contiki-sky.a(packetbuf.o)
                0x00002660                packetbuf_addrs
                0x00002668                packetbuf_attrs
 COMMON         0x00002698        0x2 contiki-sky.a(contiki-sky-pla)
                0x00002698                sensors_flags
 COMMON         0x0000269a        0x8 contiki-sky.a(ds2411.o)
                0x0000269a                ds2411_id
 COMMON         0x000026a2        0x1 contiki-sky.a(sensors.o)
                0x000026a2                sensors_event
 *fill*         0x000026a3        0x1 00
 COMMON         0x000026a4       0x14 contiki-sky.a(cc2420.o)
                0x000026a4                cc2420_last_rssi
                0x000026a6                cc2420_packets_read
                0x000026a8                cc2420_packets_seen
                0x000026aa                cc2420_sfd_start_time
                0x000026ac                cc2420_time_of_departure
                0x000026ae                cc2420_time_of_arrival
                0x000026b0                cc2420_last_correlation
                0x000026b2                cc2420_authority_level_of_sender
                0x000026b4                cc2420_sfd_counter
                0x000026b6                cc2420_sfd_end_time
 COMMON         0x000026b8        0x2 contiki-sky.a(msp430.o)
                0x000026b8                msp430_dco_required
                0x000026ba                PROVIDE (__bss_end, .)
                0x000026ba                _end = .
                0x0000152e                PROVIDE (__bss_size, SIZEOF (.bss))

.noinit         0x000026ba        0x0 load address 0x0000930a
                0x000026ba                PROVIDE (__noinit_start, .)
 *(.noinit)
 *(.noinit.*)
 *(COMMON)
                0x000026ba                PROVIDE (__noinit_end, .)
                0x000026ba                _end = .

.infomem        0x00001000        0x0
 *(.infomem)
                0x00001000                . = ALIGN (0x2)
 *(.infomem.*)

.infomemnobits  0x00001000        0x0
                0x00001000                . = ALIGN (0x2)
 *(.infomemnobits)
                0x00001000                . = ALIGN (0x2)
 *(.infomemnobits.*)

.vectors        0x0000ffe0       0x20
                0x0000ffe0                PROVIDE (__vectors_start, .)
 *(.vectors*)
 .vectors       0x0000ffe0       0x20 /usr/lib/gcc/msp430/4.5.3/mmpy-16/crt0ivtbl16.o
                0x0000ffe0                __ivtbl_16
                0x00010000                _vectors_end = .

.fartext        0x00000000        0x0
                0x00000000                . = ALIGN (0x2)
 *(.fartext)
                0x00000000                . = ALIGN (0x2)
 *(.fartext.*)
                0x00000000                _efartext = .

.profiler
 *(.profiler)

.stab
 *(.stab)

.stabstr
 *(.stabstr)

.stab.excl
 *(.stab.excl)

.stab.exclstr
 *(.stab.exclstr)

.stab.index
 *(.stab.index)

.stab.indexstr
 *(.stab.indexstr)

.comment
 *(.comment)

.debug
 *(.debug)

.line
 *(.line)

.debug_srcinfo
 *(.debug_srcinfo)

.debug_sfnames
 *(.debug_sfnames)

.debug_aranges  0x00000000      0x954
 *(.debug_aranges)
 .debug_aranges
                0x00000000       0x30 test_mpu.co
 .debug_aranges
                0x00000030       0x18 obj_sky/contiki-sky-main.o
 .debug_aranges
                0x00000048       0x1c contiki-sky.a(rimeaddr.o)
 .debug_aranges
                0x00000064       0x28 contiki-sky.a(rime.o)
 .debug_aranges
                0x0000008c       0x3c contiki-sky.a(announcement.o)
 .debug_aranges
                0x000000c8       0x34 contiki-sky.a(broadcast-annou)
 .debug_aranges
                0x000000fc       0x24 contiki-sky.a(broadcast.o)
 .debug_aranges
                0x00000120       0x24 contiki-sky.a(abc.o)
 .debug_aranges
                0x00000144       0x20 contiki-sky.a(chameleon.o)
 .debug_aranges
                0x00000164       0x24 contiki-sky.a(channel.o)
 .debug_aranges
                0x00000188       0x2c contiki-sky.a(chameleon-bitop)
 .debug_aranges
                0x000001b4       0x34 contiki-sky.a(csma.o)
 .debug_aranges
                0x000001e8       0x4c contiki-sky.a(contikimac.o)
 .debug_aranges
                0x00000234       0x28 contiki-sky.a(phase.o)
 .debug_aranges
                0x0000025c       0x44 contiki-sky.a(process.o)
 .debug_aranges
                0x000002a0       0x18 contiki-sky.a(autostart.o)
 .debug_aranges
                0x000002b8       0x24 contiki-sky.a(compower.o)
 .debug_aranges
                0x000002dc       0x1c contiki-sky.a(serial-line.o)
 .debug_aranges
                0x000002f8       0x20 contiki-sky.a(memb.o)
 .debug_aranges
                0x00000318       0x24 contiki-sky.a(timer.o)
 .debug_aranges
                0x0000033c       0x40 contiki-sky.a(list.o)
 .debug_aranges
                0x0000037c       0x48 contiki-sky.a(etimer.o)
 .debug_aranges
                0x000003c4       0x2c contiki-sky.a(ctimer.o)
 .debug_aranges
                0x000003f0       0x24 contiki-sky.a(energest.o)
 .debug_aranges
                0x00000414       0x1c contiki-sky.a(rtimer.o)
 .debug_aranges
                0x00000430       0x18 contiki-sky.a(random.o)
 .debug_aranges
                0x00000448       0x24 contiki-sky.a(ringbuf.o)
 .debug_aranges
                0x0000046c       0x64 contiki-sky.a(packetbuf.o)
 .debug_aranges
                0x000004d0       0x38 contiki-sky.a(queuebuf.o)
 .debug_aranges
                0x00000508       0x14 contiki-sky.a(contiki-sky-pla)
 .debug_aranges
                0x0000051c       0x20 contiki-sky.a(button-sensor.o)
 .debug_aranges
                0x0000053c       0x1c contiki-sky.a(ds2411.o)
 .debug_aranges
                0x00000558       0x28 contiki-sky.a(xmem.o)
 .debug_aranges
                0x00000580       0x34 contiki-sky.a(i2c.o)
 .debug_aranges
                0x000005b4       0x18 contiki-sky.a(node-id.o)
 .debug_aranges
                0x000005cc       0x28 contiki-sky.a(sensors.o)
 .debug_aranges
                0x000005f4       0x88 contiki-sky.a(cc2420.o)
 .debug_aranges
                0x0000067c       0x18 contiki-sky.a(cc2420-arch.o)
 .debug_aranges
                0x00000694       0x24 contiki-sky.a(uart1.o)
 .debug_aranges
                0x000006b8       0x14 contiki-sky.a(uart1-putchar.o)
 .debug_aranges
                0x000006cc       0x2c contiki-sky.a(msp430.o)
 .debug_aranges
                0x000006f8       0x3c contiki-sky.a(clock.o)
 .debug_aranges
                0x00000734       0x30 contiki-sky.a(leds.o)
 .debug_aranges
                0x00000764       0x1c contiki-sky.a(leds-arch.o)
 .debug_aranges
                0x00000780       0x28 contiki-sky.a(watchdog.o)
 .debug_aranges
                0x000007a8       0x20 contiki-sky.a(rtimer-arch.o)
 .debug_aranges
                0x000007c8       0x14 contiki-sky.a(mac.o)
 .debug_aranges
                0x000007dc       0x18 contiki-sky.a(framer-802154.o)
 .debug_aranges
                0x000007f4       0x14 contiki-sky.a(spi.o)
 .debug_aranges
                0x00000808       0x20 contiki-sky.a(frame802154.o)
 .debug_aranges
                0x00000828       0x14 /usr/lib/gcc/msp430/4.5.3/mmpy-16/libgcc.a(_mulsi3.o)
 .debug_aranges
                0x0000083c       0x14 /usr/lib/gcc/msp430/4.5.3/mmpy-16/libgcc.a(_udivmodhi4.o)
 .debug_aranges
                0x00000850       0x14 /usr/lib/gcc/msp430/4.5.3/mmpy-16/libgcc.a(_udivmodsi4.o)
 .debug_aranges
                0x00000864       0x14 /usr/lib/gcc/msp430/4.5.3/../../../../msp430/lib/mmpy-16/libc.a(memcpy.o)
 .debug_aranges
                0x00000878       0x14 /usr/lib/gcc/msp430/4.5.3/../../../../msp430/lib/mmpy-16/libc.a(memset.o)
 .debug_aranges
                0x0000088c       0x14 /usr/lib/gcc/msp430/4.5.3/../../../../msp430/lib/mmpy-16/libc.a(printf.o)
 .debug_aranges
                0x000008a0       0x14 /usr/lib/gcc/msp430/4.5.3/../../../../msp430/lib/mmpy-16/libc.a(vuprintf.o)
 .debug_aranges
                0x000008b4       0x14 /usr/lib/gcc/msp430/4.5.3/../../../../msp430/lib/mmpy-16/libc.a(puts.o)
 .debug_aranges
                0x000008c8       0x14 /usr/lib/gcc/msp430/4.5.3/../../../../msp430/lib/mmpy-16/libc.a(rand.o)
 .debug_aranges
                0x000008dc       0x14 /usr/lib/gcc/msp430/4.5.3/mmpy-16/libcrt0.a(__init_stack.o)
 .debug_aranges
                0x000008f0       0x14 /usr/lib/gcc/msp430/4.5.3/mmpy-16/libcrt0.a(__low_level_init.o)
 .debug_aranges
                0x00000904       0x14 /usr/lib/gcc/msp430/4.5.3/mmpy-16/libcrt0.a(_copy_data.o)
 .debug_aranges
                0x00000918       0x14 /usr/lib/gcc/msp430/4.5.3/mmpy-16/libcrt0.a(_clear_bss.o)
 .debug_aranges
                0x0000092c       0x14 /usr/lib/gcc/msp430/4.5.3/mmpy-16/libcrt0.a(_endless_loop__.o)
 .debug_aranges
                0x00000940       0x14 /usr/lib/gcc/msp430/4.5.3/mmpy-16/libcrt0.a(_unexpected_.o)

.debug_pubnames
                0x00000000     0x1abd
 *(.debug_pubnames)
 .debug_pubnames
                0x00000000       0xda test_mpu.co
 .debug_pubnames
                0x000000da       0x27 obj_sky/contiki-sky-main.o
 .debug_pubnames
                0x00000101       0x79 contiki-sky.a(rimeaddr.o)
 .debug_pubnames
                0x0000017a       0x5f contiki-sky.a(rime.o)
 .debug_pubnames
                0x000001d9       0x20 contiki-sky.a(rimestats.o)
 .debug_pubnames
                0x000001f9      0x144 contiki-sky.a(announcement.o)
 .debug_pubnames
                0x0000033d       0x7d contiki-sky.a(broadcast-annou)
 .debug_pubnames
                0x000003ba       0x4c contiki-sky.a(broadcast.o)
 .debug_pubnames
                0x00000406       0x55 contiki-sky.a(abc.o)
 .debug_pubnames
                0x0000045b       0x64 contiki-sky.a(chameleon.o)
 .debug_pubnames
                0x000004bf       0x74 contiki-sky.a(channel.o)
 .debug_pubnames
                0x00000533       0x6b contiki-sky.a(chameleon-bitop)
 .debug_pubnames
                0x0000059e       0x22 contiki-sky.a(csma.o)
 .debug_pubnames
                0x000005c0       0x52 contiki-sky.a(contikimac.o)
 .debug_pubnames
                0x00000612       0x64 contiki-sky.a(phase.o)
 .debug_pubnames
                0x00000676      0x10d contiki-sky.a(process.o)
 .debug_pubnames
                0x00000783       0x39 contiki-sky.a(autostart.o)
 .debug_pubnames
                0x000007bc       0x9e contiki-sky.a(compower.o)
 .debug_pubnames
                0x0000085a       0x78 contiki-sky.a(serial-line.o)
 .debug_pubnames
                0x000008d2       0x4d contiki-sky.a(memb.o)
 .debug_pubnames
                0x0000091f       0x68 contiki-sky.a(timer.o)
 .debug_pubnames
                0x00000987       0xc3 contiki-sky.a(list.o)
 .debug_pubnames
                0x00000a4a      0x109 contiki-sky.a(etimer.o)
 .debug_pubnames
                0x00000b53       0x8b contiki-sky.a(ctimer.o)
 .debug_pubnames
                0x00000bde       0xec contiki-sky.a(energest.o)
 .debug_pubnames
                0x00000cca       0x45 contiki-sky.a(rtimer.o)
 .debug_pubnames
                0x00000d0f       0x32 contiki-sky.a(random.o)
 .debug_pubnames
                0x00000d41       0x69 contiki-sky.a(ringbuf.o)
 .debug_pubnames
                0x00000daa      0x22c contiki-sky.a(packetbuf.o)
 .debug_pubnames
                0x00000fd6       0xff contiki-sky.a(queuebuf.o)
 .debug_pubnames
                0x000010d5       0x42 contiki-sky.a(contiki-sky-pla)
 .debug_pubnames
                0x00001117       0x2f contiki-sky.a(button-sensor.o)
 .debug_pubnames
                0x00001146       0x30 contiki-sky.a(ds2411.o)
 .debug_pubnames
                0x00001176       0x4e contiki-sky.a(xmem.o)
 .debug_pubnames
                0x000011c4       0x8f contiki-sky.a(i2c.o)
 .debug_pubnames
                0x00001253       0x43 contiki-sky.a(node-id.o)
 .debug_pubnames
                0x00001296       0x80 contiki-sky.a(sensors.o)
 .debug_pubnames
                0x00001316      0x236 contiki-sky.a(cc2420.o)
 .debug_pubnames
                0x0000154c       0x42 contiki-sky.a(cc2420-arch.o)
 .debug_pubnames
                0x0000158e       0x57 contiki-sky.a(uart1.o)
 .debug_pubnames
                0x000015e5       0x1e contiki-sky.a(uart1-putchar.o)
 .debug_pubnames
                0x00001603       0xad contiki-sky.a(msp430.o)
 .debug_pubnames
                0x000016b0       0xc5 contiki-sky.a(clock.o)
 .debug_pubnames
                0x00001775       0x75 contiki-sky.a(leds.o)
 .debug_pubnames
                0x000017ea       0x49 contiki-sky.a(leds-arch.o)
 .debug_pubnames
                0x00001833       0x8a contiki-sky.a(watchdog.o)
 .debug_pubnames
                0x000018bd       0x60 contiki-sky.a(rtimer-arch.o)
 .debug_pubnames
                0x0000191d       0x2d contiki-sky.a(mac.o)
 .debug_pubnames
                0x0000194a       0x24 contiki-sky.a(framer-802154.o)
 .debug_pubnames
                0x0000196e       0x2c contiki-sky.a(spi.o)
 .debug_pubnames
                0x0000199a       0x56 contiki-sky.a(frame802154.o)
 .debug_pubnames
                0x000019f0       0x1d /usr/lib/gcc/msp430/4.5.3/../../../../msp430/lib/mmpy-16/libc.a(memcpy.o)
 .debug_pubnames
                0x00001a0d       0x1d /usr/lib/gcc/msp430/4.5.3/../../../../msp430/lib/mmpy-16/libc.a(memset.o)
 .debug_pubnames
                0x00001a2a       0x29 /usr/lib/gcc/msp430/4.5.3/../../../../msp430/lib/mmpy-16/libc.a(printf.o)
 .debug_pubnames
                0x00001a53       0x1f /usr/lib/gcc/msp430/4.5.3/../../../../msp430/lib/mmpy-16/libc.a(vuprintf.o)
 .debug_pubnames
                0x00001a72       0x1b /usr/lib/gcc/msp430/4.5.3/../../../../msp430/lib/mmpy-16/libc.a(puts.o)
 .debug_pubnames
                0x00001a8d       0x30 /usr/lib/gcc/msp430/4.5.3/../../../../msp430/lib/mmpy-16/libc.a(rand.o)

.debug_info     0x00000000     0xf386
 *(.debug_info)
 .debug_info    0x00000000      0x449 test_mpu.co
 .debug_info    0x00000449      0x7e0 obj_sky/contiki-sky-main.o
 .debug_info    0x00000c29      0x1c0 contiki-sky.a(rimeaddr.o)
 .debug_info    0x00000de9      0x5f3 contiki-sky.a(rime.o)
 .debug_info    0x000013dc      0x140 contiki-sky.a(rimestats.o)
 .debug_info    0x0000151c      0x3a9 contiki-sky.a(announcement.o)
 .debug_info    0x000018c5      0x88f contiki-sky.a(broadcast-annou)
 .debug_info    0x00002154      0x5c6 contiki-sky.a(broadcast.o)
 .debug_info    0x0000271a      0x495 contiki-sky.a(abc.o)
 .debug_info    0x00002baf      0x409 contiki-sky.a(chameleon.o)
 .debug_info    0x00002fb8      0x2d7 contiki-sky.a(channel.o)
 .debug_info    0x0000328f      0x785 contiki-sky.a(chameleon-bitop)
 .debug_info    0x00003a14      0xbc8 contiki-sky.a(csma.o)
 .debug_info    0x000045dc     0x110c contiki-sky.a(contikimac.o)
 .debug_info    0x000056e8      0x89e contiki-sky.a(phase.o)
 .debug_info    0x00005f86      0x51f contiki-sky.a(process.o)
 .debug_info    0x000064a5      0x1b1 contiki-sky.a(autostart.o)
 .debug_info    0x00006656      0x423 contiki-sky.a(compower.o)
 .debug_info    0x00006a79      0x35b contiki-sky.a(serial-line.o)
 .debug_info    0x00006dd4      0x198 contiki-sky.a(memb.o)
 .debug_info    0x00006f6c      0x16d contiki-sky.a(timer.o)
 .debug_info    0x000070d9      0x2f3 contiki-sky.a(list.o)
 .debug_info    0x000073cc      0x498 contiki-sky.a(etimer.o)
 .debug_info    0x00007864      0x4a7 contiki-sky.a(ctimer.o)
 .debug_info    0x00007d0b      0x272 contiki-sky.a(energest.o)
 .debug_info    0x00007f7d      0x207 contiki-sky.a(rtimer.o)
 .debug_info    0x00008184       0xa4 contiki-sky.a(random.o)
 .debug_info    0x00008228      0x1ad contiki-sky.a(ringbuf.o)
 .debug_info    0x000083d5      0x5ff contiki-sky.a(packetbuf.o)
 .debug_info    0x000089d4      0x6e3 contiki-sky.a(queuebuf.o)
 .debug_info    0x000090b7      0x2b9 contiki-sky.a(contiki-sky-pla)
 .debug_info    0x00009370      0x496 contiki-sky.a(button-sensor.o)
 .debug_info    0x00009806      0x2cf contiki-sky.a(ds2411.o)
 .debug_info    0x00009ad5      0x52b contiki-sky.a(xmem.o)
 .debug_info    0x0000a000      0x403 contiki-sky.a(i2c.o)
 .debug_info    0x0000a403       0xe8 contiki-sky.a(node-id.o)
 .debug_info    0x0000a4eb      0x405 contiki-sky.a(sensors.o)
 .debug_info    0x0000a8f0     0x1424 contiki-sky.a(cc2420.o)
 .debug_info    0x0000bd14      0x2ad contiki-sky.a(cc2420-arch.o)
 .debug_info    0x0000bfc1      0x632 contiki-sky.a(uart1.o)
 .debug_info    0x0000c5f3       0x8f contiki-sky.a(uart1-putchar.o)
 .debug_info    0x0000c682      0x40b contiki-sky.a(msp430.o)
 .debug_info    0x0000ca8d      0x43a contiki-sky.a(clock.o)
 .debug_info    0x0000cec7      0x2a0 contiki-sky.a(leds.o)
 .debug_info    0x0000d167      0x111 contiki-sky.a(leds-arch.o)
 .debug_info    0x0000d278      0x1bc contiki-sky.a(watchdog.o)
 .debug_info    0x0000d434      0x255 contiki-sky.a(rtimer-arch.o)
 .debug_info    0x0000d689      0x110 contiki-sky.a(mac.o)
 .debug_info    0x0000d799      0x640 contiki-sky.a(framer-802154.o)
 .debug_info    0x0000ddd9      0x1a8 contiki-sky.a(spi.o)
 .debug_info    0x0000df81      0x494 contiki-sky.a(frame802154.o)
 .debug_info    0x0000e415       0xd7 /usr/lib/gcc/msp430/4.5.3/mmpy-16/libgcc.a(_mulsi3.o)
 .debug_info    0x0000e4ec       0xd7 /usr/lib/gcc/msp430/4.5.3/mmpy-16/libgcc.a(_udivmodhi4.o)
 .debug_info    0x0000e5c3       0xd7 /usr/lib/gcc/msp430/4.5.3/mmpy-16/libgcc.a(_udivmodsi4.o)
 .debug_info    0x0000e69a      0x113 /usr/lib/gcc/msp430/4.5.3/../../../../msp430/lib/mmpy-16/libc.a(memcpy.o)
 .debug_info    0x0000e7ad       0xfe /usr/lib/gcc/msp430/4.5.3/../../../../msp430/lib/mmpy-16/libc.a(memset.o)
 .debug_info    0x0000e8ab      0x103 /usr/lib/gcc/msp430/4.5.3/../../../../msp430/lib/mmpy-16/libc.a(printf.o)
 .debug_info    0x0000e9ae      0x3b5 /usr/lib/gcc/msp430/4.5.3/../../../../msp430/lib/mmpy-16/libc.a(vuprintf.o)
 .debug_info    0x0000ed63       0x96 /usr/lib/gcc/msp430/4.5.3/../../../../msp430/lib/mmpy-16/libc.a(puts.o)
 .debug_info    0x0000edf9      0x137 /usr/lib/gcc/msp430/4.5.3/../../../../msp430/lib/mmpy-16/libc.a(rand.o)
 .debug_info    0x0000ef30       0xb9 /usr/lib/gcc/msp430/4.5.3/mmpy-16/libcrt0.a(__init_stack.o)
 .debug_info    0x0000efe9       0xb9 /usr/lib/gcc/msp430/4.5.3/mmpy-16/libcrt0.a(__low_level_init.o)
 .debug_info    0x0000f0a2       0xb9 /usr/lib/gcc/msp430/4.5.3/mmpy-16/libcrt0.a(_copy_data.o)
 .debug_info    0x0000f15b       0xb9 /usr/lib/gcc/msp430/4.5.3/mmpy-16/libcrt0.a(_clear_bss.o)
 .debug_info    0x0000f214       0xb9 /usr/lib/gcc/msp430/4.5.3/mmpy-16/libcrt0.a(_endless_loop__.o)
 .debug_info    0x0000f2cd       0xb9 /usr/lib/gcc/msp430/4.5.3/mmpy-16/libcrt0.a(_unexpected_.o)
 *(.gnu.linkonce.wi.*)

.debug_abbrev   0x00000000     0x5a77
 *(.debug_abbrev)
 .debug_abbrev  0x00000000      0x1f0 test_mpu.co
 .debug_abbrev  0x000001f0      0x274 obj_sky/contiki-sky-main.o
 .debug_abbrev  0x00000464      0x176 contiki-sky.a(rimeaddr.o)
 .debug_abbrev  0x000005da      0x1f0 contiki-sky.a(rime.o)
 .debug_abbrev  0x000007ca       0x5d contiki-sky.a(rimestats.o)
 .debug_abbrev  0x00000827      0x183 contiki-sky.a(announcement.o)
 .debug_abbrev  0x000009aa      0x254 contiki-sky.a(broadcast-annou)
 .debug_abbrev  0x00000bfe      0x224 contiki-sky.a(broadcast.o)
 .debug_abbrev  0x00000e22      0x1aa contiki-sky.a(abc.o)
 .debug_abbrev  0x00000fcc      0x1e7 contiki-sky.a(chameleon.o)
 .debug_abbrev  0x000011b3      0x182 contiki-sky.a(channel.o)
 .debug_abbrev  0x00001335      0x28e contiki-sky.a(chameleon-bitop)
 .debug_abbrev  0x000015c3      0x36e contiki-sky.a(csma.o)
 .debug_abbrev  0x00001931      0x3ac contiki-sky.a(contikimac.o)
 .debug_abbrev  0x00001cdd      0x231 contiki-sky.a(phase.o)
 .debug_abbrev  0x00001f0e      0x2f8 contiki-sky.a(process.o)
 .debug_abbrev  0x00002206       0xf7 contiki-sky.a(autostart.o)
 .debug_abbrev  0x000022fd      0x211 contiki-sky.a(compower.o)
 .debug_abbrev  0x0000250e      0x1d7 contiki-sky.a(serial-line.o)
 .debug_abbrev  0x000026e5       0xec contiki-sky.a(memb.o)
 .debug_abbrev  0x000027d1       0xfa contiki-sky.a(timer.o)
 .debug_abbrev  0x000028cb      0x153 contiki-sky.a(list.o)
 .debug_abbrev  0x00002a1e      0x22b contiki-sky.a(etimer.o)
 .debug_abbrev  0x00002c49      0x1de contiki-sky.a(ctimer.o)
 .debug_abbrev  0x00002e27      0x146 contiki-sky.a(energest.o)
 .debug_abbrev  0x00002f6d      0x13b contiki-sky.a(rtimer.o)
 .debug_abbrev  0x000030a8       0x69 contiki-sky.a(random.o)
 .debug_abbrev  0x00003111      0x10b contiki-sky.a(ringbuf.o)
 .debug_abbrev  0x0000321c      0x25d contiki-sky.a(packetbuf.o)
 .debug_abbrev  0x00003479      0x234 contiki-sky.a(queuebuf.o)
 .debug_abbrev  0x000036ad      0x12c contiki-sky.a(contiki-sky-pla)
 .debug_abbrev  0x000037d9      0x18a contiki-sky.a(button-sensor.o)
 .debug_abbrev  0x00003963      0x1b5 contiki-sky.a(ds2411.o)
 .debug_abbrev  0x00003b18      0x206 contiki-sky.a(xmem.o)
 .debug_abbrev  0x00003d1e      0x1a2 contiki-sky.a(i2c.o)
 .debug_abbrev  0x00003ec0       0x95 contiki-sky.a(node-id.o)
 .debug_abbrev  0x00003f55      0x1ed contiki-sky.a(sensors.o)
 .debug_abbrev  0x00004142      0x412 contiki-sky.a(cc2420.o)
 .debug_abbrev  0x00004554      0x13f contiki-sky.a(cc2420-arch.o)
 .debug_abbrev  0x00004693      0x1d7 contiki-sky.a(uart1.o)
 .debug_abbrev  0x0000486a       0x52 contiki-sky.a(uart1-putchar.o)
 .debug_abbrev  0x000048bc      0x192 contiki-sky.a(msp430.o)
 .debug_abbrev  0x00004a4e      0x1b5 contiki-sky.a(clock.o)
 .debug_abbrev  0x00004c03      0x139 contiki-sky.a(leds.o)
 .debug_abbrev  0x00004d3c       0xa8 contiki-sky.a(leds-arch.o)
 .debug_abbrev  0x00004de4       0xdb contiki-sky.a(watchdog.o)
 .debug_abbrev  0x00004ebf      0x137 contiki-sky.a(rtimer-arch.o)
 .debug_abbrev  0x00004ff6       0xa2 contiki-sky.a(mac.o)
 .debug_abbrev  0x00005098      0x222 contiki-sky.a(framer-802154.o)
 .debug_abbrev  0x000052ba       0x81 contiki-sky.a(spi.o)
 .debug_abbrev  0x0000533b      0x18f contiki-sky.a(frame802154.o)
 .debug_abbrev  0x000054ca       0x14 /usr/lib/gcc/msp430/4.5.3/mmpy-16/libgcc.a(_mulsi3.o)
 .debug_abbrev  0x000054de       0x14 /usr/lib/gcc/msp430/4.5.3/mmpy-16/libgcc.a(_udivmodhi4.o)
 .debug_abbrev  0x000054f2       0x14 /usr/lib/gcc/msp430/4.5.3/mmpy-16/libgcc.a(_udivmodsi4.o)
 .debug_abbrev  0x00005506       0x97 /usr/lib/gcc/msp430/4.5.3/../../../../msp430/lib/mmpy-16/libc.a(memcpy.o)
 .debug_abbrev  0x0000559d       0x8d /usr/lib/gcc/msp430/4.5.3/../../../../msp430/lib/mmpy-16/libc.a(memset.o)
 .debug_abbrev  0x0000562a       0xce /usr/lib/gcc/msp430/4.5.3/../../../../msp430/lib/mmpy-16/libc.a(printf.o)
 .debug_abbrev  0x000056f8      0x1cb /usr/lib/gcc/msp430/4.5.3/../../../../msp430/lib/mmpy-16/libc.a(vuprintf.o)
 .debug_abbrev  0x000058c3       0x60 /usr/lib/gcc/msp430/4.5.3/../../../../msp430/lib/mmpy-16/libc.a(puts.o)
 .debug_abbrev  0x00005923       0xdc /usr/lib/gcc/msp430/4.5.3/../../../../msp430/lib/mmpy-16/libc.a(rand.o)
 .debug_abbrev  0x000059ff       0x14 /usr/lib/gcc/msp430/4.5.3/mmpy-16/libcrt0.a(__init_stack.o)
 .debug_abbrev  0x00005a13       0x14 /usr/lib/gcc/msp430/4.5.3/mmpy-16/libcrt0.a(__low_level_init.o)
 .debug_abbrev  0x00005a27       0x14 /usr/lib/gcc/msp430/4.5.3/mmpy-16/libcrt0.a(_copy_data.o)
 .debug_abbrev  0x00005a3b       0x14 /usr/lib/gcc/msp430/4.5.3/mmpy-16/libcrt0.a(_clear_bss.o)
 .debug_abbrev  0x00005a4f       0x14 /usr/lib/gcc/msp430/4.5.3/mmpy-16/libcrt0.a(_endless_loop__.o)
 .debug_abbrev  0x00005a63       0x14 /usr/lib/gcc/msp430/4.5.3/mmpy-16/libcrt0.a(_unexpected_.o)

.debug_line     0x00000000     0x57a3
 *(.debug_line)
 .debug_line    0x00000000      0x18e test_mpu.co
 .debug_line    0x0000018e      0x280 obj_sky/contiki-sky-main.o
 .debug_line    0x0000040e       0xd2 contiki-sky.a(rimeaddr.o)
 .debug_line    0x000004e0      0x196 contiki-sky.a(rime.o)
 .debug_line    0x00000676       0x5f contiki-sky.a(rimestats.o)
 .debug_line    0x000006d5      0x194 contiki-sky.a(announcement.o)
 .debug_line    0x00000869      0x269 contiki-sky.a(broadcast-annou)
 .debug_line    0x00000ad2      0x15b contiki-sky.a(broadcast.o)
 .debug_line    0x00000c2d      0x13a contiki-sky.a(abc.o)
 .debug_line    0x00000d67      0x130 contiki-sky.a(chameleon.o)
 .debug_line    0x00000e97      0x13a contiki-sky.a(channel.o)
 .debug_line    0x00000fd1      0x257 contiki-sky.a(chameleon-bitop)
 .debug_line    0x00001228      0x2a1 contiki-sky.a(csma.o)
 .debug_line    0x000014c9      0x523 contiki-sky.a(contikimac.o)
 .debug_line    0x000019ec      0x24c contiki-sky.a(phase.o)
 .debug_line    0x00001c38      0x1cd contiki-sky.a(process.o)
 .debug_line    0x00001e05       0x9d contiki-sky.a(autostart.o)
 .debug_line    0x00001ea2      0x152 contiki-sky.a(compower.o)
 .debug_line    0x00001ff4      0x157 contiki-sky.a(serial-line.o)
 .debug_line    0x0000214b       0xbf contiki-sky.a(memb.o)
 .debug_line    0x0000220a       0xc6 contiki-sky.a(timer.o)
 .debug_line    0x000022d0      0x158 contiki-sky.a(list.o)
 .debug_line    0x00002428      0x200 contiki-sky.a(etimer.o)
 .debug_line    0x00002628      0x1a0 contiki-sky.a(ctimer.o)
 .debug_line    0x000027c8       0xc9 contiki-sky.a(energest.o)
 .debug_line    0x00002891       0x95 contiki-sky.a(rtimer.o)
 .debug_line    0x00002926       0x53 contiki-sky.a(random.o)
 .debug_line    0x00002979       0xf1 contiki-sky.a(ringbuf.o)
 .debug_line    0x00002a6a      0x27d contiki-sky.a(packetbuf.o)
 .debug_line    0x00002ce7      0x1be contiki-sky.a(queuebuf.o)
 .debug_line    0x00002ea5       0xd4 contiki-sky.a(contiki-sky-pla)
 .debug_line    0x00002f79      0x194 contiki-sky.a(button-sensor.o)
 .debug_line    0x0000310d      0x13d contiki-sky.a(ds2411.o)
 .debug_line    0x0000324a      0x203 contiki-sky.a(xmem.o)
 .debug_line    0x0000344d      0x1e3 contiki-sky.a(i2c.o)
 .debug_line    0x00003630       0x77 contiki-sky.a(node-id.o)
 .debug_line    0x000036a7      0x143 contiki-sky.a(sensors.o)
 .debug_line    0x000037ea      0x75a contiki-sky.a(cc2420.o)
 .debug_line    0x00003f44      0x125 contiki-sky.a(cc2420-arch.o)
 .debug_line    0x00004069      0x1a8 contiki-sky.a(uart1.o)
 .debug_line    0x00004211       0x8f contiki-sky.a(uart1-putchar.o)
 .debug_line    0x000042a0      0x171 contiki-sky.a(msp430.o)
 .debug_line    0x00004411      0x202 contiki-sky.a(clock.o)
 .debug_line    0x00004613      0x10a contiki-sky.a(leds.o)
 .debug_line    0x0000471d       0xf0 contiki-sky.a(leds-arch.o)
 .debug_line    0x0000480d      0x107 contiki-sky.a(watchdog.o)
 .debug_line    0x00004914      0x10e contiki-sky.a(rtimer-arch.o)
 .debug_line    0x00004a22       0x63 contiki-sky.a(mac.o)
 .debug_line    0x00004a85      0x172 contiki-sky.a(framer-802154.o)
 .debug_line    0x00004bf7       0x99 contiki-sky.a(spi.o)
 .debug_line    0x00004c90      0x1c7 contiki-sky.a(frame802154.o)
 .debug_line    0x00004e57       0x9d /usr/lib/gcc/msp430/4.5.3/mmpy-16/libgcc.a(_mulsi3.o)
 .debug_line    0x00004ef4       0x9a /usr/lib/gcc/msp430/4.5.3/mmpy-16/libgcc.a(_udivmodhi4.o)
 .debug_line    0x00004f8e       0xa1 /usr/lib/gcc/msp430/4.5.3/mmpy-16/libgcc.a(_udivmodsi4.o)
 .debug_line    0x0000502f       0xf3 /usr/lib/gcc/msp430/4.5.3/../../../../msp430/lib/mmpy-16/libc.a(memcpy.o)
 .debug_line    0x00005122       0xbd /usr/lib/gcc/msp430/4.5.3/../../../../msp430/lib/mmpy-16/libc.a(memset.o)
 .debug_line    0x000051df       0x72 /usr/lib/gcc/msp430/4.5.3/../../../../msp430/lib/mmpy-16/libc.a(printf.o)
 .debug_line    0x00005251      0x198 /usr/lib/gcc/msp430/4.5.3/../../../../msp430/lib/mmpy-16/libc.a(vuprintf.o)
 .debug_line    0x000053e9       0x4d /usr/lib/gcc/msp430/4.5.3/../../../../msp430/lib/mmpy-16/libc.a(puts.o)
 .debug_line    0x00005436       0x52 /usr/lib/gcc/msp430/4.5.3/../../../../msp430/lib/mmpy-16/libc.a(rand.o)
 .debug_line    0x00005488       0x82 /usr/lib/gcc/msp430/4.5.3/mmpy-16/libcrt0.a(__init_stack.o)
 .debug_line    0x0000550a       0x84 /usr/lib/gcc/msp430/4.5.3/mmpy-16/libcrt0.a(__low_level_init.o)
 .debug_line    0x0000558e       0x88 /usr/lib/gcc/msp430/4.5.3/mmpy-16/libcrt0.a(_copy_data.o)
 .debug_line    0x00005616       0x88 /usr/lib/gcc/msp430/4.5.3/mmpy-16/libcrt0.a(_clear_bss.o)
 .debug_line    0x0000569e       0x83 /usr/lib/gcc/msp430/4.5.3/mmpy-16/libcrt0.a(_endless_loop__.o)
 .debug_line    0x00005721       0x82 /usr/lib/gcc/msp430/4.5.3/mmpy-16/libcrt0.a(_unexpected_.o)

.debug_frame    0x00000000     0x1d74
 *(.debug_frame)
 .debug_frame   0x00000000       0xb2 test_mpu.co
 .debug_frame   0x000000b2       0xb6 obj_sky/contiki-sky-main.o
 .debug_frame   0x00000168       0x36 contiki-sky.a(rimeaddr.o)
 .debug_frame   0x0000019e       0x8a contiki-sky.a(rime.o)
 .debug_frame   0x00000228       0xe8 contiki-sky.a(announcement.o)
 .debug_frame   0x00000310       0xea contiki-sky.a(broadcast-annou)
 .debug_frame   0x000003fa       0x6c contiki-sky.a(broadcast.o)
 .debug_frame   0x00000466       0x5e contiki-sky.a(abc.o)
 .debug_frame   0x000004c4       0x48 contiki-sky.a(chameleon.o)
 .debug_frame   0x0000050c       0x5e contiki-sky.a(channel.o)
 .debug_frame   0x0000056a       0xea contiki-sky.a(chameleon-bitop)
 .debug_frame   0x00000654       0xf6 contiki-sky.a(csma.o)
 .debug_frame   0x0000074a      0x182 contiki-sky.a(contikimac.o)
 .debug_frame   0x000008cc       0xc4 contiki-sky.a(phase.o)
 .debug_frame   0x00000990       0xe8 contiki-sky.a(process.o)
 .debug_frame   0x00000a78       0x36 contiki-sky.a(autostart.o)
 .debug_frame   0x00000aae       0x5e contiki-sky.a(compower.o)
 .debug_frame   0x00000b0c       0x40 contiki-sky.a(serial-line.o)
 .debug_frame   0x00000b4c       0x60 contiki-sky.a(memb.o)
 .debug_frame   0x00000bac       0x6a contiki-sky.a(timer.o)
 .debug_frame   0x00000c16       0xb6 contiki-sky.a(list.o)
 .debug_frame   0x00000ccc       0xf8 contiki-sky.a(etimer.o)
 .debug_frame   0x00000dc4       0xaa contiki-sky.a(ctimer.o)
 .debug_frame   0x00000e6e       0x72 contiki-sky.a(energest.o)
 .debug_frame   0x00000ee0       0x36 contiki-sky.a(rtimer.o)
 .debug_frame   0x00000f16       0x2a contiki-sky.a(random.o)
 .debug_frame   0x00000f40       0x62 contiki-sky.a(ringbuf.o)
 .debug_frame   0x00000fa2      0x158 contiki-sky.a(packetbuf.o)
 .debug_frame   0x000010fa       0xb2 contiki-sky.a(queuebuf.o)
 .debug_frame   0x000011ac       0x1e contiki-sky.a(contiki-sky-pla)
 .debug_frame   0x000011ca       0x70 contiki-sky.a(button-sensor.o)
 .debug_frame   0x0000123a       0x54 contiki-sky.a(ds2411.o)
 .debug_frame   0x0000128e       0xc4 contiki-sky.a(xmem.o)
 .debug_frame   0x00001352       0xba contiki-sky.a(i2c.o)
 .debug_frame   0x0000140c       0x32 contiki-sky.a(node-id.o)
 .debug_frame   0x0000143e       0x84 contiki-sky.a(sensors.o)
 .debug_frame   0x000014c2      0x24e contiki-sky.a(cc2420.o)
 .debug_frame   0x00001710       0x52 contiki-sky.a(cc2420-arch.o)
 .debug_frame   0x00001762       0x6c contiki-sky.a(uart1.o)
 .debug_frame   0x000017ce       0x24 contiki-sky.a(uart1-putchar.o)
 .debug_frame   0x000017f2       0x76 contiki-sky.a(msp430.o)
 .debug_frame   0x00001868       0xdc contiki-sky.a(clock.o)
 .debug_frame   0x00001944       0x96 contiki-sky.a(leds.o)
 .debug_frame   0x000019da       0x36 contiki-sky.a(leds-arch.o)
 .debug_frame   0x00001a10       0x5a contiki-sky.a(watchdog.o)
 .debug_frame   0x00001a6a       0x6a contiki-sky.a(rtimer-arch.o)
 .debug_frame   0x00001ad4       0x24 contiki-sky.a(mac.o)
 .debug_frame   0x00001af8       0x40 contiki-sky.a(framer-802154.o)
 .debug_frame   0x00001b38       0x1e contiki-sky.a(spi.o)
 .debug_frame   0x00001b56       0x9a contiki-sky.a(frame802154.o)
 .debug_frame   0x00001bf0       0x32 /usr/lib/gcc/msp430/4.5.3/../../../../msp430/lib/mmpy-16/libc.a(memcpy.o)
 .debug_frame   0x00001c22       0x32 /usr/lib/gcc/msp430/4.5.3/../../../../msp430/lib/mmpy-16/libc.a(memset.o)
 .debug_frame   0x00001c54       0x2a /usr/lib/gcc/msp430/4.5.3/../../../../msp430/lib/mmpy-16/libc.a(printf.o)
 .debug_frame   0x00001c7e       0x82 /usr/lib/gcc/msp430/4.5.3/../../../../msp430/lib/mmpy-16/libc.a(vuprintf.o)
 .debug_frame   0x00001d00       0x24 /usr/lib/gcc/msp430/4.5.3/../../../../msp430/lib/mmpy-16/libc.a(puts.o)
 .debug_frame   0x00001d24       0x50 /usr/lib/gcc/msp430/4.5.3/../../../../msp430/lib/mmpy-16/libc.a(rand.o)

.debug_str      0x00000000     0x37e6
 *(.debug_str)
 .debug_str     0x00000000      0x2a9 test_mpu.co
                                0x342 (size before relaxing)
 .debug_str     0x000002a9      0x1fa obj_sky/contiki-sky-main.o
                                0x4a1 (size before relaxing)
 .debug_str     0x000004a3       0x6d contiki-sky.a(rimeaddr.o)
                                0x138 (size before relaxing)
 .debug_str     0x00000510      0x192 contiki-sky.a(rime.o)
                                0x35b (size before relaxing)
 .debug_str     0x000006a2       0x1d contiki-sky.a(rimestats.o)
                                 0xed (size before relaxing)
 .debug_str     0x000006bf      0x19c contiki-sky.a(announcement.o)
                                0x2c3 (size before relaxing)
 .debug_str     0x0000085b      0x1c4 contiki-sky.a(broadcast-annou)
                                0x542 (size before relaxing)
 .debug_str     0x00000a1f      0x344 contiki-sky.a(broadcast.o)
                                0x646 (size before relaxing)
 .debug_str     0x00000d63       0x46 contiki-sky.a(abc.o)
                                0x5d7 (size before relaxing)
 .debug_str     0x00000da9       0x94 contiki-sky.a(chameleon.o)
                                0x4c7 (size before relaxing)
 .debug_str     0x00000e3d       0x88 contiki-sky.a(channel.o)
                                0x1e9 (size before relaxing)
 .debug_str     0x00000ec5       0xc1 contiki-sky.a(chameleon-bitop)
                                0x55e (size before relaxing)
 .debug_str     0x00000f86      0x1fb contiki-sky.a(csma.o)
                                0x7e9 (size before relaxing)
 .debug_str     0x00001181      0x3e9 contiki-sky.a(contikimac.o)
                                0xa6d (size before relaxing)
 .debug_str     0x0000156a       0xfe contiki-sky.a(phase.o)
                                0x41e (size before relaxing)
 .debug_str     0x00001668      0x16c contiki-sky.a(process.o)
                                0x280 (size before relaxing)
 .debug_str     0x000017d4       0x37 contiki-sky.a(autostart.o)
                                0x138 (size before relaxing)
 .debug_str     0x0000180b       0x8e contiki-sky.a(compower.o)
                                0x5f0 (size before relaxing)
 .debug_str     0x00001899       0xb1 contiki-sky.a(serial-line.o)
                                0x31e (size before relaxing)
 .debug_str     0x0000194a       0x43 contiki-sky.a(memb.o)
                                 0xfd (size before relaxing)
 .debug_str     0x0000198d       0x24 contiki-sky.a(timer.o)
                                0x122 (size before relaxing)
 .debug_str     0x000019b1       0xa5 contiki-sky.a(list.o)
                                 0xeb (size before relaxing)
 .debug_str     0x00001a56      0x130 contiki-sky.a(etimer.o)
                                0x28d (size before relaxing)
 .debug_str     0x00001b86       0xb6 contiki-sky.a(ctimer.o)
                                0x348 (size before relaxing)
 .debug_str     0x00001c3c       0x98 contiki-sky.a(energest.o)
                                0x2cb (size before relaxing)
 .debug_str     0x00001cd4       0x51 contiki-sky.a(rtimer.o)
                                0x2a1 (size before relaxing)
 .debug_str     0x00001d25       0x32 contiki-sky.a(random.o)
                                 0xdc (size before relaxing)
 .debug_str     0x00001d57       0x59 contiki-sky.a(ringbuf.o)
                                0x135 (size before relaxing)
 .debug_str     0x00001db0      0x1dc contiki-sky.a(packetbuf.o)
                                0x725 (size before relaxing)
 .debug_str     0x00001f8c      0x187 contiki-sky.a(queuebuf.o)
                                0x6f3 (size before relaxing)
 .debug_str     0x00002113       0x6c contiki-sky.a(contiki-sky-pla)
                                0x2b4 (size before relaxing)
 .debug_str     0x0000217f      0x103 contiki-sky.a(button-sensor.o)
                                0x3b9 (size before relaxing)
 .debug_str     0x00002282       0x56 contiki-sky.a(ds2411.o)
                                0x261 (size before relaxing)
 .debug_str     0x000022d8       0xe5 contiki-sky.a(xmem.o)
                                0x34a (size before relaxing)
 .debug_str     0x000023bd      0x102 contiki-sky.a(i2c.o)
                                0x31b (size before relaxing)
 .debug_str     0x000024bf       0x39 contiki-sky.a(node-id.o)
                                 0xe6 (size before relaxing)
 .debug_str     0x000024f8       0x98 contiki-sky.a(sensors.o)
                                0x333 (size before relaxing)
 .debug_str     0x00002590      0x7b8 contiki-sky.a(cc2420.o)
                                0xfd3 (size before relaxing)
 .debug_str     0x00002d48       0x46 contiki-sky.a(cc2420-arch.o)
                                0x2ff (size before relaxing)
 .debug_str     0x00002d8e      0x13f contiki-sky.a(uart1.o)
                                0x421 (size before relaxing)
 .debug_str     0x00002ecd       0x2a contiki-sky.a(uart1-putchar.o)
                                 0xd4 (size before relaxing)
 .debug_str     0x00002ef7      0x139 contiki-sky.a(msp430.o)
                                0x387 (size before relaxing)
 .debug_str     0x00003030       0xd7 contiki-sky.a(clock.o)
                                0x35d (size before relaxing)
 .debug_str     0x00003107       0x69 contiki-sky.a(leds.o)
                                0x2ab (size before relaxing)
 .debug_str     0x00003170       0x59 contiki-sky.a(leds-arch.o)
                                0x114 (size before relaxing)
 .debug_str     0x000031c9       0x8c contiki-sky.a(watchdog.o)
                                0x279 (size before relaxing)
 .debug_str     0x00003255       0x75 contiki-sky.a(rtimer-arch.o)
                                0x2be (size before relaxing)
 .debug_str     0x000032ca       0x2d contiki-sky.a(mac.o)
                                0x14d (size before relaxing)
 .debug_str     0x000032f7      0x190 contiki-sky.a(framer-802154.o)
                                0x612 (size before relaxing)
 .debug_str     0x00003487       0x4f contiki-sky.a(spi.o)
                                0x145 (size before relaxing)
 .debug_str     0x000034d6       0xc7 contiki-sky.a(frame802154.o)
                                0x2fb (size before relaxing)
 .debug_str     0x0000359d       0x5b /usr/lib/gcc/msp430/4.5.3/../../../../msp430/lib/mmpy-16/libc.a(memcpy.o)
                                 0xed (size before relaxing)
 .debug_str     0x000035f8       0x26 /usr/lib/gcc/msp430/4.5.3/../../../../msp430/lib/mmpy-16/libc.a(memset.o)
                                 0xeb (size before relaxing)
 .debug_str     0x0000361e       0x40 /usr/lib/gcc/msp430/4.5.3/../../../../msp430/lib/mmpy-16/libc.a(printf.o)
                                0x101 (size before relaxing)
 .debug_str     0x0000365e      0x14e /usr/lib/gcc/msp430/4.5.3/../../../../msp430/lib/mmpy-16/libc.a(vuprintf.o)
                                0x25d (size before relaxing)
 .debug_str     0x000037ac       0x15 /usr/lib/gcc/msp430/4.5.3/../../../../msp430/lib/mmpy-16/libc.a(puts.o)
                                 0xc7 (size before relaxing)
 .debug_str     0x000037c1       0x25 /usr/lib/gcc/msp430/4.5.3/../../../../msp430/lib/mmpy-16/libc.a(rand.o)
                                 0xe6 (size before relaxing)

.debug_loc      0x00000000     0x4aa4
 *(.debug_loc)
 .debug_loc     0x00000000      0x134 test_mpu.co
 .debug_loc     0x00000134      0x1a2 obj_sky/contiki-sky-main.o
 .debug_loc     0x000002d6       0x66 contiki-sky.a(rimeaddr.o)
 .debug_loc     0x0000033c      0x142 contiki-sky.a(rime.o)
 .debug_loc     0x0000047e      0x1ae contiki-sky.a(announcement.o)
 .debug_loc     0x0000062c      0x1db contiki-sky.a(broadcast-annou)
 .debug_loc     0x00000807       0xf0 contiki-sky.a(broadcast.o)
 .debug_loc     0x000008f7       0xb2 contiki-sky.a(abc.o)
 .debug_loc     0x000009a9       0x7a contiki-sky.a(chameleon.o)
 .debug_loc     0x00000a23       0xc2 contiki-sky.a(channel.o)
 .debug_loc     0x00000ae5      0x431 contiki-sky.a(chameleon-bitop)
 .debug_loc     0x00000f16      0x318 contiki-sky.a(csma.o)
 .debug_loc     0x0000122e      0x653 contiki-sky.a(contikimac.o)
 .debug_loc     0x00001881      0x2f7 contiki-sky.a(phase.o)
 .debug_loc     0x00001b78      0x224 contiki-sky.a(process.o)
 .debug_loc     0x00001d9c       0x56 contiki-sky.a(autostart.o)
 .debug_loc     0x00001df2       0x58 contiki-sky.a(compower.o)
 .debug_loc     0x00001e4a       0xbf contiki-sky.a(serial-line.o)
 .debug_loc     0x00001f09      0x12f contiki-sky.a(memb.o)
 .debug_loc     0x00002038       0xb9 contiki-sky.a(timer.o)
 .debug_loc     0x000020f1      0x1c3 contiki-sky.a(list.o)
 .debug_loc     0x000022b4      0x285 contiki-sky.a(etimer.o)
 .debug_loc     0x00002539      0x21a contiki-sky.a(ctimer.o)
 .debug_loc     0x00002753       0xa2 contiki-sky.a(energest.o)
 .debug_loc     0x000027f5       0x5b contiki-sky.a(rtimer.o)
 .debug_loc     0x00002850        0xb contiki-sky.a(random.o)
 .debug_loc     0x0000285b       0xab contiki-sky.a(ringbuf.o)
 .debug_loc     0x00002906      0x1f7 contiki-sky.a(packetbuf.o)
 .debug_loc     0x00002afd      0x151 contiki-sky.a(queuebuf.o)
 .debug_loc     0x00002c4e       0xc3 contiki-sky.a(button-sensor.o)
 .debug_loc     0x00002d11      0x151 contiki-sky.a(ds2411.o)