Archive member included because of file (symbol)

contiki-sky.a(rimeaddr.o)     obj_sky/contiki-sky-main.o (rimeaddr_copy)
contiki-sky.a(rime.o)         obj_sky/contiki-sky-main.o (rime_driver)
contiki-sky.a(rimestats.o)    contiki-sky.a(rime.o) (rimestats)
contiki-sky.a(announcement.o)
                              contiki-sky.a(rime.o) (announcement_init)
contiki-sky.a(broadcast-annou)
                              contiki-sky.a(rime.o) (broadcast_announcement_init)
contiki-sky.a(broadcast.o)    contiki-sky.a(broadcast-annou) (broadcast_open)
contiki-sky.a(abc.o)          contiki-sky.a(broadcast.o) (abc_open)
contiki-sky.a(chameleon.o)    contiki-sky.a(rime.o) (chameleon_init)
contiki-sky.a(channel.o)      contiki-sky.a(chameleon.o) (channel_init)
contiki-sky.a(chameleon-bitop)
                              contiki-sky.a(chameleon.o) (chameleon_bitopt)
contiki-sky.a(csma.o)         obj_sky/contiki-sky-main.o (csma_driver)
contiki-sky.a(contikimac.o)   obj_sky/contiki-sky-main.o (contikimac_driver)
contiki-sky.a(phase.o)        contiki-sky.a(contikimac.o) (phase_update)
contiki-sky.a(process.o)      obj_sky/contiki-sky-main.o (process_init)
contiki-sky.a(autostart.o)    obj_sky/contiki-sky-main.o (autostart_start)
contiki-sky.a(compower.o)     contiki-sky.a(contikimac.o) (compower_idle_activity)
contiki-sky.a(serial-line.o)  obj_sky/contiki-sky-main.o (serial_line_input_byte)
contiki-sky.a(memb.o)         contiki-sky.a(csma.o) (memb_init)
contiki-sky.a(timer.o)        obj_sky/contiki-sky-main.o (timer_set)
contiki-sky.a(list.o)         contiki-sky.a(announcement.o) (list_init)
contiki-sky.a(etimer.o)       obj_sky/contiki-sky-main.o (etimer_process)
contiki-sky.a(ctimer.o)       obj_sky/contiki-sky-main.o (ctimer_init)
contiki-sky.a(energest.o)     obj_sky/contiki-sky-main.o (energest_init)
contiki-sky.a(rtimer.o)       obj_sky/contiki-sky-main.o (rtimer_init)
contiki-sky.a(random.o)       obj_sky/contiki-sky-main.o (random_init)
contiki-sky.a(ringbuf.o)      contiki-sky.a(serial-line.o) (ringbuf_init)
contiki-sky.a(packetbuf.o)    contiki-sky.a(contikimac.o) (packetbuf_hdr_remove)
contiki-sky.a(queuebuf.o)     contiki-sky.a(rime.o) (queuebuf_init)
contiki-sky.a(contiki-sky-pla)
                              obj_sky/contiki-sky-main.o (init_platform)
contiki-sky.a(button-sensor.o)
                              contiki-sky.a(contiki-sky-pla) (button_sensor)
contiki-sky.a(ds2411.o)       obj_sky/contiki-sky-main.o (ds2411_init)
contiki-sky.a(xmem.o)         obj_sky/contiki-sky-main.o (xmem_init)
contiki-sky.a(i2c.o)          hello-world.co (i2c_enable)
contiki-sky.a(node-id.o)      obj_sky/contiki-sky-main.o (node_id_restore)
contiki-sky.a(sensors.o)      contiki-sky.a(button-sensor.o) (sensors_changed)
contiki-sky.a(cc2420.o)       obj_sky/contiki-sky-main.o (cc2420_set_channel)
contiki-sky.a(cc2420-arch.o)  contiki-sky.a(cc2420.o) (cc2420_arch_init)
contiki-sky.a(uart1.o)        obj_sky/contiki-sky-main.o (uart1_active)
contiki-sky.a(uart1-putchar.o)
                              obj_sky/contiki-sky-main.o (putchar)
contiki-sky.a(msp430.o)       contiki-sky.a(uart1.o) (msp430_add_lpm_req)
contiki-sky.a(clock.o)        contiki-sky.a(timer.o) (clock_time)
contiki-sky.a(leds.o)         obj_sky/contiki-sky-main.o (leds_init)
contiki-sky.a(leds-arch.o)    contiki-sky.a(leds.o) (leds_arch_init)
contiki-sky.a(watchdog.o)     obj_sky/contiki-sky-main.o (watchdog_start)
contiki-sky.a(rtimer-arch.o)  contiki-sky.a(rtimer.o) (rtimer_arch_init)
contiki-sky.a(mac.o)          contiki-sky.a(csma.o) (mac_call_sent_callback)
contiki-sky.a(framer-802154.o)
                              contiki-sky.a(contikimac.o) (framer_802154)
contiki-sky.a(spi.o)          contiki-sky.a(xmem.o) (spi_init)
contiki-sky.a(frame802154.o)  contiki-sky.a(framer-802154.o) (frame802154_hdrlen)
/usr/lib/gcc/msp430/4.5.3/mmpy-16/libgcc.a(_mulsi3.o)
                              contiki-sky.a(csma.o) (__mulsi3)
/usr/lib/gcc/msp430/4.5.3/mmpy-16/libgcc.a(_udivmodhi4.o)
                              contiki-sky.a(phase.o) (__udivmodhi4)
/usr/lib/gcc/msp430/4.5.3/mmpy-16/libgcc.a(_udivmodsi4.o)
                              obj_sky/contiki-sky-main.o (__udivmodsi4)
/usr/lib/gcc/msp430/4.5.3/mmpy-16/libgcc.a(_mul_sf.o)
                              hello-world.co (__mulsf3)
/usr/lib/gcc/msp430/4.5.3/mmpy-16/libgcc.a(_si_to_sf.o)
                              hello-world.co (__floatsisf)
/usr/lib/gcc/msp430/4.5.3/mmpy-16/libgcc.a(_thenan_sf.o)
                              /usr/lib/gcc/msp430/4.5.3/mmpy-16/libgcc.a(_mul_sf.o) (__thenan_sf)
/usr/lib/gcc/msp430/4.5.3/mmpy-16/libgcc.a(_clzsi2.o)
                              /usr/lib/gcc/msp430/4.5.3/mmpy-16/libgcc.a(_si_to_sf.o) (__clzsi2)
/usr/lib/gcc/msp430/4.5.3/mmpy-16/libgcc.a(_pack_sf.o)
                              /usr/lib/gcc/msp430/4.5.3/mmpy-16/libgcc.a(_mul_sf.o) (__pack_f)
/usr/lib/gcc/msp430/4.5.3/mmpy-16/libgcc.a(_unpack_sf.o)
[...]
Memory Configuration

Name             Origin             Length             Attributes
sfr              0x00000000         0x00000010
peripheral_8bit  0x00000010         0x000000f0
peripheral_16bit 0x00000100         0x00000100
infomem          0x00001000         0x00000100
infob            0x00001000         0x00000080
infoa            0x00001080         0x00000080
ram              0x00001100         0x00002800         xw
rom              0x00004000         0x0000bfe0         xr
vectors          0x0000ffe0         0x00000020
bsl              0x00000000         0x00000000
infoc            0x00000000         0x00000000
infod            0x00000000         0x00000000
far_rom          0x00000000         0x00000000
*default*        0x00000000         0xffffffff

Linker script and memory map

LOAD /usr/lib/gcc/msp430/4.5.3/mmpy-16/crt0ivtbl16.o
LOAD hello-world.co
LOAD obj_sky/contiki-sky-main.o
LOAD contiki-sky.a
LOAD /usr/lib/gcc/msp430/4.5.3/mmpy-16/libgcc.a
LOAD /usr/lib/gcc/msp430/4.5.3/../../../../msp430/lib/mmpy-16/libc.a
LOAD /usr/lib/gcc/msp430/4.5.3/mmpy-16/libgcc.a
LOAD /usr/lib/gcc/msp430/4.5.3/mmpy-16/libcrt0.a
                0x00000000                __IE1 = 0x0
                0x00000002                __IFG1 = 0x2
                0x00000004                __ME1 = 0x4
                0x00000001                __IE2 = 0x1
                0x00000003                __IFG2 = 0x3
                0x00000005                __ME2 = 0x5
                0x00000120                __WDTCTL = 0x120
                0x00000130                __MPY = 0x130
                0x00000132                __MPYS = 0x132
                0x00000134                __MAC = 0x134
                0x00000136                __MACS = 0x136
                0x00000138                __OP2 = 0x138
                0x0000013a                __RESLO = 0x13a
                0x0000013c                __RESHI = 0x13c
                0x0000013e                __SUMEXT = 0x13e
                0x00000020                __P1IN = 0x20
                0x00000021                __P1OUT = 0x21
                0x00000022                __P1DIR = 0x22
                0x00000023                __P1IFG = 0x23
                0x00000024                __P1IES = 0x24
                0x00000025                __P1IE = 0x25
                0x00000026                __P1SEL = 0x26
                0x00000028                __P2IN = 0x28
                0x00000029                __P2OUT = 0x29
                0x0000002a                __P2DIR = 0x2a
                0x0000002b                __P2IFG = 0x2b
                0x0000002c                __P2IES = 0x2c
                0x0000002d                __P2IE = 0x2d
                0x0000002e                __P2SEL = 0x2e
                0x00000018                __P3IN = 0x18
                0x00000019                __P3OUT = 0x19
                0x0000001a                __P3DIR = 0x1a
                0x0000001b                __P3SEL = 0x1b
                0x0000001c                __P4IN = 0x1c
                0x0000001d                __P4OUT = 0x1d
                0x0000001e                __P4DIR = 0x1e
                0x0000001f                __P4SEL = 0x1f
                0x00000030                __P5IN = 0x30
                0x00000031                __P5OUT = 0x31
                0x00000032                __P5DIR = 0x32
                0x00000033                __P5SEL = 0x33
                0x00000034                __P6IN = 0x34
                0x00000035                __P6OUT = 0x35
                0x00000036                __P6DIR = 0x36
                0x00000037                __P6SEL = 0x37
                0x00000070                __U0CTL = 0x70
                0x00000071                __U0TCTL = 0x71
                0x00000072                __U0RCTL = 0x72
                0x00000073                __U0MCTL = 0x73
                0x00000074                __U0BR0 = 0x74
                0x00000075                __U0BR1 = 0x75
                0x00000076                __U0RXBUF = 0x76
                0x00000077                __U0TXBUF = 0x77
                0x00000078                __U1CTL = 0x78
                0x00000079                __U1TCTL = 0x79
                0x0000007a                __U1RCTL = 0x7a
                0x0000007b                __U1MCTL = 0x7b
                0x0000007c                __U1BR0 = 0x7c
                0x0000007d                __U1BR1 = 0x7d
                0x0000007e                __U1RXBUF = 0x7e
                0x0000007f                __U1TXBUF = 0x7f
                0x00000050                __I2CIE = 0x50
                0x00000051                __I2CIFG = 0x51
                0x00000052                __I2CNDAT = 0x52
                0x00000071                __I2CTCTL = 0x71
                0x00000072                __I2CDCTL = 0x72
                0x00000073                __I2CPSC = 0x73
                0x00000074                __I2CSCLH = 0x74
                0x00000075                __I2CSCLL = 0x75
                0x00000076                __I2CDRB = 0x76
                0x00000076                __I2CDRW = 0x76
                0x00000118                __I2COA = 0x118
                0x0000011a                __I2CSA = 0x11a
                0x0000011c                __I2CIV = 0x11c
                0x0000012e                __TAIV = 0x12e
                0x00000160                __TACTL = 0x160
                0x00000162                __TACCTL0 = 0x162
                0x00000164                __TACCTL1 = 0x164
                0x00000166                __TACCTL2 = 0x166
                0x00000170                __TAR = 0x170
                0x00000172                __TACCR0 = 0x172
                0x00000174                __TACCR1 = 0x174
                0x00000176                __TACCR2 = 0x176
                0x0000011e                __TBIV = 0x11e
                0x00000180                __TBCTL = 0x180
                0x00000182                __TBCCTL0 = 0x182
                0x00000184                __TBCCTL1 = 0x184
                0x00000186                __TBCCTL2 = 0x186
                0x00000188                __TBCCTL3 = 0x188
                0x0000018a                __TBCCTL4 = 0x18a
                0x0000018c                __TBCCTL5 = 0x18c
                0x0000018e                __TBCCTL6 = 0x18e
                0x00000190                __TBR = 0x190
                0x00000192                __TBCCR0 = 0x192
                0x00000194                __TBCCR1 = 0x194
                0x00000196                __TBCCR2 = 0x196
                0x00000198                __TBCCR3 = 0x198
                0x0000019a                __TBCCR4 = 0x19a
                0x0000019c                __TBCCR5 = 0x19c
                0x0000019e                __TBCCR6 = 0x19e
                0x00000056                __DCOCTL = 0x56
                0x00000057                __BCSCTL1 = 0x57
                0x00000058                __BCSCTL2 = 0x58
                0x00000055                __SVSCTL = 0x55
                0x00000128                __FCTL1 = 0x128
                0x0000012a                __FCTL2 = 0x12a
                0x0000012c                __FCTL3 = 0x12c
                0x00000059                __CACTL1 = 0x59
                0x0000005a                __CACTL2 = 0x5a
                0x0000005b                __CAPD = 0x5b
                0x000001a0                __ADC12CTL0 = 0x1a0
                0x000001a2                __ADC12CTL1 = 0x1a2
                0x000001a4                __ADC12IFG = 0x1a4
                0x000001a6                __ADC12IE = 0x1a6
                0x000001a8                __ADC12IV = 0x1a8
                0x00000140                __ADC12MEM0 = 0x140
                0x00000142                __ADC12MEM1 = 0x142
                0x00000144                __ADC12MEM2 = 0x144
                0x00000146                __ADC12MEM3 = 0x146
                0x00000148                __ADC12MEM4 = 0x148
                0x0000014a                __ADC12MEM5 = 0x14a
                0x0000014c                __ADC12MEM6 = 0x14c
                0x0000014e                __ADC12MEM7 = 0x14e
                0x00000150                __ADC12MEM8 = 0x150
                0x00000152                __ADC12MEM9 = 0x152
                0x00000154                __ADC12MEM10 = 0x154
                0x00000156                __ADC12MEM11 = 0x156
                0x00000158                __ADC12MEM12 = 0x158
                0x0000015a                __ADC12MEM13 = 0x15a
                0x0000015c                __ADC12MEM14 = 0x15c
                0x0000015e                __ADC12MEM15 = 0x15e
                0x00000080                __ADC12MCTL0 = 0x80
                0x00000081                __ADC12MCTL1 = 0x81
                0x00000082                __ADC12MCTL2 = 0x82
                0x00000083                __ADC12MCTL3 = 0x83
                0x00000084                __ADC12MCTL4 = 0x84
                0x00000085                __ADC12MCTL5 = 0x85
                0x00000086                __ADC12MCTL6 = 0x86
                0x00000087                __ADC12MCTL7 = 0x87
                0x00000088                __ADC12MCTL8 = 0x88
                0x00000089                __ADC12MCTL9 = 0x89
                0x0000008a                __ADC12MCTL10 = 0x8a
                0x0000008b                __ADC12MCTL11 = 0x8b
                0x0000008c                __ADC12MCTL12 = 0x8c
                0x0000008d                __ADC12MCTL13 = 0x8d
                0x0000008e                __ADC12MCTL14 = 0x8e
                0x0000008f                __ADC12MCTL15 = 0x8f
                0x000001c0                __DAC12_0CTL = 0x1c0
                0x000001c2                __DAC12_1CTL = 0x1c2
                0x000001c8                __DAC12_0DAT = 0x1c8
                0x000001ca                __DAC12_1DAT = 0x1ca
                0x00000122                __DMACTL0 = 0x122
                0x00000124                __DMACTL1 = 0x124
                0x000001e0                __DMA0CTL = 0x1e0
                0x000001e8                __DMA1CTL = 0x1e8
                0x000001f0                __DMA2CTL = 0x1f0
                0x000001e2                __DMA0SA = 0x1e2
                0x000001e4                __DMA0DA = 0x1e4
                0x000001e6                __DMA0SZ = 0x1e6
                0x000001ea                __DMA1SA = 0x1ea
                0x000001ec                __DMA1DA = 0x1ec
                0x000001ee                __DMA1SZ = 0x1ee
                0x000001f2                __DMA2SA = 0x1f2
                0x000001f4                __DMA2DA = 0x1f4
                0x000001f6                __DMA2SZ = 0x1f6

.hash
 *(.hash)

.dynsym
 *(.dynsym)

.dynstr
 *(.dynstr)

.gnu.version
 *(.gnu.version)

.gnu.version_d
 *(.gnu.version_d)

.gnu.version_r
 *(.gnu.version_r)

.rel.init
 *(.rel.init)

.rela.init
 *(.rela.init)

.rel.text
 *(.rel.text)
 *(.rel.text.*)
 *(.rel.gnu.linkonce.t*)

.rela.text
 *(.rela.text)
 *(.rela.text.*)
 *(.rela.gnu.linkonce.t*)

.rel.fini
 *(.rel.fini)

.rela.fini
 *(.rela.fini)

.rel.rodata
 *(.rel.rodata)
 *(.rel.rodata.*)
 *(.rel.gnu.linkonce.r*)

.rela.rodata
 *(.rela.rodata)
 *(.rela.rodata.*)
 *(.rela.gnu.linkonce.r*)

.rel.data
 *(.rel.data)
 *(.rel.data.*)
 *(.rel.gnu.linkonce.d*)

.rela.data
 *(.rela.data)
 *(.rela.data.*)
 *(.rela.gnu.linkonce.d*)

.rel.ctors
 *(.rel.ctors)

.rela.ctors
 *(.rela.ctors)

.rel.dtors
 *(.rel.dtors)

.rela.dtors
 *(.rela.dtors)

.rel.got
 *(.rel.got)

.rela.got
 *(.rela.got)

.rel.bss
 *(.rel.bss)

.rela.bss
 *(.rela.bss)

.rel.plt
 *(.rel.plt)

.rela.plt
 *(.rela.plt)

.text           0x00004000     0x5d68
                0x00004000                . = ALIGN (0x2)
 *(.init)
 *(.init0)
 .init0         0x00004000        0x0 /usr/lib/gcc/msp430/4.5.3/mmpy-16/libcrt0.a(_reset_vector__.o)
                0x00004000                _reset_vector__
 *(.init1)
 *(.init2)
 .init2         0x00004000        0x4 /usr/lib/gcc/msp430/4.5.3/mmpy-16/libcrt0.a(__init_stack.o)
                0x00004000                __init_stack
 *(.init3)
 .init3         0x00004004        0xa /usr/lib/gcc/msp430/4.5.3/mmpy-16/libcrt0.a(__low_level_init.o)
                0x00004004                __low_level_init
 *(.init4)
 .init4         0x0000400e       0x16 /usr/lib/gcc/msp430/4.5.3/mmpy-16/libcrt0.a(_copy_data.o)
                0x0000400e                __do_copy_data
 .init4         0x00004024       0x14 /usr/lib/gcc/msp430/4.5.3/mmpy-16/libcrt0.a(_clear_bss.o)
                0x00004024                __do_clear_bss
 *(.init5)
 *(.init6)
 *(.init7)
 *(.init8)
 *(.init9)
 .init9         0x00004038      0x302 obj_sky/contiki-sky-main.o
                0x00004038                main
 *(.fini9)
 .fini9         0x0000433a        0x0 /usr/lib/gcc/msp430/4.5.3/mmpy-16/libcrt0.a(__stop_progExec__.o)
                0x0000433a                __stop_progExec__
 *(.fini8)
 *(.fini7)
 *(.fini6)
 *(.fini5)
 *(.fini4)
 *(.fini3)
 *(.fini2)
 *(.fini1)
 *(.fini0)
 .fini0         0x0000433a        0x6 /usr/lib/gcc/msp430/4.5.3/mmpy-16/libcrt0.a(_endless_loop__.o)
                0x0000433a                _endless_loop__
 *(.fini)
                0x00004340                . = ALIGN (0x2)
                0x00004340                __ctors_start = .
 *(.ctors)
                0x00004340                __ctors_end = .
                0x00004340                __dtors_start = .
 *(.dtors)
                0x00004340                __dtors_end = .
                0x00004340                . = ALIGN (0x2)
 *(.text)
 .text          0x00004340        0x4 /usr/lib/gcc/msp430/4.5.3/mmpy-16/crt0ivtbl16.o
                0x00004340                __isr_14
                0x00004340                __isr_11
                0x00004340                __isr_2
                0x00004340                __isr_7
                0x00004340                __isr_0
                0x00004340                __isr_8
                0x00004340                __isr_3
                0x00004340                __isr_12
                0x00004340                __isr_13
                0x00004340                __isr_9
 .text          0x00004344      0x1a8 hello-world.co
                0x000044e8                autostart_processes
 .text          0x000044ec       0xd4 obj_sky/contiki-sky-main.o
 .text          0x000045c0        0x2 contiki-sky.a(rimeaddr.o)
                0x000045c0                rimeaddr_null
 .text          0x000045c2        0xc contiki-sky.a(rime.o)
                0x000045c8                rime_driver
 .text          0x000045ce        0x4 contiki-sky.a(broadcast-annou)
 .text          0x000045d2        0x8 contiki-sky.a(broadcast.o)
 .text          0x000045da        0x2 contiki-sky.a(abc.o)
 .text          0x000045dc       0x10 contiki-sky.a(chameleon-bitop)
                0x000045dc                chameleon_bitopt
 .text          0x000045ec       0x14 contiki-sky.a(csma.o)
                0x000045f2                csma_driver
 .text          0x00004600       0x46 contiki-sky.a(contikimac.o)
                0x00004636                contikimac_driver
 .text          0x00004646        0xe contiki-sky.a(serial-line.o)
 .text          0x00004654        0xc contiki-sky.a(etimer.o)
 .text          0x00004660        0xf contiki-sky.a(ctimer.o)
 *fill*         0x0000466f        0x1 00
 .text          0x00004670       0x10 contiki-sky.a(button-sensor.o)
                0x00004678                button_sensor
 .text          0x00004680      0x159 contiki-sky.a(i2c.o)
 .text          0x000047d9        0x8 contiki-sky.a(sensors.o)
 *fill*         0x000047e1        0x1 00
 .text          0x000047e2       0x22 contiki-sky.a(cc2420.o)
                0x000047f0                cc2420_driver
 .text          0x00004804        0x4 contiki-sky.a(framer-802154.o)
                0x00004804                framer_802154
 .text          0x00004808        0x2 contiki-sky.a(frame802154.o)
 .text          0x0000480a      0x1fe /usr/lib/gcc/msp430/4.5.3/mmpy-16/libgcc.a(_mul_sf.o)
                0x0000480a                __mulsf3
 .text          0x00004a08       0x9a /usr/lib/gcc/msp430/4.5.3/mmpy-16/libgcc.a(_si_to_sf.o)
                0x00004a08                __floatsisf
 .text          0x00004aa2        0x8 /usr/lib/gcc/msp430/4.5.3/mmpy-16/libgcc.a(_thenan_sf.o)
                0x00004aa2                __thenan_sf
 .text          0x00004aaa       0x58 /usr/lib/gcc/msp430/4.5.3/mmpy-16/libgcc.a(_clzsi2.o)
                0x00004aaa                __clzsi2
 .text          0x00004b02      0x1d6 /usr/lib/gcc/msp430/4.5.3/mmpy-16/libgcc.a(_pack_sf.o)
                0x00004b02                __pack_f
 .text          0x00004cd8      0x132 /usr/lib/gcc/msp430/4.5.3/mmpy-16/libgcc.a(_unpack_sf.o)
                0x00004cd8                __unpack_f
 .text          0x00004e0a      0x100 /usr/lib/gcc/msp430/4.5.3/mmpy-16/libgcc.a(_clz.o)
                0x00004e0a                __clz_tab
 .text          0x00004f0a      0x104 /usr/lib/gcc/msp430/4.5.3/../../../../msp430/lib/mmpy-16/libc.a(memcpy.o)
                0x00004f0a                memcpy
 .text          0x0000500e       0x66 /usr/lib/gcc/msp430/4.5.3/../../../../msp430/lib/mmpy-16/libc.a(memset.o)
                0x0000500e                memset
 .text          0x00005074       0x20 /usr/lib/gcc/msp430/4.5.3/../../../../msp430/lib/mmpy-16/libc.a(printf.o)
                0x00005074                printf
                0x00005086                vprintf
 .text          0x00005094      0x476 /usr/lib/gcc/msp430/4.5.3/../../../../msp430/lib/mmpy-16/libc.a(vuprintf.o)
                0x000051a0                vuprintf
 .text          0x0000550a       0x2c /usr/lib/gcc/msp430/4.5.3/../../../../msp430/lib/mmpy-16/libc.a(puts.o)
                0x0000550a                puts
 .text          0x00005536      0x134 /usr/lib/gcc/msp430/4.5.3/../../../../msp430/lib/mmpy-16/libc.a(rand.o)
                0x00005536                rand_r
                0x000055ca                rand
                0x00005660                srand
                0x0000566a                . = ALIGN (0x2)
 *(.text.*)
 .text.init     0x0000566a      0x106 hello-world.co
                0x0000566a                init
 .text.strange_measure
                0x00005770       0x82 hello-world.co
                0x00005770                strange_measure
 .text.process_thread_hello_world_process
                0x000057f2      0x262 hello-world.co
 .text.rimeaddr_copy
                0x00005a54        0xc contiki-sky.a(rimeaddr.o)
                0x00005a54                rimeaddr_copy
 .text.rimeaddr_cmp
                0x00005a60       0x1a contiki-sky.a(rimeaddr.o)
                0x00005a60                rimeaddr_cmp
 .text.rimeaddr_set_node_addr
                0x00005a7a       0x10 contiki-sky.a(rimeaddr.o)
                0x00005a7a                rimeaddr_set_node_addr
 .text.input    0x00005a8a       0x42 contiki-sky.a(rime.o)
 .text.init     0x00005acc       0x2e contiki-sky.a(rime.o)
 .text.packet_sent
                0x00005afa       0x44 contiki-sky.a(rime.o)
 .text.rime_output
                0x00005b3e       0x28 contiki-sky.a(rime.o)
                0x00005b3e                rime_output
 .text.announcement_init
                0x00005b66        0xa contiki-sky.a(announcement.o)
                0x00005b66                announcement_init
 .text.announcement_register_observer_callback
                0x00005b70        0x6 contiki-sky.a(announcement.o)
                0x00005b70                announcement_register_observer_callback
 .text.announcement_list
                0x00005b76        0xa contiki-sky.a(announcement.o)
                0x00005b76                announcement_list
 .text.announcement_heard
                0x00005b80       0x42 contiki-sky.a(announcement.o)
                0x00005b80                announcement_heard
 .text.adv_packet_sent
                0x00005bc2        0x2 contiki-sky.a(broadcast-annou)
 .text.adv_packet_received
                0x00005bc4       0x6c contiki-sky.a(broadcast-annou)
 .text.set_timers
                0x00005c30       0x60 contiki-sky.a(broadcast-annou)
 .text.new_announcement
                0x00005c90       0x18 contiki-sky.a(broadcast-annou)
 .text.send_timer
                0x00005ca8       0x38 contiki-sky.a(broadcast-annou)
 .text.send_adv
                0x00005ce0       0x66 contiki-sky.a(broadcast-annou)
 .text.broadcast_announcement_init
                0x00005d46       0x48 contiki-sky.a(broadcast-annou)
                0x00005d46                broadcast_announcement_init
 .text.sent_by_abc
                0x00005d8e       0x10 contiki-sky.a(broadcast.o)
 .text.recv_from_abc
                0x00005d9e       0x20 contiki-sky.a(broadcast.o)
 .text.broadcast_open
                0x00005dbe       0x2a contiki-sky.a(broadcast.o)
                0x00005dbe                broadcast_open
 .text.broadcast_send
                0x00005de8       0x1a contiki-sky.a(broadcast.o)
                0x00005de8                broadcast_send
 .text.abc_open
                0x00005e02       0x26 contiki-sky.a(abc.o)
                0x00005e02                abc_open
 .text.abc_send
                0x00005e28        0x6 contiki-sky.a(abc.o)
                0x00005e28                abc_send
 .text.abc_input
                0x00005e2e        0x8 contiki-sky.a(abc.o)
                0x00005e2e                abc_input
 .text.abc_sent
                0x00005e36       0x10 contiki-sky.a(abc.o)
                0x00005e36                abc_sent
 .text.chameleon_init
                0x00005e46        0x6 contiki-sky.a(chameleon.o)
                0x00005e46                chameleon_init
 .text.chameleon_parse
                0x00005e4c       0x10 contiki-sky.a(chameleon.o)
                0x00005e4c                chameleon_parse
 .text.chameleon_create
                0x00005e5c       0x1c contiki-sky.a(chameleon.o)
                0x00005e5c                chameleon_create
 .text.chameleon_hdrsize
                0x00005e78        0x6 contiki-sky.a(chameleon.o)
                0x00005e78                chameleon_hdrsize
 .text.channel_init
                0x00005e7e        0xa contiki-sky.a(channel.o)
                0x00005e7e                channel_init
 .text.channel_open
                0x00005e88       0x10 contiki-sky.a(channel.o)
                0x00005e88                channel_open
 .text.channel_lookup
                0x00005e98       0x20 contiki-sky.a(channel.o)
                0x00005e98                channel_lookup
 .text.channel_set_attributes
                0x00005eb8       0x24 contiki-sky.a(channel.o)
                0x00005eb8                channel_set_attributes
 .text.header_size
                0x00005edc       0x16 contiki-sky.a(chameleon-bitop)
 .text.get_bits_in_byte
                0x00005ef2       0x30 contiki-sky.a(chameleon-bitop)
                0x00005ef2                get_bits_in_byte
 .text.get_bits
                0x00005f22       0xaa contiki-sky.a(chameleon-bitop)
                0x00005f22                get_bits
 .text.unpack_header
                0x00005fcc       0xde contiki-sky.a(chameleon-bitop)
 .text.set_bits_in_byte
                0x000060aa       0x26 contiki-sky.a(chameleon-bitop)
                0x000060aa                set_bits_in_byte
 .text.set_bits
                0x000060d0       0xb0 contiki-sky.a(chameleon-bitop)
                0x000060d0                set_bits
 .text.pack_header
                0x00006180       0xb8 contiki-sky.a(chameleon-bitop)
 .text.input_packet
                0x00006238        0x6 contiki-sky.a(csma.o)
 .text.on       0x0000623e        0x6 contiki-sky.a(csma.o)
 .text.off      0x00006244        0x6 contiki-sky.a(csma.o)
 .text.channel_check_interval
                0x0000624a        0xc contiki-sky.a(csma.o)
 .text.transmit_packet_list
                0x00006256       0x24 contiki-sky.a(csma.o)
 .text.send_packet
                0x0000627a      0x172 contiki-sky.a(csma.o)
 .text.free_first_packet
                0x000063ec       0x98 contiki-sky.a(csma.o)
 .text.packet_sent
                0x00006484       0xfe contiki-sky.a(csma.o)
 .text.init     0x00006582       0x1a contiki-sky.a(csma.o)
 .text.on       0x0000659c       0x16 contiki-sky.a(contikimac.o)
 .text.off      0x000065b2       0x1e contiki-sky.a(contikimac.o)
 .text.recv_burst_off
                0x000065d0        0xa contiki-sky.a(contikimac.o)
 .text.turn_off
                0x000065da       0x20 contiki-sky.a(contikimac.o)
 .text.duty_cycle
                0x000065fa        0x6 contiki-sky.a(contikimac.o)
 .text.turn_on  0x00006600       0x30 contiki-sky.a(contikimac.o)
 .text.schedule_powercycle_fixed
                0x00006630       0x4c contiki-sky.a(contikimac.o)
 .text.powercycle_turn_radio_off
                0x0000667c       0x2c contiki-sky.a(contikimac.o)
 .text.powercycle
                0x000066a8      0x1cc contiki-sky.a(contikimac.o)
 .text.input_packet
                0x00006874      0x118 contiki-sky.a(contikimac.o)
 .text.send_packet
                0x0000698c      0x2e2 contiki-sky.a(contikimac.o)
 .text.qsend_list
                0x00006c6e       0x88 contiki-sky.a(contikimac.o)
 .text.qsend_packet
                0x00006cf6       0x26 contiki-sky.a(contikimac.o)
 .text.init     0x00006d1c       0x32 contiki-sky.a(contikimac.o)
 .text.send_packet
                0x00006d4e       0x44 contiki-sky.a(phase.o)
 .text.find_neighbor
                0x00006d92       0x32 contiki-sky.a(phase.o)
                0x00006d92                find_neighbor
 .text.phase_update
                0x00006dc4       0xb8 contiki-sky.a(phase.o)
                0x00006dc4                phase_update
 .text.phase_wait
                0x00006e7c      0x114 contiki-sky.a(phase.o)
                0x00006e7c                phase_wait
 .text.phase_init
                0x00006f90       0x20 contiki-sky.a(phase.o)
                0x00006f90                phase_init
 .text.call_process
                0x00006fb0       0x4c contiki-sky.a(process.o)
 .text.exit_process
                0x00006ffc       0x94 contiki-sky.a(process.o)
 .text.do_poll  0x00007090       0x30 contiki-sky.a(process.o)
 .text.process_alloc_event
                0x000070c0        0xe contiki-sky.a(process.o)
                0x000070c0                process_alloc_event
 .text.process_init
                0x000070ce       0x1c contiki-sky.a(process.o)
                0x000070ce                process_init
 .text.process_run
                0x000070ea       0x9c contiki-sky.a(process.o)
                0x000070ea                process_run
 .text.process_nevents
                0x00007186        0xc contiki-sky.a(process.o)
                0x00007186                process_nevents
 .text.process_post
                0x00007192       0x54 contiki-sky.a(process.o)
                0x00007192                process_post
 .text.process_post_synch
                0x000071e6       0x12 contiki-sky.a(process.o)
                0x000071e6                process_post_synch
 .text.process_start
                0x000071f8       0x32 contiki-sky.a(process.o)
                0x000071f8                process_start
 .text.process_poll
                0x0000722a       0x1a contiki-sky.a(process.o)
                0x0000722a                process_poll
 .text.autostart_start
                0x00007244       0x18 contiki-sky.a(autostart.o)
                0x00007244                autostart_start
 .text.compower_accumulate
                0x0000725c       0x72 contiki-sky.a(compower.o)
                0x0000725c                compower_accumulate
 .text.compower_clear
                0x000072ce       0x12 contiki-sky.a(compower.o)
                0x000072ce                compower_clear
 .text.compower_attrconv
                0x000072e0       0x10 contiki-sky.a(compower.o)
                0x000072e0                compower_attrconv
 .text.process_thread_serial_line_process
                0x000072f0       0xa6 contiki-sky.a(serial-line.o)
 .text.serial_line_input_byte
                0x00007396       0x46 contiki-sky.a(serial-line.o)
                0x00007396                serial_line_input_byte
 .text.serial_line_init
                0x000073dc       0x1c contiki-sky.a(serial-line.o)
                0x000073dc                serial_line_init
 .text.memb_init
                0x000073f8       0x36 contiki-sky.a(memb.o)
                0x000073f8                memb_init
 .text.memb_alloc
                0x0000742e       0x3e contiki-sky.a(memb.o)
                0x0000742e                memb_alloc
 .text.memb_free
                0x0000746c       0x3a contiki-sky.a(memb.o)
                0x0000746c                memb_free
 .text.memb_inmemb
                0x000074a6       0x2e contiki-sky.a(memb.o)
                0x000074a6                memb_inmemb
 .text.timer_set
                0x000074d4       0x1c contiki-sky.a(timer.o)
                0x000074d4                timer_set
 .text.timer_reset
                0x000074f0        0xe contiki-sky.a(timer.o)
                0x000074f0                timer_reset
 .text.timer_expired
                0x000074fe       0x2e contiki-sky.a(timer.o)
                0x000074fe                timer_expired
 .text.list_init
                0x0000752c        0x6 contiki-sky.a(list.o)
                0x0000752c                list_init
 .text.list_head
                0x00007532        0x4 contiki-sky.a(list.o)
                0x00007532                list_head
 .text.list_tail
                0x00007536       0x14 contiki-sky.a(list.o)
                0x00007536                list_tail
 .text.list_chop
                0x0000754a       0x2a contiki-sky.a(list.o)
                0x0000754a                list_chop
 .text.list_pop
                0x00007574        0xe contiki-sky.a(list.o)
                0x00007574                list_pop
 .text.list_remove
                0x00007582       0x2e contiki-sky.a(list.o)
                0x00007582                list_remove
 .text.list_push
                0x000075b0       0x1a contiki-sky.a(list.o)
                0x000075b0                list_push
 .text.list_add
                0x000075ca       0x2a contiki-sky.a(list.o)
                0x000075ca                list_add
 .text.list_length
                0x000075f4       0x10 contiki-sky.a(list.o)
                0x000075f4                list_length
 .text.list_item_next
                0x00007604        0x8 contiki-sky.a(list.o)
                0x00007604                list_item_next
 .text.update_time
                0x0000760c       0x78 contiki-sky.a(etimer.o)
 .text.etimer_request_poll
                0x00007684        0xa contiki-sky.a(etimer.o)
                0x00007684                etimer_request_poll
 .text.process_thread_etimer_process
                0x0000768e       0xce contiki-sky.a(etimer.o)
 .text.add_timer
                0x0000775c       0x38 contiki-sky.a(etimer.o)
 .text.etimer_set
                0x00007794       0x12 contiki-sky.a(etimer.o)
                0x00007794                etimer_set
 .text.etimer_reset
                0x000077a6       0x12 contiki-sky.a(etimer.o)
                0x000077a6                etimer_reset
 .text.etimer_pending
                0x000077b8        0xe contiki-sky.a(etimer.o)
                0x000077b8                etimer_pending
 .text.etimer_next_expiration_time
                0x000077c6       0x16 contiki-sky.a(etimer.o)
                0x000077c6                etimer_next_expiration_time
 .text.etimer_stop
                0x000077dc       0x3c contiki-sky.a(etimer.o)
                0x000077dc                etimer_stop
 .text.process_thread_ctimer_process
                0x00007818       0xa4 contiki-sky.a(ctimer.o)
 .text.ctimer_init
                0x000078bc       0x18 contiki-sky.a(ctimer.o)
                0x000078bc                ctimer_init
 .text.ctimer_set
                0x000078d4       0x5a contiki-sky.a(ctimer.o)
                0x000078d4                ctimer_set
 .text.ctimer_reset
                0x0000792e       0x3a contiki-sky.a(ctimer.o)
                0x0000792e                ctimer_reset
 .text.ctimer_stop
                0x00007968       0x28 contiki-sky.a(ctimer.o)
                0x00007968                ctimer_stop
 .text.energest_init
                0x00007990       0x2a contiki-sky.a(energest.o)
                0x00007990                energest_init
 .text.energest_type_time
                0x000079ba       0x44 contiki-sky.a(energest.o)
                0x000079ba                energest_type_time
 .text.energest_type_set
                0x000079fe        0xe contiki-sky.a(energest.o)
                0x000079fe                energest_type_set
 .text.energest_flush
                0x00007a0c       0x4a contiki-sky.a(energest.o)
                0x00007a0c                energest_flush
 .text.rtimer_init
                0x00007a56        0x6 contiki-sky.a(rtimer.o)
                0x00007a56                rtimer_init
 .text.rtimer_set
                0x00007a5c       0x24 contiki-sky.a(rtimer.o)
                0x00007a5c                rtimer_set
 .text.rtimer_run_next
                0x00007a80       0x26 contiki-sky.a(rtimer.o)
                0x00007a80                rtimer_run_next
 .text.random_init
                0x00007aa6        0x6 contiki-sky.a(random.o)
                0x00007aa6                random_init
 .text.random_rand
                0x00007aac        0x6 contiki-sky.a(random.o)
                0x00007aac                random_rand
 .text.ringbuf_init
                0x00007ab2       0x14 contiki-sky.a(ringbuf.o)
                0x00007ab2                ringbuf_init
 .text.ringbuf_put
                0x00007ac6       0x3c contiki-sky.a(ringbuf.o)
                0x00007ac6                ringbuf_put
 .text.ringbuf_get
                0x00007b02       0x32 contiki-sky.a(ringbuf.o)
                0x00007b02                ringbuf_get
 .text.packetbuf_copyto_hdr
                0x00007b34       0x1c contiki-sky.a(packetbuf.o)
                0x00007b34                packetbuf_copyto_hdr
 .text.packetbuf_copyto
                0x00007b50       0x52 contiki-sky.a(packetbuf.o)
                0x00007b50                packetbuf_copyto
 .text.packetbuf_hdr_remove
                0x00007ba2        0x6 contiki-sky.a(packetbuf.o)
                0x00007ba2                packetbuf_hdr_remove
 .text.packetbuf_hdrreduce
                0x00007ba8       0x1a contiki-sky.a(packetbuf.o)
                0x00007ba8                packetbuf_hdrreduce
 .text.packetbuf_set_datalen
                0x00007bc2        0x6 contiki-sky.a(packetbuf.o)
                0x00007bc2                packetbuf_set_datalen
 .text.packetbuf_dataptr
                0x00007bc8        0xa contiki-sky.a(packetbuf.o)
                0x00007bc8                packetbuf_dataptr
 .text.packetbuf_hdrptr
                0x00007bd2        0xa contiki-sky.a(packetbuf.o)
                0x00007bd2                packetbuf_hdrptr
 .text.packetbuf_is_reference
                0x00007bdc        0xe contiki-sky.a(packetbuf.o)
                0x00007bdc                packetbuf_is_reference
 .text.packetbuf_compact
                0x00007bea       0x48 contiki-sky.a(packetbuf.o)
                0x00007bea                packetbuf_compact
 .text.packetbuf_reference_ptr
                0x00007c32        0x6 contiki-sky.a(packetbuf.o)
                0x00007c32                packetbuf_reference_ptr
 .text.packetbuf_datalen
                0x00007c38        0x6 contiki-sky.a(packetbuf.o)
                0x00007c38                packetbuf_datalen
 .text.packetbuf_totlen
                0x00007c3e       0x10 contiki-sky.a(packetbuf.o)
                0x00007c3e                packetbuf_totlen
 .text.packetbuf_hdralloc
                0x00007c4e       0x2e contiki-sky.a(packetbuf.o)
                0x00007c4e                packetbuf_hdralloc
 .text.packetbuf_attr_clear
                0x00007c7c       0x2e contiki-sky.a(packetbuf.o)
                0x00007c7c                packetbuf_attr_clear
 .text.packetbuf_clear
                0x00007caa       0x20 contiki-sky.a(packetbuf.o)
                0x00007caa                packetbuf_clear
 .text.packetbuf_copyfrom
                0x00007cca       0x2e contiki-sky.a(packetbuf.o)
                0x00007cca                packetbuf_copyfrom
 .text.packetbuf_attr_copyto
                0x00007cf8       0x20 contiki-sky.a(packetbuf.o)
                0x00007cf8                packetbuf_attr_copyto
 .text.packetbuf_attr_copyfrom
                0x00007d18       0x2c contiki-sky.a(packetbuf.o)
                0x00007d18                packetbuf_attr_copyfrom
 .text.queuebuf_init
                0x00007d44       0x1a contiki-sky.a(queuebuf.o)
                0x00007d44                queuebuf_init
 .text.queuebuf_new_from_packetbuf
                0x00007d5e       0x80 contiki-sky.a(queuebuf.o)
                0x00007d5e                queuebuf_new_from_packetbuf
 .text.queuebuf_update_attr_from_packetbuf
                0x00007dde       0x12 contiki-sky.a(queuebuf.o)
                0x00007dde                queuebuf_update_attr_from_packetbuf
 .text.queuebuf_free
                0x00007df0       0x46 contiki-sky.a(queuebuf.o)
                0x00007df0                queuebuf_free
 .text.queuebuf_to_packetbuf
                0x00007e36       0x70 contiki-sky.a(queuebuf.o)
                0x00007e36                queuebuf_to_packetbuf
 .text.init_platform
                0x00007ea6        0xc contiki-sky.a(contiki-sky-pla)
                0x00007ea6                init_platform
 .text.status   0x00007eb2       0x16 contiki-sky.a(button-sensor.o)
 .text.configure
                0x00007ec8       0x4a contiki-sky.a(button-sensor.o)
 .text.value    0x00007f12       0x26 contiki-sky.a(button-sensor.o)
 .text.irq_p2   0x00007f38       0x92 contiki-sky.a(button-sensor.o)
                0x00007f38                irq_p2
                0x00007f38                __isr_1
 .text.crc8_add
                0x00007fca       0x1a contiki-sky.a(ds2411.o)
 .text.owreadb  0x00007fe4       0x56 contiki-sky.a(ds2411.o)
 .text.ds2411_init
                0x0000803a      0x10a contiki-sky.a(ds2411.o)
                0x0000803a                ds2411_init
 .text.wait_ready
                0x00008144       0x4e contiki-sky.a(xmem.o)
 .text.xmem_init
                0x00008192       0x3c contiki-sky.a(xmem.o)
                0x00008192                xmem_init
 .text.xmem_pread
                0x000081ce       0xdc contiki-sky.a(xmem.o)
                0x000081ce                xmem_pread
 .text.i2c_enable
                0x000082aa       0x40 contiki-sky.a(i2c.o)
                0x000082aa                i2c_enable
 .text.i2c_disable
                0x000082ea       0x36 contiki-sky.a(i2c.o)
                0x000082ea                i2c_disable
 .text.i2c_start
                0x00008320       0x4e contiki-sky.a(i2c.o)
                0x00008320                i2c_start
 .text.i2c_stop
                0x0000836e       0x30 contiki-sky.a(i2c.o)
                0x0000836e                i2c_stop
 .text.i2c_write
                0x0000839e       0x6c contiki-sky.a(i2c.o)
                0x0000839e                i2c_write
 .text.i2c_read
                0x0000840a       0x4e contiki-sky.a(i2c.o)
                0x0000840a                i2c_read
 .text.read_    0x00008458       0x78 contiki-sky.a(i2c.o)
                0x00008458                read_
 .text.write_   0x000084d0       0x5a contiki-sky.a(i2c.o)
                0x000084d0                write_
 .text.node_id_restore
                0x0000852a       0x38 contiki-sky.a(node-id.o)
                0x0000852a                node_id_restore
 .text.get_sensor_index
                0x00008562       0x22 contiki-sky.a(sensors.o)
 .text.process_thread_sensors_process
                0x00008584       0xc2 contiki-sky.a(sensors.o)
 .text.sensors_changed
                0x00008646       0x14 contiki-sky.a(sensors.o)
                0x00008646                sensors_changed
 .text.strobe   0x0000865a       0x1e contiki-sky.a(cc2420.o)
 .text.status   0x00008678       0x24 contiki-sky.a(cc2420.o)
 .text.getreg   0x0000869c       0x50 contiki-sky.a(cc2420.o)
 .text.setreg   0x000086ec       0x48 contiki-sky.a(cc2420.o)
 .text.set_txpower
                0x00008734       0x2a contiki-sky.a(cc2420.o)
 .text.cc2420_receiving_packet
                0x0000875e       0x10 contiki-sky.a(cc2420.o)
 .text.pending_packet
                0x0000876e        0x8 contiki-sky.a(cc2420.o)
 .text.on       0x00008776       0x46 contiki-sky.a(cc2420.o)
 .text.flushrx  0x000087bc       0x74 contiki-sky.a(cc2420.o)
 .text.off      0x00008830       0x78 contiki-sky.a(cc2420.o)
 .text.RELEASE_LOCK
                0x000088a8       0x28 contiki-sky.a(cc2420.o)
 .text.cc2420_prepare
                0x000088d0       0x8a contiki-sky.a(cc2420.o)
 .text.cc2420_on
                0x0000895a       0x22 contiki-sky.a(cc2420.o)
                0x0000895a                cc2420_on
 .text.cc2420_off
                0x0000897c       0x30 contiki-sky.a(cc2420.o)
                0x0000897c                cc2420_off
 .text.cc2420_cca
                0x000089ac       0x7a contiki-sky.a(cc2420.o)
 .text.getrxdata
                0x00008a26       0x4e contiki-sky.a(cc2420.o)
 .text.cc2420_read
                0x00008a74      0x11a contiki-sky.a(cc2420.o)
 .text.process_thread_cc2420_process
                0x00008b8e       0x50 contiki-sky.a(cc2420.o)
 .text.cc2420_set_channel
                0x00008bde       0x7a contiki-sky.a(cc2420.o)
                0x00008bde                cc2420_set_channel
 .text.cc2420_set_pan_addr
                0x00008c58      0x13a contiki-sky.a(cc2420.o)
                0x00008c58                cc2420_set_pan_addr
 .text.cc2420_init
                0x00008d92       0xd4 contiki-sky.a(cc2420.o)
                0x00008d92                cc2420_init
 .text.cc2420_interrupt
                0x00008e66       0x20 contiki-sky.a(cc2420.o)
                0x00008e66                cc2420_interrupt
 .text.cc2420_get_txpower
                0x00008e86       0x1e contiki-sky.a(cc2420.o)
                0x00008e86                cc2420_get_txpower
 .text.cc2420_transmit
                0x00008ea4      0x1ac contiki-sky.a(cc2420.o)
 .text.cc2420_send
                0x00009050       0x12 contiki-sky.a(cc2420.o)
 .text.cc2420_port1_interrupt
                0x00009062       0x6a contiki-sky.a(cc2420-arch.o)
                0x00009062                __isr_4
                0x00009062                cc2420_port1_interrupt
 .text.cc2420_arch_init
                0x000090cc       0x1a contiki-sky.a(cc2420-arch.o)
                0x000090cc                cc2420_arch_init
 .text.handle_rxdma_timer
                0x000090e6       0x42 contiki-sky.a(uart1.o)
 .text.uart1_active
                0x00009128       0x18 contiki-sky.a(uart1.o)
                0x00009128                uart1_active
 .text.uart1_set_input
                0x00009140       0x20 contiki-sky.a(uart1.o)
                0x00009140                uart1_set_input
 .text.uart1_writeb
                0x00009160       0x1a contiki-sky.a(uart1.o)
                0x00009160                uart1_writeb
 .text.uart1_init
                0x0000917a       0xee contiki-sky.a(uart1.o)
                0x0000917a                uart1_init
 .text.putchar  0x00009268        0xe contiki-sky.a(uart1-putchar.o)
                0x00009268                putchar
 .text.msp430_init_dco
                0x00009276       0x74 contiki-sky.a(msp430.o)
                0x00009276                msp430_init_dco
 .text.msp430_add_lpm_req
                0x000092ea        0xa contiki-sky.a(msp430.o)
                0x000092ea                msp430_add_lpm_req
 .text.msp430_cpu_init
                0x000092f4       0x2a contiki-sky.a(msp430.o)
                0x000092f4                msp430_cpu_init
 .text.splhigh_
                0x0000931e        0x8 contiki-sky.a(msp430.o)
                0x0000931e                splhigh_
 .text.msp430_sync_dco
                0x00009326       0x60 contiki-sky.a(msp430.o)
                0x00009326                msp430_sync_dco
 .text.timera1  0x00009386       0xee contiki-sky.a(clock.o)
                0x00009386                __isr_5
                0x00009386                timera1
 .text.clock_time
                0x00009474       0x1a contiki-sky.a(clock.o)
                0x00009474                clock_time
 .text.clock_init
                0x0000948e       0x28 contiki-sky.a(clock.o)
                0x0000948e                clock_init
 .text.clock_delay
                0x000094b6        0xc contiki-sky.a(clock.o)
                0x000094b6                clock_delay
 .text.show_leds
                0x000094c2      0x10c contiki-sky.a(leds.o)
 .text.leds_init
                0x000095ce        0xe contiki-sky.a(leds.o)
                0x000095ce                leds_init
 .text.leds_on  0x000095dc       0x14 contiki-sky.a(leds.o)
                0x000095dc                leds_on
 .text.leds_off
                0x000095f0       0x14 contiki-sky.a(leds.o)
                0x000095f0                leds_off
 .text.leds_arch_init
                0x00009604        0xe contiki-sky.a(leds-arch.o)
                0x00009604                leds_arch_init
 .text.leds_arch_set
                0x00009612       0x3a contiki-sky.a(leds-arch.o)
                0x00009612                leds_arch_set
 .text.watchdog_interrupt
                0x0000964c        0x6 contiki-sky.a(watchdog.o)
                0x0000964c                __isr_10
                0x0000964c                watchdog_interrupt
 .text.watchdog_start
                0x00009652       0x14 contiki-sky.a(watchdog.o)
                0x00009652                watchdog_start
 .text.watchdog_periodic
                0x00009666       0x12 contiki-sky.a(watchdog.o)
                0x00009666                watchdog_periodic
 .text.watchdog_stop
                0x00009678       0x16 contiki-sky.a(watchdog.o)
                0x00009678                watchdog_stop
 .text.watchdog_init
                0x0000968e       0x14 contiki-sky.a(watchdog.o)
                0x0000968e                watchdog_init
 .text.rtimer_arch_init
                0x000096a2        0xe contiki-sky.a(rtimer-arch.o)
                0x000096a2                rtimer_arch_init
 .text.rtimer_arch_now
                0x000096b0        0xe contiki-sky.a(rtimer-arch.o)
                0x000096b0                rtimer_arch_now
 .text.timera0  0x000096be       0x76 contiki-sky.a(rtimer-arch.o)
                0x000096be                __isr_6
                0x000096be                timera0
 .text.rtimer_arch_schedule
                0x00009734        0x6 contiki-sky.a(rtimer-arch.o)
                0x00009734                rtimer_arch_schedule
 .text.mac_call_sent_callback
                0x0000973a       0x14 contiki-sky.a(mac.o)
                0x0000973a                mac_call_sent_callback
 .text.parse    0x0000974e       0xa8 contiki-sky.a(framer-802154.o)
 .text.create   0x000097f6      0x10e contiki-sky.a(framer-802154.o)
 .text.spi_init
                0x00009904       0x32 contiki-sky.a(spi.o)
                0x00009904                spi_init
 .text.field_len
                0x00009936       0x98 contiki-sky.a(frame802154.o)
 .text.frame802154_hdrlen
                0x000099ce       0x26 contiki-sky.a(frame802154.o)
                0x000099ce                frame802154_hdrlen
 .text.frame802154_create
                0x000099f4      0x16c contiki-sky.a(frame802154.o)
                0x000099f4                frame802154_create
 .text.frame802154_parse
                0x00009b60      0x1a0 contiki-sky.a(frame802154.o)
                0x00009b60                frame802154_parse
 .text.libgcc   0x00009d00       0x20 /usr/lib/gcc/msp430/4.5.3/mmpy-16/libgcc.a(_mulsi3.o)
                0x00009d00                __mulsi3
 .text.libgcc   0x00009d20       0x1c /usr/lib/gcc/msp430/4.5.3/mmpy-16/libgcc.a(_udivmodhi4.o)
                0x00009d20                __udivmodhi4
 .text.libgcc   0x00009d3c       0x2a /usr/lib/gcc/msp430/4.5.3/mmpy-16/libgcc.a(_udivmodsi4.o)
                0x00009d3c                __udivmodsi4
 .text.crt0     0x00009d66        0x2 /usr/lib/gcc/msp430/4.5.3/mmpy-16/libcrt0.a(_unexpected_.o)
                0x00009d66                _unexpected_

.rodata         0x00009d68        0x0
                0x00009d68                . = ALIGN (0x2)
 *(.rodata .rodata.* .gnu.linkonce.r.*)
                0x00009d68                . = ALIGN (0x2)
                0x00009d68                _etext = .

.data           0x00001100       0x8c load address 0x00009d68
                0x00001100                . = ALIGN (0x2)
                0x00001100                PROVIDE (__data_start, .)
 *(.data)
 .data          0x00001100        0xa hello-world.co
                0x00001100                hello_world_process
 .data          0x0000110a       0x18 contiki-sky.a(csma.o)
 .data          0x00001122        0xe contiki-sky.a(contikimac.o)
                0x00001122                phase_list
 .data          0x00001130        0x8 contiki-sky.a(phase.o)
 .data          0x00001138        0xa contiki-sky.a(serial-line.o)
                0x00001138                serial_line_process
 .data          0x00001142        0xa contiki-sky.a(etimer.o)
                0x00001142                etimer_process
 .data          0x0000114c        0xa contiki-sky.a(ctimer.o)
                0x0000114c                ctimer_process
 .data          0x00001156       0x18 contiki-sky.a(queuebuf.o)
 .data          0x0000116e        0x4 contiki-sky.a(contiki-sky-pla)
                0x0000116e                sensors
 .data          0x00001172        0xa contiki-sky.a(sensors.o)
                0x00001172                sensors_process
 .data          0x0000117c        0xa contiki-sky.a(cc2420.o)
                0x0000117c                cc2420_process
 .data          0x00001186        0x2 contiki-sky.a(msp430.o)
 .data          0x00001188        0x4 /usr/lib/gcc/msp430/4.5.3/../../../../msp430/lib/mmpy-16/libc.a(rand.o)
 *(SORT(.data.*))
                0x0000118c                . = ALIGN (0x2)
 *(.gnu.linkonce.d*)
                0x0000118c                . = ALIGN (0x2)
                0x0000118c                _edata = .
                0x00009d68                PROVIDE (__data_load_start, LOADADDR (.data))
                0x0000008c                PROVIDE (__data_size, SIZEOF (.data))

.bss            0x0000118c     0x153c load address 0x00009df4
                0x0000118c                PROVIDE (__bss_start, .)
 *(.bss)
 .bss           0x0000118c        0xc obj_sky/contiki-sky-main.o
 .bss           0x00001198        0x2 contiki-sky.a(rime.o)
 .bss           0x0000119a        0x6 contiki-sky.a(announcement.o)
 .bss           0x000011a0       0x46 contiki-sky.a(broadcast-annou)
 .bss           0x000011e6        0x2 contiki-sky.a(channel.o)
 .bss           0x000011e8      0x126 contiki-sky.a(csma.o)
 .bss           0x0000130e      0x27a contiki-sky.a(contikimac.o)
 .bss           0x00001588       0xe8 contiki-sky.a(phase.o)
 .bss           0x00001670       0x42 contiki-sky.a(process.o)
                0x00001670                process_list
                0x00001672                process_current
 .bss           0x000016b2        0x8 contiki-sky.a(compower.o)
 .bss           0x000016ba      0x10a contiki-sky.a(serial-line.o)
 .bss           0x000017c4        0x6 contiki-sky.a(etimer.o)
 .bss           0x000017ca        0x4 contiki-sky.a(ctimer.o)
 .bss           0x000017ce        0x2 contiki-sky.a(rtimer.o)
 .bss           0x000017d0       0xba contiki-sky.a(packetbuf.o)
 .bss           0x0000188a      0xc4e contiki-sky.a(queuebuf.o)
 .bss           0x000024d8        0x8 contiki-sky.a(button-sensor.o)
 .bss           0x000024e0        0x3 contiki-sky.a(i2c.o)
 .bss           0x000024e3        0x2 contiki-sky.a(node-id.o)
                0x000024e3                node_id
 *fill*         0x000024e5        0x1 00
 .bss           0x000024e6        0x6 contiki-sky.a(sensors.o)
 .bss           0x000024ec        0xa contiki-sky.a(cc2420.o)
 .bss           0x000024f6       0x9a contiki-sky.a(uart1.o)
 .bss           0x00002590        0xa contiki-sky.a(clock.o)
 .bss           0x0000259a        0x2 contiki-sky.a(leds.o)
 .bss           0x0000259c        0x2 contiki-sky.a(watchdog.o)
 .bss           0x0000259e        0x2 contiki-sky.a(framer-802154.o)
 .bss           0x000025a0        0x2 contiki-sky.a(spi.o)
                0x000025a0                spi_busy
 *(SORT(.bss.*))
 *(COMMON)
 COMMON         0x000025a2       0x20 hello-world.co
                0x000025a2                x
                0x000025a4                yy1
                0x000025a6                xx1
                0x000025a8                zz1
                0x000025aa                zz0
                0x000025ac                yy0
                0x000025ae                z
                0x000025b0                xx
                0x000025b4                rv
                0x000025b6                y
                0x000025b8                zz
                0x000025bc                yy
                0x000025c0                xx0
 COMMON         0x000025c2        0x2 contiki-sky.a(rimeaddr.o)
                0x000025c2                rimeaddr_node_addr
 COMMON         0x000025c4       0x48 contiki-sky.a(rimestats.o)
                0x000025c4                rimestats
 COMMON         0x0000260c        0x1 contiki-sky.a(process.o)
                0x0000260c                process_maxevents
 *fill*         0x0000260d        0x1 00
 COMMON         0x0000260e        0x8 contiki-sky.a(compower.o)
                0x0000260e                compower_idle_activity
 COMMON         0x00002616        0x1 contiki-sky.a(serial-line.o)
                0x00002616                serial_line_event_message
 *fill*         0x00002617        0x1 00
 COMMON         0x00002618       0x56 contiki-sky.a(energest.o)
                0x00002618                energest_total_time
                0x00002648                energest_total_count
                0x0000264a                energest_current_mode
                0x00002656                energest_current_time
 COMMON         0x0000266e       0x38 contiki-sky.a(packetbuf.o)
                0x0000266e                packetbuf_addrs
                0x00002676                packetbuf_attrs
 COMMON         0x000026a6        0x2 contiki-sky.a(contiki-sky-pla)
                0x000026a6                sensors_flags
 COMMON         0x000026a8        0x8 contiki-sky.a(ds2411.o)
                0x000026a8                ds2411_id
 COMMON         0x000026b0        0x1 contiki-sky.a(sensors.o)
                0x000026b0                sensors_event
 *fill*         0x000026b1        0x1 00
 COMMON         0x000026b2       0x14 contiki-sky.a(cc2420.o)
                0x000026b2                cc2420_last_rssi
                0x000026b4                cc2420_packets_read
                0x000026b6                cc2420_packets_seen
                0x000026b8                cc2420_sfd_start_time
                0x000026ba                cc2420_time_of_departure
                0x000026bc                cc2420_time_of_arrival
                0x000026be                cc2420_last_correlation
                0x000026c0                cc2420_authority_level_of_sender
                0x000026c2                cc2420_sfd_counter
                0x000026c4                cc2420_sfd_end_time
 COMMON         0x000026c6        0x2 contiki-sky.a(msp430.o)
                0x000026c6                msp430_dco_required
                0x000026c8                PROVIDE (__bss_end, .)
                0x000026c8                _end = .
                0x0000153c                PROVIDE (__bss_size, SIZEOF (.bss))

.noinit         0x000026c8        0x0 load address 0x00009df4
                0x000026c8                PROVIDE (__noinit_start, .)
 *(.noinit)
 *(.noinit.*)
 *(COMMON)
                0x000026c8                PROVIDE (__noinit_end, .)
                0x000026c8                _end = .

.infomem        0x00001000        0x0
 *(.infomem)
                0x00001000                . = ALIGN (0x2)
 *(.infomem.*)

.infomemnobits  0x00001000        0x0
                0x00001000                . = ALIGN (0x2)
 *(.infomemnobits)
                0x00001000                . = ALIGN (0x2)
 *(.infomemnobits.*)

.vectors        0x0000ffe0       0x20
                0x0000ffe0                PROVIDE (__vectors_start, .)
 *(.vectors*)
 .vectors       0x0000ffe0       0x20 /usr/lib/gcc/msp430/4.5.3/mmpy-16/crt0ivtbl16.o
                0x0000ffe0                __ivtbl_16
                0x00010000                _vectors_end = .

.fartext        0x00000000        0x0
                0x00000000                . = ALIGN (0x2)
 *(.fartext)
                0x00000000                . = ALIGN (0x2)
 *(.fartext.*)
                0x00000000                _efartext = .

.profiler
 *(.profiler)

.stab
 *(.stab)

.stabstr
 *(.stabstr)

.stab.excl
 *(.stab.excl)

.stab.exclstr
 *(.stab.exclstr)

.stab.index
 *(.stab.index)

.stab.indexstr
 *(.stab.indexstr)

.comment
 *(.comment)

.debug
 *(.debug)

.line
 *(.line)

.debug_srcinfo
 *(.debug_srcinfo)

.debug_sfnames
 *(.debug_sfnames)

.debug_aranges  0x00000000      0x9b4
 *(.debug_aranges)
 .debug_aranges
                0x00000000       0x30 hello-world.co
 .debug_aranges
                0x00000030       0x18 obj_sky/contiki-sky-main.o
 .debug_aranges
                0x00000048       0x1c contiki-sky.a(rimeaddr.o)
 .debug_aranges
                0x00000064       0x28 contiki-sky.a(rime.o)
 .debug_aranges
                0x0000008c       0x3c contiki-sky.a(announcement.o)
 .debug_aranges
                0x000000c8       0x34 contiki-sky.a(broadcast-annou)
 .debug_aranges
                0x000000fc       0x24 contiki-sky.a(broadcast.o)
 .debug_aranges
                0x00000120       0x24 contiki-sky.a(abc.o)
 .debug_aranges
                0x00000144       0x20 contiki-sky.a(chameleon.o)
 .debug_aranges
                0x00000164       0x24 contiki-sky.a(channel.o)
 .debug_aranges
                0x00000188       0x2c contiki-sky.a(chameleon-bitop)
 .debug_aranges
                0x000001b4       0x34 contiki-sky.a(csma.o)
 .debug_aranges
                0x000001e8       0x4c contiki-sky.a(contikimac.o)
 .debug_aranges
                0x00000234       0x28 contiki-sky.a(phase.o)
 .debug_aranges
                0x0000025c       0x44 contiki-sky.a(process.o)
 .debug_aranges
                0x000002a0       0x18 contiki-sky.a(autostart.o)
 .debug_aranges
                0x000002b8       0x24 contiki-sky.a(compower.o)
 .debug_aranges
                0x000002dc       0x1c contiki-sky.a(serial-line.o)
 .debug_aranges
                0x000002f8       0x20 contiki-sky.a(memb.o)
 .debug_aranges
                0x00000318       0x24 contiki-sky.a(timer.o)
 .debug_aranges
                0x0000033c       0x40 contiki-sky.a(list.o)
 .debug_aranges
                0x0000037c       0x48 contiki-sky.a(etimer.o)
 .debug_aranges
                0x000003c4       0x2c contiki-sky.a(ctimer.o)
 .debug_aranges
                0x000003f0       0x24 contiki-sky.a(energest.o)
 .debug_aranges
                0x00000414       0x1c contiki-sky.a(rtimer.o)
 .debug_aranges
                0x00000430       0x18 contiki-sky.a(random.o)
 .debug_aranges
                0x00000448       0x24 contiki-sky.a(ringbuf.o)
 .debug_aranges
                0x0000046c       0x64 contiki-sky.a(packetbuf.o)
 .debug_aranges
                0x000004d0       0x38 contiki-sky.a(queuebuf.o)
 .debug_aranges
                0x00000508       0x14 contiki-sky.a(contiki-sky-pla)
 .debug_aranges
                0x0000051c       0x20 contiki-sky.a(button-sensor.o)
 .debug_aranges
                0x0000053c       0x1c contiki-sky.a(ds2411.o)
 .debug_aranges
                0x00000558       0x28 contiki-sky.a(xmem.o)
 .debug_aranges
                0x00000580       0x30 contiki-sky.a(i2c.o)
 .debug_aranges
                0x000005b0       0x18 contiki-sky.a(node-id.o)
 .debug_aranges
                0x000005c8       0x28 contiki-sky.a(sensors.o)
 .debug_aranges
                0x000005f0       0x88 contiki-sky.a(cc2420.o)
 .debug_aranges
                0x00000678       0x18 contiki-sky.a(cc2420-arch.o)
 .debug_aranges
                0x00000690       0x24 contiki-sky.a(uart1.o)
 .debug_aranges
                0x000006b4       0x14 contiki-sky.a(uart1-putchar.o)
 .debug_aranges
                0x000006c8       0x2c contiki-sky.a(msp430.o)
 .debug_aranges
                0x000006f4       0x3c contiki-sky.a(clock.o)
 .debug_aranges
                0x00000730       0x30 contiki-sky.a(leds.o)
 .debug_aranges
                0x00000760       0x1c contiki-sky.a(leds-arch.o)
 .debug_aranges
                0x0000077c       0x28 contiki-sky.a(watchdog.o)
 .debug_aranges
                0x000007a4       0x20 contiki-sky.a(rtimer-arch.o)
 .debug_aranges
                0x000007c4       0x14 contiki-sky.a(mac.o)
 .debug_aranges
                0x000007d8       0x18 contiki-sky.a(framer-802154.o)
 .debug_aranges
                0x000007f0       0x14 contiki-sky.a(spi.o)
 .debug_aranges
                0x00000804       0x20 contiki-sky.a(frame802154.o)
 .debug_aranges
                0x00000824       0x14 /usr/lib/gcc/msp430/4.5.3/mmpy-16/libgcc.a(_mulsi3.o)
 .debug_aranges
                0x00000838       0x14 /usr/lib/gcc/msp430/4.5.3/mmpy-16/libgcc.a(_udivmodhi4.o)
 .debug_aranges
                0x0000084c       0x14 /usr/lib/gcc/msp430/4.5.3/mmpy-16/libgcc.a(_udivmodsi4.o)
 .debug_aranges
                0x00000860       0x14 /usr/lib/gcc/msp430/4.5.3/mmpy-16/libgcc.a(_mul_sf.o)
 .debug_aranges
                0x00000874       0x14 /usr/lib/gcc/msp430/4.5.3/mmpy-16/libgcc.a(_si_to_sf.o)
 .debug_aranges
                0x00000888       0x14 /usr/lib/gcc/msp430/4.5.3/mmpy-16/libgcc.a(_clzsi2.o)
 .debug_aranges
                0x0000089c       0x14 /usr/lib/gcc/msp430/4.5.3/mmpy-16/libgcc.a(_pack_sf.o)
 .debug_aranges
                0x000008b0       0x14 /usr/lib/gcc/msp430/4.5.3/mmpy-16/libgcc.a(_unpack_sf.o)
 .debug_aranges
                0x000008c4       0x14 /usr/lib/gcc/msp430/4.5.3/../../../../msp430/lib/mmpy-16/libc.a(memcpy.o)
 .debug_aranges
                0x000008d8       0x14 /usr/lib/gcc/msp430/4.5.3/../../../../msp430/lib/mmpy-16/libc.a(memset.o)
 .debug_aranges
                0x000008ec       0x14 /usr/lib/gcc/msp430/4.5.3/../../../../msp430/lib/mmpy-16/libc.a(printf.o)
 .debug_aranges
                0x00000900       0x14 /usr/lib/gcc/msp430/4.5.3/../../../../msp430/lib/mmpy-16/libc.a(vuprintf.o)
 .debug_aranges
                0x00000914       0x14 /usr/lib/gcc/msp430/4.5.3/../../../../msp430/lib/mmpy-16/libc.a(puts.o)
 .debug_aranges
                0x00000928       0x14 /usr/lib/gcc/msp430/4.5.3/../../../../msp430/lib/mmpy-16/libc.a(rand.o)
 .debug_aranges
                0x0000093c       0x14 /usr/lib/gcc/msp430/4.5.3/mmpy-16/libcrt0.a(__init_stack.o)
 .debug_aranges
                0x00000950       0x14 /usr/lib/gcc/msp430/4.5.3/mmpy-16/libcrt0.a(__low_level_init.o)
 .debug_aranges
                0x00000964       0x14 /usr/lib/gcc/msp430/4.5.3/mmpy-16/libcrt0.a(_copy_data.o)
 .debug_aranges
                0x00000978       0x14 /usr/lib/gcc/msp430/4.5.3/mmpy-16/libcrt0.a(_clear_bss.o)
 .debug_aranges
                0x0000098c       0x14 /usr/lib/gcc/msp430/4.5.3/mmpy-16/libcrt0.a(_endless_loop__.o)
 .debug_aranges
                0x000009a0       0x14 /usr/lib/gcc/msp430/4.5.3/mmpy-16/libcrt0.a(_unexpected_.o)

.debug_pubnames
                0x00000000     0x1ba8
 *(.debug_pubnames)
 .debug_pubnames
                0x00000000       0xf6 hello-world.co
 .debug_pubnames
                0x000000f6       0x27 obj_sky/contiki-sky-main.o
 .debug_pubnames
                0x0000011d       0x79 contiki-sky.a(rimeaddr.o)
 .debug_pubnames
                0x00000196       0x5f contiki-sky.a(rime.o)
 .debug_pubnames
                0x000001f5       0x20 contiki-sky.a(rimestats.o)
 .debug_pubnames
                0x00000215      0x144 contiki-sky.a(announcement.o)
 .debug_pubnames
                0x00000359       0x7d contiki-sky.a(broadcast-annou)
 .debug_pubnames
                0x000003d6       0x4c contiki-sky.a(broadcast.o)
 .debug_pubnames
                0x00000422       0x55 contiki-sky.a(abc.o)
 .debug_pubnames
                0x00000477       0x64 contiki-sky.a(chameleon.o)
 .debug_pubnames
                0x000004db       0x74 contiki-sky.a(channel.o)
 .debug_pubnames
                0x0000054f       0x6b contiki-sky.a(chameleon-bitop)
 .debug_pubnames
                0x000005ba       0x22 contiki-sky.a(csma.o)
 .debug_pubnames
                0x000005dc       0x52 contiki-sky.a(contikimac.o)
 .debug_pubnames
                0x0000062e       0x64 contiki-sky.a(phase.o)
 .debug_pubnames
                0x00000692      0x10d contiki-sky.a(process.o)
 .debug_pubnames
                0x0000079f       0x39 contiki-sky.a(autostart.o)
 .debug_pubnames
                0x000007d8       0x9e contiki-sky.a(compower.o)
 .debug_pubnames
                0x00000876       0x78 contiki-sky.a(serial-line.o)
 .debug_pubnames
                0x000008ee       0x4d contiki-sky.a(memb.o)
 .debug_pubnames
                0x0000093b       0x68 contiki-sky.a(timer.o)
 .debug_pubnames
                0x000009a3       0xc3 contiki-sky.a(list.o)
 .debug_pubnames
                0x00000a66      0x109 contiki-sky.a(etimer.o)
 .debug_pubnames
                0x00000b6f       0x8b contiki-sky.a(ctimer.o)
 .debug_pubnames
                0x00000bfa       0xec contiki-sky.a(energest.o)
 .debug_pubnames
                0x00000ce6       0x45 contiki-sky.a(rtimer.o)
 .debug_pubnames
                0x00000d2b       0x32 contiki-sky.a(random.o)
 .debug_pubnames
                0x00000d5d       0x69 contiki-sky.a(ringbuf.o)
 .debug_pubnames
                0x00000dc6      0x22c contiki-sky.a(packetbuf.o)
 .debug_pubnames
                0x00000ff2       0xff contiki-sky.a(queuebuf.o)
 .debug_pubnames
                0x000010f1       0x42 contiki-sky.a(contiki-sky-pla)
 .debug_pubnames
                0x00001133       0x2f contiki-sky.a(button-sensor.o)
 .debug_pubnames
                0x00001162       0x30 contiki-sky.a(ds2411.o)
 .debug_pubnames
                0x00001192       0x4e contiki-sky.a(xmem.o)
 .debug_pubnames
                0x000011e0       0x7c contiki-sky.a(i2c.o)
 .debug_pubnames
                0x0000125c       0x43 contiki-sky.a(node-id.o)
 .debug_pubnames
                0x0000129f       0x80 contiki-sky.a(sensors.o)
 .debug_pubnames
                0x0000131f      0x236 contiki-sky.a(cc2420.o)
 .debug_pubnames
                0x00001555       0x42 contiki-sky.a(cc2420-arch.o)
 .debug_pubnames
                0x00001597       0x57 contiki-sky.a(uart1.o)
 .debug_pubnames
                0x000015ee       0x1e contiki-sky.a(uart1-putchar.o)
 .debug_pubnames
                0x0000160c       0xad contiki-sky.a(msp430.o)
 .debug_pubnames
                0x000016b9       0xc5 contiki-sky.a(clock.o)
 .debug_pubnames
                0x0000177e       0x75 contiki-sky.a(leds.o)
 .debug_pubnames
                0x000017f3       0x49 contiki-sky.a(leds-arch.o)
 .debug_pubnames
                0x0000183c       0x8a contiki-sky.a(watchdog.o)
 .debug_pubnames
                0x000018c6       0x60 contiki-sky.a(rtimer-arch.o)
 .debug_pubnames
                0x00001926       0x2d contiki-sky.a(mac.o)
 .debug_pubnames
                0x00001953       0x24 contiki-sky.a(framer-802154.o)
 .debug_pubnames
                0x00001977       0x2c contiki-sky.a(spi.o)
 .debug_pubnames
                0x000019a3       0x56 contiki-sky.a(frame802154.o)
 .debug_pubnames
                0x000019f9       0x1f /usr/lib/gcc/msp430/4.5.3/mmpy-16/libgcc.a(_mul_sf.o)
 .debug_pubnames
                0x00001a18       0x22 /usr/lib/gcc/msp430/4.5.3/mmpy-16/libgcc.a(_si_to_sf.o)
 .debug_pubnames
                0x00001a3a       0x22 /usr/lib/gcc/msp430/4.5.3/mmpy-16/libgcc.a(_thenan_sf.o)
 .debug_pubnames
                0x00001a5c       0x1f /usr/lib/gcc/msp430/4.5.3/mmpy-16/libgcc.a(_clzsi2.o)
 .debug_pubnames
                0x00001a7b       0x1f /usr/lib/gcc/msp430/4.5.3/mmpy-16/libgcc.a(_pack_sf.o)
 .debug_pubnames
                0x00001a9a       0x21 /usr/lib/gcc/msp430/4.5.3/mmpy-16/libgcc.a(_unpack_sf.o)
 .debug_pubnames
                0x00001abb       0x20 /usr/lib/gcc/msp430/4.5.3/mmpy-16/libgcc.a(_clz.o)
 .debug_pubnames
                0x00001adb       0x1d /usr/lib/gcc/msp430/4.5.3/../../../../msp430/lib/mmpy-16/libc.a(memcpy.o)
 .debug_pubnames
                0x00001af8       0x1d /usr/lib/gcc/msp430/4.5.3/../../../../msp430/lib/mmpy-16/libc.a(memset.o)
 .debug_pubnames
                0x00001b15       0x29 /usr/lib/gcc/msp430/4.5.3/../../../../msp430/lib/mmpy-16/libc.a(printf.o)
 .debug_pubnames
                0x00001b3e       0x1f /usr/lib/gcc/msp430/4.5.3/../../../../msp430/lib/mmpy-16/libc.a(vuprintf.o)
 .debug_pubnames
                0x00001b5d       0x1b /usr/lib/gcc/msp430/4.5.3/../../../../msp430/lib/mmpy-16/libc.a(puts.o)
 .debug_pubnames
                0x00001b78       0x30 /usr/lib/gcc/msp430/4.5.3/../../../../msp430/lib/mmpy-16/libc.a(rand.o)

.debug_info     0x00000000    0x10117
 *(.debug_info)
 .debug_info    0x00000000      0x471 hello-world.co
 .debug_info    0x00000471      0x7e0 obj_sky/contiki-sky-main.o
 .debug_info    0x00000c51      0x1c0 contiki-sky.a(rimeaddr.o)
 .debug_info    0x00000e11      0x5f3 contiki-sky.a(rime.o)
 .debug_info    0x00001404      0x140 contiki-sky.a(rimestats.o)
 .debug_info    0x00001544      0x3a9 contiki-sky.a(announcement.o)
 .debug_info    0x000018ed      0x88f contiki-sky.a(broadcast-annou)
 .debug_info    0x0000217c      0x5c6 contiki-sky.a(broadcast.o)
 .debug_info    0x00002742      0x495 contiki-sky.a(abc.o)
 .debug_info    0x00002bd7      0x409 contiki-sky.a(chameleon.o)
 .debug_info    0x00002fe0      0x2d7 contiki-sky.a(channel.o)
 .debug_info    0x000032b7      0x785 contiki-sky.a(chameleon-bitop)
 .debug_info    0x00003a3c      0xbc8 contiki-sky.a(csma.o)
 .debug_info    0x00004604     0x110c contiki-sky.a(contikimac.o)
 .debug_info    0x00005710      0x89e contiki-sky.a(phase.o)
 .debug_info    0x00005fae      0x51f contiki-sky.a(process.o)
 .debug_info    0x000064cd      0x1b1 contiki-sky.a(autostart.o)
 .debug_info    0x0000667e      0x423 contiki-sky.a(compower.o)
 .debug_info    0x00006aa1      0x35b contiki-sky.a(serial-line.o)
 .debug_info    0x00006dfc      0x198 contiki-sky.a(memb.o)
 .debug_info    0x00006f94      0x16d contiki-sky.a(timer.o)
 .debug_info    0x00007101      0x2f3 contiki-sky.a(list.o)
 .debug_info    0x000073f4      0x498 contiki-sky.a(etimer.o)
 .debug_info    0x0000788c      0x4a7 contiki-sky.a(ctimer.o)
 .debug_info    0x00007d33      0x272 contiki-sky.a(energest.o)
 .debug_info    0x00007fa5      0x207 contiki-sky.a(rtimer.o)
 .debug_info    0x000081ac       0xa4 contiki-sky.a(random.o)
 .debug_info    0x00008250      0x1ad contiki-sky.a(ringbuf.o)
 .debug_info    0x000083fd      0x5ff contiki-sky.a(packetbuf.o)
 .debug_info    0x000089fc      0x6e3 contiki-sky.a(queuebuf.o)
 .debug_info    0x000090df      0x2b9 contiki-sky.a(contiki-sky-pla)
 .debug_info    0x00009398      0x496 contiki-sky.a(button-sensor.o)
 .debug_info    0x0000982e      0x2cf contiki-sky.a(ds2411.o)
 .debug_info    0x00009afd      0x52b contiki-sky.a(xmem.o)
 .debug_info    0x0000a028      0x370 contiki-sky.a(i2c.o)
 .debug_info    0x0000a398       0xe8 contiki-sky.a(node-id.o)
 .debug_info    0x0000a480      0x405 contiki-sky.a(sensors.o)
 .debug_info    0x0000a885     0x1424 contiki-sky.a(cc2420.o)
 .debug_info    0x0000bca9      0x2ad contiki-sky.a(cc2420-arch.o)
 .debug_info    0x0000bf56      0x632 contiki-sky.a(uart1.o)
 .debug_info    0x0000c588       0x8f contiki-sky.a(uart1-putchar.o)
 .debug_info    0x0000c617      0x40b contiki-sky.a(msp430.o)
 .debug_info    0x0000ca22      0x43a contiki-sky.a(clock.o)
 .debug_info    0x0000ce5c      0x2a0 contiki-sky.a(leds.o)
 .debug_info    0x0000d0fc      0x111 contiki-sky.a(leds-arch.o)
 .debug_info    0x0000d20d      0x1bc contiki-sky.a(watchdog.o)
 .debug_info    0x0000d3c9      0x255 contiki-sky.a(rtimer-arch.o)
 .debug_info    0x0000d61e      0x110 contiki-sky.a(mac.o)
 .debug_info    0x0000d72e      0x640 contiki-sky.a(framer-802154.o)
 .debug_info    0x0000dd6e      0x1a8 contiki-sky.a(spi.o)
 .debug_info    0x0000df16      0x494 contiki-sky.a(frame802154.o)
 .debug_info    0x0000e3aa       0xd7 /usr/lib/gcc/msp430/4.5.3/mmpy-16/libgcc.a(_mulsi3.o)
 .debug_info    0x0000e481       0xd7 /usr/lib/gcc/msp430/4.5.3/mmpy-16/libgcc.a(_udivmodhi4.o)
 .debug_info    0x0000e558       0xd7 /usr/lib/gcc/msp430/4.5.3/mmpy-16/libgcc.a(_udivmodsi4.o)
 .debug_info    0x0000e62f      0x3d6 /usr/lib/gcc/msp430/4.5.3/mmpy-16/libgcc.a(_mul_sf.o)
 .debug_info    0x0000ea05      0x218 /usr/lib/gcc/msp430/4.5.3/mmpy-16/libgcc.a(_si_to_sf.o)
 .debug_info    0x0000ec1d      0x151 /usr/lib/gcc/msp430/4.5.3/mmpy-16/libgcc.a(_thenan_sf.o)
 .debug_info    0x0000ed6e      0x115 /usr/lib/gcc/msp430/4.5.3/mmpy-16/libgcc.a(_clzsi2.o)
 .debug_info    0x0000ee83      0x2c2 /usr/lib/gcc/msp430/4.5.3/mmpy-16/libgcc.a(_pack_sf.o)
 .debug_info    0x0000f145      0x24d /usr/lib/gcc/msp430/4.5.3/mmpy-16/libgcc.a(_unpack_sf.o)
 .debug_info    0x0000f392       0x99 /usr/lib/gcc/msp430/4.5.3/mmpy-16/libgcc.a(_clz.o)
 .debug_info    0x0000f42b      0x113 /usr/lib/gcc/msp430/4.5.3/../../../../msp430/lib/mmpy-16/libc.a(memcpy.o)
 .debug_info    0x0000f53e       0xfe /usr/lib/gcc/msp430/4.5.3/../../../../msp430/lib/mmpy-16/libc.a(memset.o)
 .debug_info    0x0000f63c      0x103 /usr/lib/gcc/msp430/4.5.3/../../../../msp430/lib/mmpy-16/libc.a(printf.o)
 .debug_info    0x0000f73f      0x3b5 /usr/lib/gcc/msp430/4.5.3/../../../../msp430/lib/mmpy-16/libc.a(vuprintf.o)
 .debug_info    0x0000faf4       0x96 /usr/lib/gcc/msp430/4.5.3/../../../../msp430/lib/mmpy-16/libc.a(puts.o)
 .debug_info    0x0000fb8a      0x137 /usr/lib/gcc/msp430/4.5.3/../../../../msp430/lib/mmpy-16/libc.a(rand.o)
 .debug_info    0x0000fcc1       0xb9 /usr/lib/gcc/msp430/4.5.3/mmpy-16/libcrt0.a(__init_stack.o)
 .debug_info    0x0000fd7a       0xb9 /usr/lib/gcc/msp430/4.5.3/mmpy-16/libcrt0.a(__low_level_init.o)
 .debug_info    0x0000fe33       0xb9 /usr/lib/gcc/msp430/4.5.3/mmpy-16/libcrt0.a(_copy_data.o)
 .debug_info    0x0000feec       0xb9 /usr/lib/gcc/msp430/4.5.3/mmpy-16/libcrt0.a(_clear_bss.o)
 .debug_info    0x0000ffa5       0xb9 /usr/lib/gcc/msp430/4.5.3/mmpy-16/libcrt0.a(_endless_loop__.o)
 .debug_info    0x0001005e       0xb9 /usr/lib/gcc/msp430/4.5.3/mmpy-16/libcrt0.a(_unexpected_.o)
 *(.gnu.linkonce.wi.*)

.debug_abbrev   0x00000000     0x6279
 *(.debug_abbrev)
 .debug_abbrev  0x00000000      0x21c hello-world.co
 .debug_abbrev  0x0000021c      0x274 obj_sky/contiki-sky-main.o
 .debug_abbrev  0x00000490      0x176 contiki-sky.a(rimeaddr.o)
 .debug_abbrev  0x00000606      0x1f0 contiki-sky.a(rime.o)
 .debug_abbrev  0x000007f6       0x5d contiki-sky.a(rimestats.o)
 .debug_abbrev  0x00000853      0x183 contiki-sky.a(announcement.o)
 .debug_abbrev  0x000009d6      0x254 contiki-sky.a(broadcast-annou)
 .debug_abbrev  0x00000c2a      0x224 contiki-sky.a(broadcast.o)
 .debug_abbrev  0x00000e4e      0x1aa contiki-sky.a(abc.o)
 .debug_abbrev  0x00000ff8      0x1e7 contiki-sky.a(chameleon.o)
 .debug_abbrev  0x000011df      0x182 contiki-sky.a(channel.o)
 .debug_abbrev  0x00001361      0x28e contiki-sky.a(chameleon-bitop)
 .debug_abbrev  0x000015ef      0x36e contiki-sky.a(csma.o)
 .debug_abbrev  0x0000195d      0x3ac contiki-sky.a(contikimac.o)
 .debug_abbrev  0x00001d09      0x231 contiki-sky.a(phase.o)
 .debug_abbrev  0x00001f3a      0x2f8 contiki-sky.a(process.o)
 .debug_abbrev  0x00002232       0xf7 contiki-sky.a(autostart.o)
 .debug_abbrev  0x00002329      0x211 contiki-sky.a(compower.o)
 .debug_abbrev  0x0000253a      0x1d7 contiki-sky.a(serial-line.o)
 .debug_abbrev  0x00002711       0xec contiki-sky.a(memb.o)
 .debug_abbrev  0x000027fd       0xfa contiki-sky.a(timer.o)
 .debug_abbrev  0x000028f7      0x153 contiki-sky.a(list.o)
 .debug_abbrev  0x00002a4a      0x22b contiki-sky.a(etimer.o)
 .debug_abbrev  0x00002c75      0x1de contiki-sky.a(ctimer.o)
 .debug_abbrev  0x00002e53      0x146 contiki-sky.a(energest.o)
 .debug_abbrev  0x00002f99      0x13b contiki-sky.a(rtimer.o)
 .debug_abbrev  0x000030d4       0x69 contiki-sky.a(random.o)
 .debug_abbrev  0x0000313d      0x10b contiki-sky.a(ringbuf.o)
 .debug_abbrev  0x00003248      0x25d contiki-sky.a(packetbuf.o)
 .debug_abbrev  0x000034a5      0x234 contiki-sky.a(queuebuf.o)
 .debug_abbrev  0x000036d9      0x12c contiki-sky.a(contiki-sky-pla)
 .debug_abbrev  0x00003805      0x18a contiki-sky.a(button-sensor.o)
 .debug_abbrev  0x0000398f      0x1b5 contiki-sky.a(ds2411.o)
 .debug_abbrev  0x00003b44      0x206 contiki-sky.a(xmem.o)
 .debug_abbrev  0x00003d4a      0x186 contiki-sky.a(i2c.o)
 .debug_abbrev  0x00003ed0       0x95 contiki-sky.a(node-id.o)
 .debug_abbrev  0x00003f65      0x1ed contiki-sky.a(sensors.o)
 .debug_abbrev  0x00004152      0x412 contiki-sky.a(cc2420.o)
 .debug_abbrev  0x00004564      0x13f contiki-sky.a(cc2420-arch.o)
 .debug_abbrev  0x000046a3      0x1d7 contiki-sky.a(uart1.o)
 .debug_abbrev  0x0000487a       0x52 contiki-sky.a(uart1-putchar.o)
 .debug_abbrev  0x000048cc      0x192 contiki-sky.a(msp430.o)
 .debug_abbrev  0x00004a5e      0x1b5 contiki-sky.a(clock.o)
 .debug_abbrev  0x00004c13      0x139 contiki-sky.a(leds.o)
 .debug_abbrev  0x00004d4c       0xa8 contiki-sky.a(leds-arch.o)
 .debug_abbrev  0x00004df4       0xdb contiki-sky.a(watchdog.o)
 .debug_abbrev  0x00004ecf      0x137 contiki-sky.a(rtimer-arch.o)
 .debug_abbrev  0x00005006       0xa2 contiki-sky.a(mac.o)
 .debug_abbrev  0x000050a8      0x222 contiki-sky.a(framer-802154.o)
 .debug_abbrev  0x000052ca       0x81 contiki-sky.a(spi.o)
 .debug_abbrev  0x0000534b      0x18f contiki-sky.a(frame802154.o)
 .debug_abbrev  0x000054da       0x14 /usr/lib/gcc/msp430/4.5.3/mmpy-16/libgcc.a(_mulsi3.o)
 .debug_abbrev  0x000054ee       0x14 /usr/lib/gcc/msp430/4.5.3/mmpy-16/libgcc.a(_udivmodhi4.o)
 .debug_abbrev  0x00005502       0x14 /usr/lib/gcc/msp430/4.5.3/mmpy-16/libgcc.a(_udivmodsi4.o)
 .debug_abbrev  0x00005516      0x1d9 /usr/lib/gcc/msp430/4.5.3/mmpy-16/libgcc.a(_mul_sf.o)
 .debug_abbrev  0x000056ef      0x162 /usr/lib/gcc/msp430/4.5.3/mmpy-16/libgcc.a(_si_to_sf.o)
 .debug_abbrev  0x00005851       0xcb /usr/lib/gcc/msp430/4.5.3/mmpy-16/libgcc.a(_thenan_sf.o)
 .debug_abbrev  0x0000591c       0xbd /usr/lib/gcc/msp430/4.5.3/mmpy-16/libgcc.a(_clzsi2.o)
 .debug_abbrev  0x000059d9      0x183 /usr/lib/gcc/msp430/4.5.3/mmpy-16/libgcc.a(_pack_sf.o)
 .debug_abbrev  0x00005b5c      0x14b /usr/lib/gcc/msp430/4.5.3/mmpy-16/libgcc.a(_unpack_sf.o)
 .debug_abbrev  0x00005ca7       0x61 /usr/lib/gcc/msp430/4.5.3/mmpy-16/libgcc.a(_clz.o)
 .debug_abbrev  0x00005d08       0x97 /usr/lib/gcc/msp430/4.5.3/../../../../msp430/lib/mmpy-16/libc.a(memcpy.o)
 .debug_abbrev  0x00005d9f       0x8d /usr/lib/gcc/msp430/4.5.3/../../../../msp430/lib/mmpy-16/libc.a(memset.o)
 .debug_abbrev  0x00005e2c       0xce /usr/lib/gcc/msp430/4.5.3/../../../../msp430/lib/mmpy-16/libc.a(printf.o)
 .debug_abbrev  0x00005efa      0x1cb /usr/lib/gcc/msp430/4.5.3/../../../../msp430/lib/mmpy-16/libc.a(vuprintf.o)
 .debug_abbrev  0x000060c5       0x60 /usr/lib/gcc/msp430/4.5.3/../../../../msp430/lib/mmpy-16/libc.a(puts.o)
 .debug_abbrev  0x00006125       0xdc /usr/lib/gcc/msp430/4.5.3/../../../../msp430/lib/mmpy-16/libc.a(rand.o)
 .debug_abbrev  0x00006201       0x14 /usr/lib/gcc/msp430/4.5.3/mmpy-16/libcrt0.a(__init_stack.o)
 .debug_abbrev  0x00006215       0x14 /usr/lib/gcc/msp430/4.5.3/mmpy-16/libcrt0.a(__low_level_init.o)
 .debug_abbrev  0x00006229       0x14 /usr/lib/gcc/msp430/4.5.3/mmpy-16/libcrt0.a(_copy_data.o)
 .debug_abbrev  0x0000623d       0x14 /usr/lib/gcc/msp430/4.5.3/mmpy-16/libcrt0.a(_clear_bss.o)
 .debug_abbrev  0x00006251       0x14 /usr/lib/gcc/msp430/4.5.3/mmpy-16/libcrt0.a(_endless_loop__.o)
 .debug_abbrev  0x00006265       0x14 /usr/lib/gcc/msp430/4.5.3/mmpy-16/libcrt0.a(_unexpected_.o)

.debug_line     0x00000000     0x5cf1
 *(.debug_line)
 .debug_line    0x00000000      0x174 hello-world.co
 .debug_line    0x00000174      0x280 obj_sky/contiki-sky-main.o
 .debug_line    0x000003f4       0xd2 contiki-sky.a(rimeaddr.o)
 .debug_line    0x000004c6      0x196 contiki-sky.a(rime.o)
 .debug_line    0x0000065c       0x5f contiki-sky.a(rimestats.o)
 .debug_line    0x000006bb      0x194 contiki-sky.a(announcement.o)
 .debug_line    0x0000084f      0x269 contiki-sky.a(broadcast-annou)
 .debug_line    0x00000ab8      0x15b contiki-sky.a(broadcast.o)
 .debug_line    0x00000c13      0x13a contiki-sky.a(abc.o)
 .debug_line    0x00000d4d      0x130 contiki-sky.a(chameleon.o)
 .debug_line    0x00000e7d      0x13a contiki-sky.a(channel.o)
 .debug_line    0x00000fb7      0x257 contiki-sky.a(chameleon-bitop)
 .debug_line    0x0000120e      0x2a1 contiki-sky.a(csma.o)
 .debug_line    0x000014af      0x523 contiki-sky.a(contikimac.o)
 .debug_line    0x000019d2      0x24c contiki-sky.a(phase.o)
 .debug_line    0x00001c1e      0x1cd contiki-sky.a(process.o)
 .debug_line    0x00001deb       0x9d contiki-sky.a(autostart.o)
 .debug_line    0x00001e88      0x152 contiki-sky.a(compower.o)
 .debug_line    0x00001fda      0x157 contiki-sky.a(serial-line.o)
 .debug_line    0x00002131       0xbf contiki-sky.a(memb.o)
 .debug_line    0x000021f0       0xc6 contiki-sky.a(timer.o)
 .debug_line    0x000022b6      0x158 contiki-sky.a(list.o)
 .debug_line    0x0000240e      0x200 contiki-sky.a(etimer.o)
 .debug_line    0x0000260e      0x1a0 contiki-sky.a(ctimer.o)
 .debug_line    0x000027ae       0xc9 contiki-sky.a(energest.o)
 .debug_line    0x00002877       0x95 contiki-sky.a(rtimer.o)
 .debug_line    0x0000290c       0x53 contiki-sky.a(random.o)
 .debug_line    0x0000295f       0xf1 contiki-sky.a(ringbuf.o)
 .debug_line    0x00002a50      0x27d contiki-sky.a(packetbuf.o)
 .debug_line    0x00002ccd      0x1be contiki-sky.a(queuebuf.o)
 .debug_line    0x00002e8b       0xd4 contiki-sky.a(contiki-sky-pla)
 .debug_line    0x00002f5f      0x194 contiki-sky.a(button-sensor.o)
 .debug_line    0x000030f3      0x13d contiki-sky.a(ds2411.o)
 .debug_line    0x00003230      0x203 contiki-sky.a(xmem.o)
 .debug_line    0x00003433      0x1a2 contiki-sky.a(i2c.o)
 .debug_line    0x000035d5       0x77 contiki-sky.a(node-id.o)
 .debug_line    0x0000364c      0x143 contiki-sky.a(sensors.o)
 .debug_line    0x0000378f      0x75a contiki-sky.a(cc2420.o)
 .debug_line    0x00003ee9      0x125 contiki-sky.a(cc2420-arch.o)
 .debug_line    0x0000400e      0x1a8 contiki-sky.a(uart1.o)
 .debug_line    0x000041b6       0x8f contiki-sky.a(uart1-putchar.o)
 .debug_line    0x00004245      0x171 contiki-sky.a(msp430.o)
 .debug_line    0x000043b6      0x202 contiki-sky.a(clock.o)
 .debug_line    0x000045b8      0x10a contiki-sky.a(leds.o)
 .debug_line    0x000046c2       0xf0 contiki-sky.a(leds-arch.o)
 .debug_line    0x000047b2      0x107 contiki-sky.a(watchdog.o)
 .debug_line    0x000048b9      0x10e contiki-sky.a(rtimer-arch.o)
 .debug_line    0x000049c7       0x63 contiki-sky.a(mac.o)
 .debug_line    0x00004a2a      0x172 contiki-sky.a(framer-802154.o)
 .debug_line    0x00004b9c       0x99 contiki-sky.a(spi.o)
 .debug_line    0x00004c35      0x1c7 contiki-sky.a(frame802154.o)
 .debug_line    0x00004dfc       0x9d /usr/lib/gcc/msp430/4.5.3/mmpy-16/libgcc.a(_mulsi3.o)
 .debug_line    0x00004e99       0x9a /usr/lib/gcc/msp430/4.5.3/mmpy-16/libgcc.a(_udivmodhi4.o)
 .debug_line    0x00004f33       0xa1 /usr/lib/gcc/msp430/4.5.3/mmpy-16/libgcc.a(_udivmodsi4.o)
 .debug_line    0x00004fd4      0x13d /usr/lib/gcc/msp430/4.5.3/mmpy-16/libgcc.a(_mul_sf.o)
 .debug_line    0x00005111       0xc5 /usr/lib/gcc/msp430/4.5.3/mmpy-16/libgcc.a(_si_to_sf.o)
 .debug_line    0x000051d6       0x94 /usr/lib/gcc/msp430/4.5.3/mmpy-16/libgcc.a(_thenan_sf.o)
 .debug_line    0x0000526a       0xbd /usr/lib/gcc/msp430/4.5.3/mmpy-16/libgcc.a(_clzsi2.o)
 .debug_line    0x00005327       0xfd /usr/lib/gcc/msp430/4.5.3/mmpy-16/libgcc.a(_pack_sf.o)
 .debug_line    0x00005424       0xd9 /usr/lib/gcc/msp430/4.5.3/mmpy-16/libgcc.a(_unpack_sf.o)
 .debug_line    0x000054fd       0x80 /usr/lib/gcc/msp430/4.5.3/mmpy-16/libgcc.a(_clz.o)
 .debug_line    0x0000557d       0xf3 /usr/lib/gcc/msp430/4.5.3/../../../../msp430/lib/mmpy-16/libc.a(memcpy.o)
 .debug_line    0x00005670       0xbd /usr/lib/gcc/msp430/4.5.3/../../../../msp430/lib/mmpy-16/libc.a(memset.o)
 .debug_line    0x0000572d       0x72 /usr/lib/gcc/msp430/4.5.3/../../../../msp430/lib/mmpy-16/libc.a(printf.o)
 .debug_line    0x0000579f      0x198 /usr/lib/gcc/msp430/4.5.3/../../../../msp430/lib/mmpy-16/libc.a(vuprintf.o)
 .debug_line    0x00005937       0x4d /usr/lib/gcc/msp430/4.5.3/../../../../msp430/lib/mmpy-16/libc.a(puts.o)
 .debug_line    0x00005984       0x52 /usr/lib/gcc/msp430/4.5.3/../../../../msp430/lib/mmpy-16/libc.a(rand.o)
 .debug_line    0x000059d6       0x82 /usr/lib/gcc/msp430/4.5.3/mmpy-16/libcrt0.a(__init_stack.o)
 .debug_line    0x00005a58       0x84 /usr/lib/gcc/msp430/4.5.3/mmpy-16/libcrt0.a(__low_level_init.o)
 .debug_line    0x00005adc       0x88 /usr/lib/gcc/msp430/4.5.3/mmpy-16/libcrt0.a(_copy_data.o)
 .debug_line    0x00005b64       0x88 /usr/lib/gcc/msp430/4.5.3/mmpy-16/libcrt0.a(_clear_bss.o)
 .debug_line    0x00005bec       0x83 /usr/lib/gcc/msp430/4.5.3/mmpy-16/libcrt0.a(_endless_loop__.o)
 .debug_line    0x00005c6f       0x82 /usr/lib/gcc/msp430/4.5.3/mmpy-16/libcrt0.a(_unexpected_.o)

.debug_frame    0x00000000     0x1f02
 *(.debug_frame)
 .debug_frame   0x00000000      0x15c hello-world.co
 .debug_frame   0x0000015c       0xb6 obj_sky/contiki-sky-main.o
 .debug_frame   0x00000212       0x36 contiki-sky.a(rimeaddr.o)
 .debug_frame   0x00000248       0x8a contiki-sky.a(rime.o)
 .debug_frame   0x000002d2       0xe8 contiki-sky.a(announcement.o)
 .debug_frame   0x000003ba       0xea contiki-sky.a(broadcast-annou)
 .debug_frame   0x000004a4       0x6c contiki-sky.a(broadcast.o)
 .debug_frame   0x00000510       0x5e contiki-sky.a(abc.o)
 .debug_frame   0x0000056e       0x48 contiki-sky.a(chameleon.o)
 .debug_frame   0x000005b6       0x5e contiki-sky.a(channel.o)
 .debug_frame   0x00000614       0xea contiki-sky.a(chameleon-bitop)
 .debug_frame   0x000006fe       0xf6 contiki-sky.a(csma.o)
 .debug_frame   0x000007f4      0x182 contiki-sky.a(contikimac.o)
 .debug_frame   0x00000976       0xc4 contiki-sky.a(phase.o)
 .debug_frame   0x00000a3a       0xe8 contiki-sky.a(process.o)
 .debug_frame   0x00000b22       0x36 contiki-sky.a(autostart.o)
 .debug_frame   0x00000b58       0x5e contiki-sky.a(compower.o)
 .debug_frame   0x00000bb6       0x40 contiki-sky.a(serial-line.o)
 .debug_frame   0x00000bf6       0x60 contiki-sky.a(memb.o)
 .debug_frame   0x00000c56       0x6a contiki-sky.a(timer.o)
 .debug_frame   0x00000cc0       0xb6 contiki-sky.a(list.o)
 .debug_frame   0x00000d76       0xf8 contiki-sky.a(etimer.o)
 .debug_frame   0x00000e6e       0xaa contiki-sky.a(ctimer.o)
 .debug_frame   0x00000f18       0x72 contiki-sky.a(energest.o)
 .debug_frame   0x00000f8a       0x36 contiki-sky.a(rtimer.o)
 .debug_frame   0x00000fc0       0x2a contiki-sky.a(random.o)
 .debug_frame   0x00000fea       0x62 contiki-sky.a(ringbuf.o)
 .debug_frame   0x0000104c      0x158 contiki-sky.a(packetbuf.o)
 .debug_frame   0x000011a4       0xb2 contiki-sky.a(queuebuf.o)
 .debug_frame   0x00001256       0x1e contiki-sky.a(contiki-sky-pla)
 .debug_frame   0x00001274       0x70 contiki-sky.a(button-sensor.o)
 .debug_frame   0x000012e4       0x54 contiki-sky.a(ds2411.o)
 .debug_frame   0x00001338       0xc4 contiki-sky.a(xmem.o)
 .debug_frame   0x000013fc       0x9a contiki-sky.a(i2c.o)
 .debug_frame   0x00001496       0x32 contiki-sky.a(node-id.o)
 .debug_frame   0x000014c8       0x84 contiki-sky.a(sensors.o)
 .debug_frame   0x0000154c      0x24e contiki-sky.a(cc2420.o)
 .debug_frame   0x0000179a       0x52 contiki-sky.a(cc2420-arch.o)
 .debug_frame   0x000017ec       0x6c contiki-sky.a(uart1.o)
 .debug_frame   0x00001858       0x24 contiki-sky.a(uart1-putchar.o)
 .debug_frame   0x0000187c       0x76 contiki-sky.a(msp430.o)
 .debug_frame   0x000018f2       0xdc contiki-sky.a(clock.o)
 .debug_frame   0x000019ce       0x96 contiki-sky.a(leds.o)
 .debug_frame   0x00001a64       0x36 contiki-sky.a(leds-arch.o)
 .debug_frame   0x00001a9a       0x5a contiki-sky.a(watchdog.o)
 .debug_frame   0x00001af4       0x6a contiki-sky.a(rtimer-arch.o)
 .debug_frame   0x00001b5e       0x24 contiki-sky.a(mac.o)
 .debug_frame   0x00001b82       0x40 contiki-sky.a(framer-802154.o)
 .debug_frame   0x00001bc2       0x1e contiki-sky.a(spi.o)
 .debug_frame   0x00001be0       0x9a contiki-sky.a(frame802154.o)
 .debug_frame   0x00001c7a       0x4a /usr/lib/gcc/msp430/4.5.3/mmpy-16/libgcc.a(_mul_sf.o)
 .debug_frame   0x00001cc4       0x2c /usr/lib/gcc/msp430/4.5.3/mmpy-16/libgcc.a(_si_to_sf.o)
 .debug_frame   0x00001cf0       0x24 /usr/lib/gcc/msp430/4.5.3/mmpy-16/libgcc.a(_clzsi2.o)
 .debug_frame   0x00001d14       0x3c /usr/lib/gcc/msp430/4.5.3/mmpy-16/libgcc.a(_pack_sf.o)
 .debug_frame   0x00001d50       0x2e /usr/lib/gcc/msp430/4.5.3/mmpy-16/libgcc.a(_unpack_sf.o)
 .debug_frame   0x00001d7e       0x32 /usr/lib/gcc/msp430/4.5.3/../../../../msp430/lib/mmpy-16/libc.a(memcpy.o)
 .debug_frame   0x00001db0       0x32 /usr/lib/gcc/msp430/4.5.3/../../../../msp430/lib/mmpy-16/libc.a(memset.o)
 .debug_frame   0x00001de2       0x2a /usr/lib/gcc/msp430/4.5.3/../../../../msp430/lib/mmpy-16/libc.a(printf.o)
 .debug_frame   0x00001e0c       0x82 /usr/lib/gcc/msp430/4.5.3/../../../../msp430/lib/mmpy-16/libc.a(vuprintf.o)
 .debug_frame   0x00001e8e       0x24 /usr/lib/gcc/msp430/4.5.3/../../../../msp430/lib/mmpy-16/libc.a(puts.o)
 .debug_frame   0x00001eb2       0x50 /usr/lib/gcc/msp430/4.5.3/../../../../msp430/lib/mmpy-16/libc.a(rand.o)

.debug_str      0x00000000     0x39b9
 *(.debug_str)
 .debug_str     0x00000000      0x251 hello-world.co
                                0x2df (size before relaxing)
 .debug_str     0x00000251      0x20f obj_sky/contiki-sky-main.o
                                0x4ab (size before relaxing)
 .debug_str     0x00000460       0x6d contiki-sky.a(rimeaddr.o)
                                0x142 (size before relaxing)
 .debug_str     0x000004cd      0x192 contiki-sky.a(rime.o)
                                0x365 (size before relaxing)
 .debug_str     0x0000065f       0x1d contiki-sky.a(rimestats.o)
                                 0xf7 (size before relaxing)
 .debug_str     0x0000067c      0x19c contiki-sky.a(announcement.o)
                                0x2cd (size before relaxing)
 .debug_str     0x00000818      0x1c4 contiki-sky.a(broadcast-annou)
                                0x54c (size before relaxing)
 .debug_str     0x000009dc      0x344 contiki-sky.a(broadcast.o)
                                0x650 (size before relaxing)
 .debug_str     0x00000d20       0x46 contiki-sky.a(abc.o)
                                0x5e1 (size before relaxing)
 .debug_str     0x00000d66       0x94 contiki-sky.a(chameleon.o)
                                0x4d1 (size before relaxing)
 .debug_str     0x00000dfa       0x88 contiki-sky.a(channel.o)
                                0x1f3 (size before relaxing)
 .debug_str     0x00000e82       0xc1 contiki-sky.a(chameleon-bitop)
                                0x568 (size before relaxing)
 .debug_str     0x00000f43      0x1fb contiki-sky.a(csma.o)
                                0x7f3 (size before relaxing)
 .debug_str     0x0000113e      0x3e9 contiki-sky.a(contikimac.o)
                                0xa77 (size before relaxing)
 .debug_str     0x00001527       0xfe contiki-sky.a(phase.o)
                                0x428 (size before relaxing)
 .debug_str     0x00001625      0x16c contiki-sky.a(process.o)
                                0x28a (size before relaxing)
 .debug_str     0x00001791       0x37 contiki-sky.a(autostart.o)
                                0x142 (size before relaxing)
 .debug_str     0x000017c8       0x8e contiki-sky.a(compower.o)
                                0x5fa (size before relaxing)
 .debug_str     0x00001856       0xb1 contiki-sky.a(serial-line.o)
                                0x328 (size before relaxing)
 .debug_str     0x00001907       0x43 contiki-sky.a(memb.o)
                                0x107 (size before relaxing)
 .debug_str     0x0000194a       0x24 contiki-sky.a(timer.o)
                                0x12c (size before relaxing)
 .debug_str     0x0000196e       0xa5 contiki-sky.a(list.o)
                                 0xf5 (size before relaxing)
 .debug_str     0x00001a13      0x130 contiki-sky.a(etimer.o)
                                0x297 (size before relaxing)
 .debug_str     0x00001b43       0xb6 contiki-sky.a(ctimer.o)
                                0x352 (size before relaxing)
 .debug_str     0x00001bf9       0x98 contiki-sky.a(energest.o)
                                0x2d5 (size before relaxing)
 .debug_str     0x00001c91       0x51 contiki-sky.a(rtimer.o)
                                0x2ab (size before relaxing)
 .debug_str     0x00001ce2       0x32 contiki-sky.a(random.o)
                                 0xe6 (size before relaxing)
 .debug_str     0x00001d14       0x59 contiki-sky.a(ringbuf.o)
                                0x13f (size before relaxing)
 .debug_str     0x00001d6d      0x1dc contiki-sky.a(packetbuf.o)
                                0x72f (size before relaxing)
 .debug_str     0x00001f49      0x187 contiki-sky.a(queuebuf.o)
                                0x6fd (size before relaxing)
 .debug_str     0x000020d0       0x6c contiki-sky.a(contiki-sky-pla)
                                0x2be (size before relaxing)
 .debug_str     0x0000213c      0x103 contiki-sky.a(button-sensor.o)
                                0x3c3 (size before relaxing)
 .debug_str     0x0000223f       0x56 contiki-sky.a(ds2411.o)
                                0x26b (size before relaxing)